../../Drivers/STM32N6xx_HAL_Driver/Inc/stm32n6xx_ll_bus.h:1407:22:LL_AHB4_GRP1_EnableClock	24	static
../../Drivers/STM32N6xx_HAL_Driver/Inc/stm32n6xx_ll_rcc.h:1644:22:LL_RCC_HSE_EnableCSS	4	static
../../Drivers/STM32N6xx_HAL_Driver/Inc/stm32n6xx_ll_rcc.h:1801:26:LL_RCC_HSE_IsReady	4	static
../../Drivers/STM32N6xx_HAL_Driver/Inc/stm32n6xx_ll_rcc.h:1819:22:LL_RCC_HSI_Enable	4	static
../../Drivers/STM32N6xx_HAL_Driver/Inc/stm32n6xx_ll_rcc.h:1829:22:LL_RCC_HSI_Disable	4	static
../../Drivers/STM32N6xx_HAL_Driver/Inc/stm32n6xx_ll_rcc.h:1839:26:LL_RCC_HSI_IsReady	4	static
../../Drivers/STM32N6xx_HAL_Driver/Inc/stm32n6xx_ll_rcc.h:1854:22:LL_RCC_HSI_SetDivider	16	static
../../Drivers/STM32N6xx_HAL_Driver/Inc/stm32n6xx_ll_rcc.h:1868:26:LL_RCC_HSI_GetDivider	4	static
../../Drivers/STM32N6xx_HAL_Driver/Inc/stm32n6xx_ll_rcc.h:1894:22:LL_RCC_HSI_SetCalibTrimming	16	static
../../Drivers/STM32N6xx_HAL_Driver/Inc/stm32n6xx_ll_rcc.h:1953:22:LL_RCC_MSI_Enable	4	static
../../Drivers/STM32N6xx_HAL_Driver/Inc/stm32n6xx_ll_rcc.h:1963:22:LL_RCC_MSI_Disable	4	static
../../Drivers/STM32N6xx_HAL_Driver/Inc/stm32n6xx_ll_rcc.h:1973:26:LL_RCC_MSI_IsReady	4	static
../../Drivers/STM32N6xx_HAL_Driver/Inc/stm32n6xx_ll_rcc.h:1986:22:LL_RCC_MSI_SetFrequency	16	static
../../Drivers/STM32N6xx_HAL_Driver/Inc/stm32n6xx_ll_rcc.h:2025:22:LL_RCC_MSI_SetCalibTrimming	16	static
../../Drivers/STM32N6xx_HAL_Driver/Inc/stm32n6xx_ll_rcc.h:2224:26:LL_RCC_LSE_IsReady	4	static
../../Drivers/STM32N6xx_HAL_Driver/Inc/stm32n6xx_ll_rcc.h:2274:22:LL_RCC_LSI_Enable	4	static
../../Drivers/STM32N6xx_HAL_Driver/Inc/stm32n6xx_ll_rcc.h:2284:22:LL_RCC_LSI_Disable	4	static
../../Drivers/STM32N6xx_HAL_Driver/Inc/stm32n6xx_ll_rcc.h:2294:26:LL_RCC_LSI_IsReady	4	static
../../Drivers/STM32N6xx_HAL_Driver/Inc/stm32n6xx_ll_rcc.h:2331:26:LL_RCC_GetCpuClkSource	4	static
../../Drivers/STM32N6xx_HAL_Driver/Inc/stm32n6xx_ll_rcc.h:2360:26:LL_RCC_GetSysClkSource	4	static
../../Drivers/STM32N6xx_HAL_Driver/Inc/stm32n6xx_ll_rcc.h:2422:26:LL_RCC_GetAHBPrescaler	4	static
../../Drivers/STM32N6xx_HAL_Driver/Inc/stm32n6xx_ll_rcc.h:2459:26:LL_RCC_GetAPB1Prescaler	4	static
../../Drivers/STM32N6xx_HAL_Driver/Inc/stm32n6xx_ll_rcc.h:2496:26:LL_RCC_GetAPB2Prescaler	4	static
../../Drivers/STM32N6xx_HAL_Driver/Inc/stm32n6xx_ll_rcc.h:2533:26:LL_RCC_GetAPB4Prescaler	4	static
../../Drivers/STM32N6xx_HAL_Driver/Inc/stm32n6xx_ll_rcc.h:2570:26:LL_RCC_GetAPB5Prescaler	4	static
../../Drivers/STM32N6xx_HAL_Driver/Inc/stm32n6xx_ll_rcc.h:2594:22:LL_RCC_EnableMCO	16	static
../../Drivers/STM32N6xx_HAL_Driver/Inc/stm32n6xx_ll_rcc.h:2673:22:LL_RCC_ConfigMCO	16	static
../../Drivers/STM32N6xx_HAL_Driver/Inc/stm32n6xx_ll_rcc.h:4990:26:LL_RCC_PLL1_GetSource	4	static
../../Drivers/STM32N6xx_HAL_Driver/Inc/stm32n6xx_ll_rcc.h:5021:26:LL_RCC_PLL1_IsReady	4	static
../../Drivers/STM32N6xx_HAL_Driver/Inc/stm32n6xx_ll_rcc.h:5053:26:LL_RCC_PLL1_IsEnabledBypass	4	static
../../Drivers/STM32N6xx_HAL_Driver/Inc/stm32n6xx_ll_rcc.h:5340:26:LL_RCC_PLL2_GetSource	4	static
../../Drivers/STM32N6xx_HAL_Driver/Inc/stm32n6xx_ll_rcc.h:5371:26:LL_RCC_PLL2_IsReady	4	static
../../Drivers/STM32N6xx_HAL_Driver/Inc/stm32n6xx_ll_rcc.h:5403:26:LL_RCC_PLL2_IsEnabledBypass	4	static
../../Drivers/STM32N6xx_HAL_Driver/Inc/stm32n6xx_ll_rcc.h:5690:26:LL_RCC_PLL3_GetSource	4	static
../../Drivers/STM32N6xx_HAL_Driver/Inc/stm32n6xx_ll_rcc.h:5721:26:LL_RCC_PLL3_IsReady	4	static
../../Drivers/STM32N6xx_HAL_Driver/Inc/stm32n6xx_ll_rcc.h:5753:26:LL_RCC_PLL3_IsEnabledBypass	4	static
../../Drivers/STM32N6xx_HAL_Driver/Inc/stm32n6xx_ll_rcc.h:6040:26:LL_RCC_PLL4_GetSource	4	static
../../Drivers/STM32N6xx_HAL_Driver/Inc/stm32n6xx_ll_rcc.h:6071:26:LL_RCC_PLL4_IsReady	4	static
../../Drivers/STM32N6xx_HAL_Driver/Inc/stm32n6xx_ll_rcc.h:6103:26:LL_RCC_PLL4_IsEnabledBypass	4	static
../../Drivers/STM32N6xx_HAL_Driver/Inc/stm32n6xx_ll_rcc.h:6370:22:LL_RCC_IC1_Enable	4	static
../../Drivers/STM32N6xx_HAL_Driver/Inc/stm32n6xx_ll_rcc.h:6419:26:LL_RCC_IC1_GetSource	4	static
../../Drivers/STM32N6xx_HAL_Driver/Inc/stm32n6xx_ll_rcc.h:6440:26:LL_RCC_IC1_GetDivider	4	static
../../Drivers/STM32N6xx_HAL_Driver/Inc/stm32n6xx_ll_rcc.h:6499:26:LL_RCC_IC2_GetSource	4	static
../../Drivers/STM32N6xx_HAL_Driver/Inc/stm32n6xx_ll_rcc.h:6520:26:LL_RCC_IC2_GetDivider	4	static
../../Drivers/STM32N6xx_HAL_Driver/Inc/stm32n6xx_ll_rcc.h:6690:22:LL_RCC_IC5_Enable	4	static
../../Drivers/STM32N6xx_HAL_Driver/Inc/stm32n6xx_ll_rcc.h:6819:26:LL_RCC_IC6_GetSource	4	static
../../Drivers/STM32N6xx_HAL_Driver/Inc/stm32n6xx_ll_rcc.h:6840:26:LL_RCC_IC6_GetDivider	4	static
../../Drivers/STM32N6xx_HAL_Driver/Inc/stm32n6xx_ll_rcc.h:7090:22:LL_RCC_IC10_Enable	4	static
../../Drivers/STM32N6xx_HAL_Driver/Inc/stm32n6xx_ll_rcc.h:7219:26:LL_RCC_IC11_GetSource	4	static
../../Drivers/STM32N6xx_HAL_Driver/Inc/stm32n6xx_ll_rcc.h:7240:26:LL_RCC_IC11_GetDivider	4	static
../../Drivers/STM32N6xx_HAL_Driver/Inc/stm32n6xx_ll_rcc.h:7490:22:LL_RCC_IC15_Enable	4	static
../../Drivers/STM32N6xx_HAL_Driver/Inc/stm32n6xx_ll_rcc.h:7890:22:LL_RCC_IC20_Enable	4	static
../../Drivers/STM32N6xx_HAL_Driver/Inc/stm32n6xx_ll_rcc.h:8109:22:LL_RCC_ClearFlag_HSECSS	4	static
../../Drivers/STM32N6xx_HAL_Driver/Inc/stm32n6xx_ll_rcc.h:8229:26:LL_RCC_IsActiveFlag_HSECSS	4	static
C:/Users/gdnoriega/Documents/ACAS_Xu_WorkSpace/AvoidanceCollisionSystem/Drivers/STM32N6xx_HAL_Driver/Src/stm32n6xx_hal_rcc.c:227:19:HAL_RCC_DeInit	16	static
C:/Users/gdnoriega/Documents/ACAS_Xu_WorkSpace/AvoidanceCollisionSystem/Drivers/STM32N6xx_HAL_Driver/Src/stm32n6xx_hal_rcc.c:356:19:HAL_RCC_OscConfig	144	static
C:/Users/gdnoriega/Documents/ACAS_Xu_WorkSpace/AvoidanceCollisionSystem/Drivers/STM32N6xx_HAL_Driver/Src/stm32n6xx_hal_rcc.c:907:19:HAL_RCC_ClockConfig	24	static
C:/Users/gdnoriega/Documents/ACAS_Xu_WorkSpace/AvoidanceCollisionSystem/Drivers/STM32N6xx_HAL_Driver/Src/stm32n6xx_hal_rcc.c:1240:6:HAL_RCC_MCOConfig	48	static
C:/Users/gdnoriega/Documents/ACAS_Xu_WorkSpace/AvoidanceCollisionSystem/Drivers/STM32N6xx_HAL_Driver/Src/stm32n6xx_hal_rcc.c:1333:6:HAL_RCC_EnableCSS	8	static
C:/Users/gdnoriega/Documents/ACAS_Xu_WorkSpace/AvoidanceCollisionSystem/Drivers/STM32N6xx_HAL_Driver/Src/stm32n6xx_hal_rcc.c:1372:10:HAL_RCC_GetCpuClockFreq	16	static
C:/Users/gdnoriega/Documents/ACAS_Xu_WorkSpace/AvoidanceCollisionSystem/Drivers/STM32N6xx_HAL_Driver/Src/stm32n6xx_hal_rcc.c:1461:10:HAL_RCC_GetSysClockFreq	16	static
C:/Users/gdnoriega/Documents/ACAS_Xu_WorkSpace/AvoidanceCollisionSystem/Drivers/STM32N6xx_HAL_Driver/Src/stm32n6xx_hal_rcc.c:1498:10:HAL_RCC_GetNPUClockFreq	16	static
C:/Users/gdnoriega/Documents/ACAS_Xu_WorkSpace/AvoidanceCollisionSystem/Drivers/STM32N6xx_HAL_Driver/Src/stm32n6xx_hal_rcc.c:1536:10:HAL_RCC_GetNPURAMSClockFreq	16	static
C:/Users/gdnoriega/Documents/ACAS_Xu_WorkSpace/AvoidanceCollisionSystem/Drivers/STM32N6xx_HAL_Driver/Src/stm32n6xx_hal_rcc.c:1545:10:HAL_RCC_GetHCLKFreq	16	static
C:/Users/gdnoriega/Documents/ACAS_Xu_WorkSpace/AvoidanceCollisionSystem/Drivers/STM32N6xx_HAL_Driver/Src/stm32n6xx_hal_rcc.c:1556:10:HAL_RCC_GetPCLK1Freq	16	static
C:/Users/gdnoriega/Documents/ACAS_Xu_WorkSpace/AvoidanceCollisionSystem/Drivers/STM32N6xx_HAL_Driver/Src/stm32n6xx_hal_rcc.c:1568:10:HAL_RCC_GetPCLK2Freq	16	static
C:/Users/gdnoriega/Documents/ACAS_Xu_WorkSpace/AvoidanceCollisionSystem/Drivers/STM32N6xx_HAL_Driver/Src/stm32n6xx_hal_rcc.c:1580:10:HAL_RCC_GetPCLK4Freq	16	static
C:/Users/gdnoriega/Documents/ACAS_Xu_WorkSpace/AvoidanceCollisionSystem/Drivers/STM32N6xx_HAL_Driver/Src/stm32n6xx_hal_rcc.c:1592:10:HAL_RCC_GetPCLK5Freq	16	static
C:/Users/gdnoriega/Documents/ACAS_Xu_WorkSpace/AvoidanceCollisionSystem/Drivers/STM32N6xx_HAL_Driver/Src/stm32n6xx_hal_rcc.c:1605:6:HAL_RCC_GetOscConfig	24	static
C:/Users/gdnoriega/Documents/ACAS_Xu_WorkSpace/AvoidanceCollisionSystem/Drivers/STM32N6xx_HAL_Driver/Src/stm32n6xx_hal_rcc.c:1815:6:HAL_RCC_GetClockConfig	24	static
C:/Users/gdnoriega/Documents/ACAS_Xu_WorkSpace/AvoidanceCollisionSystem/Drivers/STM32N6xx_HAL_Driver/Src/stm32n6xx_hal_rcc.c:1878:6:HAL_RCC_NMI_IRQHandler	8	static
C:/Users/gdnoriega/Documents/ACAS_Xu_WorkSpace/AvoidanceCollisionSystem/Drivers/STM32N6xx_HAL_Driver/Src/stm32n6xx_hal_rcc.c:1895:13:HAL_RCC_CSSCallback	4	static
C:/Users/gdnoriega/Documents/ACAS_Xu_WorkSpace/AvoidanceCollisionSystem/Drivers/STM32N6xx_HAL_Driver/Src/stm32n6xx_hal_rcc.c:1939:6:HAL_RCC_ConfigAttributes	16	static
C:/Users/gdnoriega/Documents/ACAS_Xu_WorkSpace/AvoidanceCollisionSystem/Drivers/STM32N6xx_HAL_Driver/Src/stm32n6xx_hal_rcc.c:1992:19:HAL_RCC_GetConfigAttributes	32	static
C:/Users/gdnoriega/Documents/ACAS_Xu_WorkSpace/AvoidanceCollisionSystem/Drivers/STM32N6xx_HAL_Driver/Src/stm32n6xx_hal_rcc.c:2059:17:RCC_GetSysClockFreq	24	static
C:/Users/gdnoriega/Documents/ACAS_Xu_WorkSpace/AvoidanceCollisionSystem/Drivers/STM32N6xx_HAL_Driver/Src/stm32n6xx_hal_rcc.c:2121:26:RCC_PLL_Config	40	static
C:/Users/gdnoriega/Documents/ACAS_Xu_WorkSpace/AvoidanceCollisionSystem/Drivers/STM32N6xx_HAL_Driver/Src/stm32n6xx_hal_rcc.c:2272:26:RCC_PLL_Enable	24	static
C:/Users/gdnoriega/Documents/ACAS_Xu_WorkSpace/AvoidanceCollisionSystem/Drivers/STM32N6xx_HAL_Driver/Src/stm32n6xx_hal_rcc.c:2302:17:RCC_PLL_IsNewConfig	40	static
C:/Users/gdnoriega/Documents/ACAS_Xu_WorkSpace/AvoidanceCollisionSystem/Drivers/STM32N6xx_HAL_Driver/Src/stm32n6xx_hal_rcc.c:2369:17:RCC_PLL_Source_IsReady	24	static
C:/Users/gdnoriega/Documents/ACAS_Xu_WorkSpace/AvoidanceCollisionSystem/Drivers/STM32N6xx_HAL_Driver/Src/stm32n6xx_hal_rcc.c:2409:17:RCC_IC_CheckPLLSources	24	static
C:/Users/gdnoriega/Documents/ACAS_Xu_WorkSpace/AvoidanceCollisionSystem/Drivers/STM32N6xx_HAL_Driver/Src/stm32n6xx_hal_rcc.c:2517:13:RCC_ATTR_ConfigItemGroup	32	static
