../../Drivers/STM32N6xx_HAL_Driver/Inc/stm32n6xx_ll_bus.h:879:22:LL_AHB1_GRP1_EnableClock	1
../../Drivers/STM32N6xx_HAL_Driver/Inc/stm32n6xx_ll_bus.h:1165:22:LL_AHB3_GRP1_EnableClock	1
../../Drivers/STM32N6xx_HAL_Driver/Inc/stm32n6xx_ll_bus.h:1407:22:LL_AHB4_GRP1_EnableClock	1
../Core/Src/main.c:134:5:main	9
../Core/Src/main.c:265:13:MX_GPDMA1_Init	1
../Core/Src/main.c:295:15:SystemIsolation_Config	3
../Core/Src/main.c:355:13:MX_USART1_UART_Init	5
../Core/Src/main.c:403:13:MX_USART2_UART_Init	5
../Core/Src/main.c:451:13:MX_GPIO_Init	1
../Core/Src/main.c:486:6:HAL_UART_RxCpltCallback	2
../Core/Src/main.c:494:6:HAL_UART_RxHalfCpltCallback	2
../Core/Src/main.c:503:6:HAL_GPIO_EXTI_Rising_Callback	3
../Core/Src/main.c:516:6:Ask4Intruder	7
../Core/Src/main.c:595:13:Position_FindOrCreate	6
../Core/Src/main.c:615:13:PackBits	3
../Core/Src/main.c:632:6:ADSB_PackCustomFrame	1
../Core/Src/main.c:665:6:Error_Handler	1
