../../Drivers/STM32N6xx_HAL_Driver/Inc/stm32n6xx_ll_bus.h:879:22:LL_AHB1_GRP1_EnableClock	1
../../Drivers/STM32N6xx_HAL_Driver/Inc/stm32n6xx_ll_bus.h:1165:22:LL_AHB3_GRP1_EnableClock	1
../../Drivers/STM32N6xx_HAL_Driver/Inc/stm32n6xx_ll_bus.h:1407:22:LL_AHB4_GRP1_EnableClock	1
../Core/Src/main.c:86:5:main	7
../Core/Src/main.c:178:13:MX_GPDMA1_Init	1
../Core/Src/main.c:208:15:SystemIsolation_Config	3
../Core/Src/main.c:269:13:MX_USART1_UART_Init	5
../Core/Src/main.c:317:13:MX_USART2_UART_Init	5
../Core/Src/main.c:365:13:MX_GPIO_Init	1
../Core/Src/main.c:382:6:HAL_UART_RxCpltCallback	2
../Core/Src/main.c:390:6:HAL_UART_RxHalfCpltCallback	2
../Core/Src/main.c:405:6:Error_Handler	1
