../Core/Src/stm32n6xx_it.c:75:6:NMI_Handler	4	static
../Core/Src/stm32n6xx_it.c:90:6:HardFault_Handler	4	static
../Core/Src/stm32n6xx_it.c:105:6:MemManage_Handler	4	static
../Core/Src/stm32n6xx_it.c:120:6:BusFault_Handler	4	static
../Core/Src/stm32n6xx_it.c:135:6:UsageFault_Handler	4	static
../Core/Src/stm32n6xx_it.c:150:6:SecureFault_Handler	4	static
../Core/Src/stm32n6xx_it.c:165:6:SVC_Handler	4	static
../Core/Src/stm32n6xx_it.c:178:6:DebugMon_Handler	4	static
../Core/Src/stm32n6xx_it.c:191:6:PendSV_Handler	4	static
../Core/Src/stm32n6xx_it.c:204:6:SysTick_Handler	8	static
../Core/Src/stm32n6xx_it.c:225:6:GPDMA1_Channel0_IRQHandler	8	static
../Core/Src/stm32n6xx_it.c:239:6:GPDMA1_Channel1_IRQHandler	8	static
../Core/Src/stm32n6xx_it.c:253:6:USART2_IRQHandler	8	static
