Archive member included to satisfy reference by file (symbol)

C:/ST/STM32CubeIDE_1.19.0/STM32CubeIDE/plugins/com.st.stm32cube.ide.mcu.externaltools.gnu-tools-for-stm32.14.3.rel1.win32_1.0.100.202602081740/tools/bin/../lib/gcc/arm-none-eabi/14.3.1/../../../../arm-none-eabi/lib/thumb/v8-m.main+dp/hard\libc_nano.a(libc_a-exit.o)
                              C:/ST/STM32CubeIDE_1.19.0/STM32CubeIDE/plugins/com.st.stm32cube.ide.mcu.externaltools.gnu-tools-for-stm32.14.3.rel1.win32_1.0.100.202602081740/tools/bin/../lib/gcc/arm-none-eabi/14.3.1/../../../../arm-none-eabi/lib/thumb/v8-m.main+dp/hard/crt0.o (exit)
C:/ST/STM32CubeIDE_1.19.0/STM32CubeIDE/plugins/com.st.stm32cube.ide.mcu.externaltools.gnu-tools-for-stm32.14.3.rel1.win32_1.0.100.202602081740/tools/bin/../lib/gcc/arm-none-eabi/14.3.1/../../../../arm-none-eabi/lib/thumb/v8-m.main+dp/hard\libc_nano.a(libc_a-findfp.o)
                              C:/ST/STM32CubeIDE_1.19.0/STM32CubeIDE/plugins/com.st.stm32cube.ide.mcu.externaltools.gnu-tools-for-stm32.14.3.rel1.win32_1.0.100.202602081740/tools/bin/../lib/gcc/arm-none-eabi/14.3.1/../../../../arm-none-eabi/lib/thumb/v8-m.main+dp/hard\libc_nano.a(libc_a-exit.o) (__stdio_exit_handler)
C:/ST/STM32CubeIDE_1.19.0/STM32CubeIDE/plugins/com.st.stm32cube.ide.mcu.externaltools.gnu-tools-for-stm32.14.3.rel1.win32_1.0.100.202602081740/tools/bin/../lib/gcc/arm-none-eabi/14.3.1/../../../../arm-none-eabi/lib/thumb/v8-m.main+dp/hard\libc_nano.a(libc_a-fwalk.o)
                              C:/ST/STM32CubeIDE_1.19.0/STM32CubeIDE/plugins/com.st.stm32cube.ide.mcu.externaltools.gnu-tools-for-stm32.14.3.rel1.win32_1.0.100.202602081740/tools/bin/../lib/gcc/arm-none-eabi/14.3.1/../../../../arm-none-eabi/lib/thumb/v8-m.main+dp/hard\libc_nano.a(libc_a-findfp.o) (_fwalk_sglue)
C:/ST/STM32CubeIDE_1.19.0/STM32CubeIDE/plugins/com.st.stm32cube.ide.mcu.externaltools.gnu-tools-for-stm32.14.3.rel1.win32_1.0.100.202602081740/tools/bin/../lib/gcc/arm-none-eabi/14.3.1/../../../../arm-none-eabi/lib/thumb/v8-m.main+dp/hard\libc_nano.a(libc_a-stdio.o)
                              C:/ST/STM32CubeIDE_1.19.0/STM32CubeIDE/plugins/com.st.stm32cube.ide.mcu.externaltools.gnu-tools-for-stm32.14.3.rel1.win32_1.0.100.202602081740/tools/bin/../lib/gcc/arm-none-eabi/14.3.1/../../../../arm-none-eabi/lib/thumb/v8-m.main+dp/hard\libc_nano.a(libc_a-findfp.o) (__sread)
C:/ST/STM32CubeIDE_1.19.0/STM32CubeIDE/plugins/com.st.stm32cube.ide.mcu.externaltools.gnu-tools-for-stm32.14.3.rel1.win32_1.0.100.202602081740/tools/bin/../lib/gcc/arm-none-eabi/14.3.1/../../../../arm-none-eabi/lib/thumb/v8-m.main+dp/hard\libc_nano.a(libc_a-memset.o)
                              C:/ST/STM32CubeIDE_1.19.0/STM32CubeIDE/plugins/com.st.stm32cube.ide.mcu.externaltools.gnu-tools-for-stm32.14.3.rel1.win32_1.0.100.202602081740/tools/bin/../lib/gcc/arm-none-eabi/14.3.1/../../../../arm-none-eabi/lib/thumb/v8-m.main+dp/hard/crt0.o (memset)
C:/ST/STM32CubeIDE_1.19.0/STM32CubeIDE/plugins/com.st.stm32cube.ide.mcu.externaltools.gnu-tools-for-stm32.14.3.rel1.win32_1.0.100.202602081740/tools/bin/../lib/gcc/arm-none-eabi/14.3.1/../../../../arm-none-eabi/lib/thumb/v8-m.main+dp/hard\libc_nano.a(libc_a-closer.o)
                              C:/ST/STM32CubeIDE_1.19.0/STM32CubeIDE/plugins/com.st.stm32cube.ide.mcu.externaltools.gnu-tools-for-stm32.14.3.rel1.win32_1.0.100.202602081740/tools/bin/../lib/gcc/arm-none-eabi/14.3.1/../../../../arm-none-eabi/lib/thumb/v8-m.main+dp/hard\libc_nano.a(libc_a-stdio.o) (_close_r)
C:/ST/STM32CubeIDE_1.19.0/STM32CubeIDE/plugins/com.st.stm32cube.ide.mcu.externaltools.gnu-tools-for-stm32.14.3.rel1.win32_1.0.100.202602081740/tools/bin/../lib/gcc/arm-none-eabi/14.3.1/../../../../arm-none-eabi/lib/thumb/v8-m.main+dp/hard\libc_nano.a(libc_a-reent.o)
                              C:/ST/STM32CubeIDE_1.19.0/STM32CubeIDE/plugins/com.st.stm32cube.ide.mcu.externaltools.gnu-tools-for-stm32.14.3.rel1.win32_1.0.100.202602081740/tools/bin/../lib/gcc/arm-none-eabi/14.3.1/../../../../arm-none-eabi/lib/thumb/v8-m.main+dp/hard\libc_nano.a(libc_a-closer.o) (errno)
C:/ST/STM32CubeIDE_1.19.0/STM32CubeIDE/plugins/com.st.stm32cube.ide.mcu.externaltools.gnu-tools-for-stm32.14.3.rel1.win32_1.0.100.202602081740/tools/bin/../lib/gcc/arm-none-eabi/14.3.1/../../../../arm-none-eabi/lib/thumb/v8-m.main+dp/hard\libc_nano.a(libc_a-impure.o)
                              C:/ST/STM32CubeIDE_1.19.0/STM32CubeIDE/plugins/com.st.stm32cube.ide.mcu.externaltools.gnu-tools-for-stm32.14.3.rel1.win32_1.0.100.202602081740/tools/bin/../lib/gcc/arm-none-eabi/14.3.1/../../../../arm-none-eabi/lib/thumb/v8-m.main+dp/hard\libc_nano.a(libc_a-reent.o) (_impure_ptr)
C:/ST/STM32CubeIDE_1.19.0/STM32CubeIDE/plugins/com.st.stm32cube.ide.mcu.externaltools.gnu-tools-for-stm32.14.3.rel1.win32_1.0.100.202602081740/tools/bin/../lib/gcc/arm-none-eabi/14.3.1/../../../../arm-none-eabi/lib/thumb/v8-m.main+dp/hard\libc_nano.a(libc_a-lseekr.o)
[...]
Memory Configuration

Name             Origin             Length             Attributes
ROM              0x34000400         0x0007fc00         xrw
RAM              0x34080000         0x00180000         xrw
*default*        0x00000000         0xffffffff

Linker script and memory map

LOAD C:/ST/STM32CubeIDE_1.19.0/STM32CubeIDE/plugins/com.st.stm32cube.ide.mcu.externaltools.gnu-tools-for-stm32.14.3.rel1.win32_1.0.100.202602081740/tools/bin/../lib/gcc/arm-none-eabi/14.3.1/thumb/v8-m.main+dp/hard/crti.o
LOAD C:/ST/STM32CubeIDE_1.19.0/STM32CubeIDE/plugins/com.st.stm32cube.ide.mcu.externaltools.gnu-tools-for-stm32.14.3.rel1.win32_1.0.100.202602081740/tools/bin/../lib/gcc/arm-none-eabi/14.3.1/thumb/v8-m.main+dp/hard/crtbegin.o
LOAD C:/ST/STM32CubeIDE_1.19.0/STM32CubeIDE/plugins/com.st.stm32cube.ide.mcu.externaltools.gnu-tools-for-stm32.14.3.rel1.win32_1.0.100.202602081740/tools/bin/../lib/gcc/arm-none-eabi/14.3.1/../../../../arm-none-eabi/lib/thumb/v8-m.main+dp/hard/crt0.o
LOAD ./Core/Src/main.o
LOAD ./Core/Src/secure_nsc.o
LOAD ./Core/Src/stm32n6xx_hal_msp.o
LOAD ./Core/Src/stm32n6xx_it.o
LOAD ./Core/Src/syscalls.o
LOAD ./Core/Src/sysmem.o
LOAD ./Core/Src/system_stm32n6xx_s.o
LOAD ./Core/Startup/startup_stm32n657x0hxq.o
LOAD ./Drivers/STM32N6xx_HAL_Driver/stm32n6xx_hal.o
LOAD ./Drivers/STM32N6xx_HAL_Driver/stm32n6xx_hal_cortex.o
LOAD ./Drivers/STM32N6xx_HAL_Driver/stm32n6xx_hal_dma.o
LOAD ./Drivers/STM32N6xx_HAL_Driver/stm32n6xx_hal_dma_ex.o
LOAD ./Drivers/STM32N6xx_HAL_Driver/stm32n6xx_hal_exti.o
LOAD ./Drivers/STM32N6xx_HAL_Driver/stm32n6xx_hal_gpio.o
LOAD ./Drivers/STM32N6xx_HAL_Driver/stm32n6xx_hal_pwr.o
LOAD ./Drivers/STM32N6xx_HAL_Driver/stm32n6xx_hal_pwr_ex.o
LOAD ./Drivers/STM32N6xx_HAL_Driver/stm32n6xx_hal_rcc.o
LOAD ./Drivers/STM32N6xx_HAL_Driver/stm32n6xx_hal_rcc_ex.o
LOAD ./Drivers/STM32N6xx_HAL_Driver/stm32n6xx_hal_rif.o
LOAD ./Drivers/STM32N6xx_HAL_Driver/stm32n6xx_hal_uart.o
LOAD ./Drivers/STM32N6xx_HAL_Driver/stm32n6xx_hal_uart_ex.o
LOAD ./Drivers/adsb_driver/adsb_driver.o
START GROUP
LOAD C:/ST/STM32CubeIDE_1.19.0/STM32CubeIDE/plugins/com.st.stm32cube.ide.mcu.externaltools.gnu-tools-for-stm32.14.3.rel1.win32_1.0.100.202602081740/tools/bin/../lib/gcc/arm-none-eabi/14.3.1/../../../../arm-none-eabi/lib/thumb/v8-m.main+dp/hard\libc_nano.a
LOAD C:/ST/STM32CubeIDE_1.19.0/STM32CubeIDE/plugins/com.st.stm32cube.ide.mcu.externaltools.gnu-tools-for-stm32.14.3.rel1.win32_1.0.100.202602081740/tools/bin/../lib/gcc/arm-none-eabi/14.3.1/../../../../arm-none-eabi/lib/thumb/v8-m.main+dp/hard\libm.a
END GROUP
START GROUP
LOAD C:/ST/STM32CubeIDE_1.19.0/STM32CubeIDE/plugins/com.st.stm32cube.ide.mcu.externaltools.gnu-tools-for-stm32.14.3.rel1.win32_1.0.100.202602081740/tools/bin/../lib/gcc/arm-none-eabi/14.3.1/thumb/v8-m.main+dp/hard\libgcc.a
LOAD C:/ST/STM32CubeIDE_1.19.0/STM32CubeIDE/plugins/com.st.stm32cube.ide.mcu.externaltools.gnu-tools-for-stm32.14.3.rel1.win32_1.0.100.202602081740/tools/bin/../lib/gcc/arm-none-eabi/14.3.1/../../../../arm-none-eabi/lib/thumb/v8-m.main+dp/hard\libc_nano.a
END GROUP
START GROUP
LOAD C:/ST/STM32CubeIDE_1.19.0/STM32CubeIDE/plugins/com.st.stm32cube.ide.mcu.externaltools.gnu-tools-for-stm32.14.3.rel1.win32_1.0.100.202602081740/tools/bin/../lib/gcc/arm-none-eabi/14.3.1/thumb/v8-m.main+dp/hard\libgcc.a
LOAD C:/ST/STM32CubeIDE_1.19.0/STM32CubeIDE/plugins/com.st.stm32cube.ide.mcu.externaltools.gnu-tools-for-stm32.14.3.rel1.win32_1.0.100.202602081740/tools/bin/../lib/gcc/arm-none-eabi/14.3.1/../../../../arm-none-eabi/lib/thumb/v8-m.main+dp/hard\libc_nano.a
LOAD C:/ST/STM32CubeIDE_1.19.0/STM32CubeIDE/plugins/com.st.stm32cube.ide.mcu.externaltools.gnu-tools-for-stm32.14.3.rel1.win32_1.0.100.202602081740/tools/bin/../lib/gcc/arm-none-eabi/14.3.1/../../../../arm-none-eabi/lib/thumb/v8-m.main+dp/hard\libnosys.a
END GROUP
START GROUP
LOAD C:/ST/STM32CubeIDE_1.19.0/STM32CubeIDE/plugins/com.st.stm32cube.ide.mcu.externaltools.gnu-tools-for-stm32.14.3.rel1.win32_1.0.100.202602081740/tools/bin/../lib/gcc/arm-none-eabi/14.3.1/thumb/v8-m.main+dp/hard\libgcc.a
LOAD C:/ST/STM32CubeIDE_1.19.0/STM32CubeIDE/plugins/com.st.stm32cube.ide.mcu.externaltools.gnu-tools-for-stm32.14.3.rel1.win32_1.0.100.202602081740/tools/bin/../lib/gcc/arm-none-eabi/14.3.1/../../../../arm-none-eabi/lib/thumb/v8-m.main+dp/hard\libc_nano.a
LOAD C:/ST/STM32CubeIDE_1.19.0/STM32CubeIDE/plugins/com.st.stm32cube.ide.mcu.externaltools.gnu-tools-for-stm32.14.3.rel1.win32_1.0.100.202602081740/tools/bin/../lib/gcc/arm-none-eabi/14.3.1/../../../../arm-none-eabi/lib/thumb/v8-m.main+dp/hard\libnosys.a
END GROUP
LOAD C:/ST/STM32CubeIDE_1.19.0/STM32CubeIDE/plugins/com.st.stm32cube.ide.mcu.externaltools.gnu-tools-for-stm32.14.3.rel1.win32_1.0.100.202602081740/tools/bin/../lib/gcc/arm-none-eabi/14.3.1/thumb/v8-m.main+dp/hard/crtend.o
LOAD C:/ST/STM32CubeIDE_1.19.0/STM32CubeIDE/plugins/com.st.stm32cube.ide.mcu.externaltools.gnu-tools-for-stm32.14.3.rel1.win32_1.0.100.202602081740/tools/bin/../lib/gcc/arm-none-eabi/14.3.1/thumb/v8-m.main+dp/hard/crtn.o
                0x34200000                        _estack = (ORIGIN (RAM) + LENGTH (RAM))
                0x341ff800                        _sstack = (_estack - _Min_Stack_Size)
                0x00000200                        _Min_Heap_Size = 0x200
                0x00000800                        _Min_Stack_Size = 0x800

.isr_vector     0x34000400      0x34c
                0x34000400                        . = ALIGN (0x4)
 *(.isr_vector)
 .isr_vector    0x34000400      0x34c ./Core/Startup/startup_stm32n657x0hxq.o
                0x34000400                g_pfnVectors
                0x3400074c                        . = ALIGN (0x4)

.text           0x34000750     0xdbe4
                0x34000750                        . = ALIGN (0x4)
 *(.text)
 .text          0x34000750       0x40 C:/ST/STM32CubeIDE_1.19.0/STM32CubeIDE/plugins/com.st.stm32cube.ide.mcu.externaltools.gnu-tools-for-stm32.14.3.rel1.win32_1.0.100.202602081740/tools/bin/../lib/gcc/arm-none-eabi/14.3.1/thumb/v8-m.main+dp/hard/crtbegin.o
 .text          0x34000790       0x30 C:/ST/STM32CubeIDE_1.19.0/STM32CubeIDE/plugins/com.st.stm32cube.ide.mcu.externaltools.gnu-tools-for-stm32.14.3.rel1.win32_1.0.100.202602081740/tools/bin/../lib/gcc/arm-none-eabi/14.3.1/thumb/v8-m.main+dp/hard\libgcc.a(_aeabi_uldivmod.o)
                0x34000790                __aeabi_uldivmod
 .text          0x340007c0      0x34c C:/ST/STM32CubeIDE_1.19.0/STM32CubeIDE/plugins/com.st.stm32cube.ide.mcu.externaltools.gnu-tools-for-stm32.14.3.rel1.win32_1.0.100.202602081740/tools/bin/../lib/gcc/arm-none-eabi/14.3.1/thumb/v8-m.main+dp/hard\libgcc.a(_udivmoddi4.o)
                0x340007c0                __udivmoddi4
 .text          0x34000b0c        0x4 C:/ST/STM32CubeIDE_1.19.0/STM32CubeIDE/plugins/com.st.stm32cube.ide.mcu.externaltools.gnu-tools-for-stm32.14.3.rel1.win32_1.0.100.202602081740/tools/bin/../lib/gcc/arm-none-eabi/14.3.1/thumb/v8-m.main+dp/hard\libgcc.a(_dvmd_tls.o)
                0x34000b0c                __aeabi_idiv0
                0x34000b0c                __aeabi_ldiv0
 *(.text*)
 .text.LL_AHB1_GRP1_EnableClock
                0x34000b10       0x2c ./Core/Src/main.o
 .text.LL_AHB3_GRP1_EnableClock
                0x34000b3c       0x2c ./Core/Src/main.o
 .text.LL_AHB4_GRP1_EnableClock
                0x34000b68       0x2c ./Core/Src/main.o
 .text.main     0x34000b94      0x1c4 ./Core/Src/main.o
                0x34000b94                main
 .text.MX_GPDMA1_Init
                0x34000d58       0x2e ./Core/Src/main.o
 *fill*         0x34000d86        0x2 
 .text.SystemIsolation_Config
                0x34000d88      0x134 ./Core/Src/main.o
 .text.MX_USART1_UART_Init
                0x34000ebc       0x98 ./Core/Src/main.o
 .text.MX_USART2_UART_Init
                0x34000f54       0x98 ./Core/Src/main.o
 .text.MX_GPIO_Init
                0x34000fec       0x1a ./Core/Src/main.o
 *fill*         0x34001006        0x2 
 .text.HAL_UART_RxCpltCallback
                0x34001008       0x30 ./Core/Src/main.o
                0x34001008                HAL_UART_RxCpltCallback
 .text.HAL_UART_RxHalfCpltCallback
                0x34001038       0x30 ./Core/Src/main.o
                0x34001038                HAL_UART_RxHalfCpltCallback
 .text.Error_Handler
                0x34001068        0xc ./Core/Src/main.o
                0x34001068                Error_Handler
 .text.SECURE_RegisterCallback
                0x34001074       0x54 ./Core/Src/secure_nsc.o
                0x34001074                __acle_se_SECURE_RegisterCallback
 .text.LL_AHB4_GRP1_EnableClock
                0x340010c8       0x2c ./Core/Src/stm32n6xx_hal_msp.o
 .text.LL_APB1_GRP1_EnableClock
                0x340010f4       0x2c ./Core/Src/stm32n6xx_hal_msp.o
 .text.LL_APB2_GRP1_EnableClock
                0x34001120       0x2c ./Core/Src/stm32n6xx_hal_msp.o
 .text.HAL_MspInit
                0x3400114c       0x18 ./Core/Src/stm32n6xx_hal_msp.o
                0x3400114c                HAL_MspInit
 .text.HAL_UART_MspInit
                0x34001164      0x3e4 ./Core/Src/stm32n6xx_hal_msp.o
                0x34001164                HAL_UART_MspInit
 .text.NMI_Handler
                0x34001548        0x8 ./Core/Src/stm32n6xx_it.o
                0x34001548                NMI_Handler
 .text.HardFault_Handler
                0x34001550        0x8 ./Core/Src/stm32n6xx_it.o
                0x34001550                HardFault_Handler
 .text.MemManage_Handler
                0x34001558        0x8 ./Core/Src/stm32n6xx_it.o
                0x34001558                MemManage_Handler
 .text.BusFault_Handler
                0x34001560        0x8 ./Core/Src/stm32n6xx_it.o
                0x34001560                BusFault_Handler
 .text.UsageFault_Handler
                0x34001568        0x8 ./Core/Src/stm32n6xx_it.o
                0x34001568                UsageFault_Handler
 .text.SecureFault_Handler
                0x34001570        0x8 ./Core/Src/stm32n6xx_it.o
                0x34001570                SecureFault_Handler
 .text.SVC_Handler
                0x34001578        0xe ./Core/Src/stm32n6xx_it.o
                0x34001578                SVC_Handler
 .text.DebugMon_Handler
                0x34001586        0xe ./Core/Src/stm32n6xx_it.o
                0x34001586                DebugMon_Handler
 .text.PendSV_Handler
                0x34001594        0xe ./Core/Src/stm32n6xx_it.o
                0x34001594                PendSV_Handler
 .text.SysTick_Handler
                0x340015a2        0xc ./Core/Src/stm32n6xx_it.o
                0x340015a2                SysTick_Handler
 *fill*         0x340015ae        0x2 
 .text.GPDMA1_Channel0_IRQHandler
                0x340015b0       0x14 ./Core/Src/stm32n6xx_it.o
                0x340015b0                GPDMA1_Channel0_IRQHandler
 .text.GPDMA1_Channel1_IRQHandler
                0x340015c4       0x14 ./Core/Src/stm32n6xx_it.o
                0x340015c4                GPDMA1_Channel1_IRQHandler
 .text.USART2_IRQHandler
                0x340015d8       0x14 ./Core/Src/stm32n6xx_it.o
                0x340015d8                USART2_IRQHandler
 .text.TZ_SAU_Setup
                0x340015ec       0x74 ./Core/Src/system_stm32n6xx_s.o
 .text.SystemInit
                0x34001660       0x70 ./Core/Src/system_stm32n6xx_s.o
                0x34001660                SystemInit
 .text.SystemCoreClockUpdate
                0x340016d0      0x350 ./Core/Src/system_stm32n6xx_s.o
                0x340016d0                SystemCoreClockUpdate
 .text.SECURE_SystemCoreClockUpdate
                0x34001a20       0x2c ./Core/Src/system_stm32n6xx_s.o
                0x34001a20                __acle_se_SECURE_SystemCoreClockUpdate
 .text.Reset_Handler
                0x34001a4c       0x5c ./Core/Startup/startup_stm32n657x0hxq.o
                0x34001a4c                Reset_Handler
 .text.Default_Handler
                0x34001aa8        0x2 ./Core/Startup/startup_stm32n657x0hxq.o
                0x34001aa8                HPDMA1_Channel13_IRQHandler
                0x34001aa8                EXTI2_IRQHandler
                0x34001aa8                MCE2_IRQHandler
                0x34001aa8                TIM8_CC_IRQHandler
                0x34001aa8                USB2_OTG_HS_IRQHandler
                0x34001aa8                SAI1_A_IRQHandler
                0x34001aa8                EXTI5_IRQHandler
                0x34001aa8                I3C1_ER_IRQHandler
                0x34001aa8                UART8_IRQHandler
                0x34001aa8                CTI_INT0_IRQHandler
                0x34001aa8                SPI4_IRQHandler
                0x34001aa8                LTDC_LO_IRQHandler
                0x34001aa8                NPU2_IRQHandler
                0x34001aa8                FDCAN3_IT0_IRQHandler
                0x34001aa8                EXTI13_IRQHandler
                0x34001aa8                TIM1_CC_IRQHandler
                0x34001aa8                XSPI1_IRQHandler
                0x34001aa8                TIM10_IRQHandler
                0x34001aa8                JPEG_IRQHandler
                0x34001aa8                TAMP_IRQHandler
                0x34001aa8                CACHE_ECC_IRQHandler
                0x34001aa8                TIM6_IRQHandler
                0x34001aa8                CSI_IRQHandler
                0x34001aa8                EXTI12_IRQHandler
                0x34001aa8                GFXTIM_IRQHandler
                0x34001aa8                EXTI3_IRQHandler
                0x34001aa8                LPTIM4_IRQHandler
                0x34001aa8                GPDMA1_Channel5_IRQHandler
                0x34001aa8                EXTI8_IRQHandler
                0x34001aa8                LPTIM2_IRQHandler
                0x34001aa8                GFXMMU_IRQHandler
                0x34001aa8                LTDC_LO_ERR_IRQHandler
                0x34001aa8                I2C3_ER_IRQHandler
                0x34001aa8                RIFSC_TAMPER_IRQHandler
                0x34001aa8                USART10_IRQHandler
                0x34001aa8                MDF1_FLT2_IRQHandler
                0x34001aa8                LPTIM3_IRQHandler
                0x34001aa8                SAI2_A_IRQHandler
                0x34001aa8                EXTI0_IRQHandler
                0x34001aa8                HPDMA1_Channel9_IRQHandler
                0x34001aa8                I2C2_EV_IRQHandler
                0x34001aa8                GPU2D_IRQHandler
                0x34001aa8                FPU_IRQHandler
                0x34001aa8                GPDMA1_Channel3_IRQHandler
                0x34001aa8                GPDMA1_Channel7_IRQHandler
                0x34001aa8                MDF1_FLT4_IRQHandler
                0x34001aa8                FDCAN1_IT1_IRQHandler
                0x34001aa8                HPDMA1_Channel3_IRQHandler
                0x34001aa8                ADC1_2_IRQHandler
                0x34001aa8                GPDMA1_Channel9_IRQHandler
                0x34001aa8                SPI1_IRQHandler
                0x34001aa8                CACHEAXI_IRQHandler
                0x34001aa8                SAI1_B_IRQHandler
                0x34001aa8                GPDMA1_Channel2_IRQHandler
                0x34001aa8                PAHB_ERR_IRQHandler
                0x34001aa8                TIM8_UP_IRQHandler
                0x34001aa8                RCC_S_IRQHandler
                0x34001aa8                MDF1_FLT1_IRQHandler
                0x34001aa8                LTDC_UP_IRQHandler
                0x34001aa8                LOCKUP_IRQHandler
                0x34001aa8                PKA_IRQHandler
                0x34001aa8                USART6_IRQHandler
                0x34001aa8                HPDMA1_Channel2_IRQHandler
                0x34001aa8                MDF1_FLT5_IRQHandler
                0x34001aa8                MCE4_IRQHandler
                0x34001aa8                I3C2_ER_IRQHandler
                0x34001aa8                EXTI15_IRQHandler
                0x34001aa8                TIM17_IRQHandler
                0x34001aa8                USART3_IRQHandler
                0x34001aa8                HPDMA1_Channel6_IRQHandler
                0x34001aa8                CRYP_IRQHandler
                0x34001aa8                RTC_IRQHandler
                0x34001aa8                XSPI2_IRQHandler
                0x34001aa8                EXTI9_IRQHandler
                0x34001aa8                IAC_IRQHandler
                0x34001aa8                HPDMA1_Channel0_IRQHandler
                0x34001aa8                LPTIM5_IRQHandler
                0x34001aa8                HPDMA1_Channel1_IRQHandler
                0x34001aa8                UART5_IRQHandler
                0x34001aa8                TIM4_IRQHandler
                0x34001aa8                NPU3_IRQHandler
                0x34001aa8                I3C2_EV_IRQHandler
                0x34001aa8                I2C1_EV_IRQHandler
                0x34001aa8                FDCAN_CU_IRQHandler
                0x34001aa8                GPDMA1_Channel12_IRQHandler
                0x34001aa8                HPDMA1_Channel7_IRQHandler
                0x34001aa8                TIM16_IRQHandler
                0x34001aa8                GPDMA1_Channel15_IRQHandler
                0x34001aa8                UART4_IRQHandler
                0x34001aa8                TCM_ECC_IRQHandler
                0x34001aa8                TIM3_IRQHandler
                0x34001aa8                RCC_IRQHandler
                0x34001aa8                UART9_IRQHandler
                0x34001aa8                NPU1_IRQHandler
                0x34001aa8                SAI2_B_IRQHandler
                0x34001aa8                Default_Handler
                0x34001aa8                GPDMA1_Channel8_IRQHandler
                0x34001aa8                HPDMA1_Channel8_IRQHandler
                0x34001aa8                TIM18_IRQHandler
                0x34001aa8                TIM14_IRQHandler
                0x34001aa8                TIM13_IRQHandler
                0x34001aa8                CTI_INT1_IRQHandler
                0x34001aa8                GPDMA1_Channel11_IRQHandler
                0x34001aa8                GPU2D_ER_IRQHandler
                0x34001aa8                SPI5_IRQHandler
                0x34001aa8                TIM12_IRQHandler
                0x34001aa8                TIM7_IRQHandler
                0x34001aa8                FDCAN3_IT1_IRQHandler
                0x34001aa8                HPDMA1_Channel10_IRQHandler
                0x34001aa8                SDMMC1_IRQHandler
                0x34001aa8                SAES_IRQHandler
                0x34001aa8                TIM5_IRQHandler
                0x34001aa8                UCPD1_IRQHandler
                0x34001aa8                I3C1_EV_IRQHandler
                0x34001aa8                HPDMA1_Channel5_IRQHandler
                0x34001aa8                TIM15_IRQHandler
                0x34001aa8                I2C3_EV_IRQHandler
                0x34001aa8                HPDMA1_Channel4_IRQHandler
                0x34001aa8                HPDMA1_Channel15_IRQHandler
                0x34001aa8                TIM9_IRQHandler
                0x34001aa8                ETH1_IRQHandler
                0x34001aa8                USB1_OTG_HS_IRQHandler
                0x34001aa8                PVD_PVM_IRQHandler
                0x34001aa8                SPI2_IRQHandler
                0x34001aa8                TIM1_TRG_CCU_IRQHandler
                0x34001aa8                HPDMA1_Channel11_IRQHandler
                0x34001aa8                EXTI14_IRQHandler
                0x34001aa8                EXTI11_IRQHandler
                0x34001aa8                VENC_IRQHandler
                0x34001aa8                GPDMA1_Channel14_IRQHandler
                0x34001aa8                EXTI4_IRQHandler
                0x34001aa8                RTC_S_IRQHandler
                0x34001aa8                GPDMA1_Channel13_IRQHandler
                0x34001aa8                RNG_IRQHandler
                0x34001aa8                XSPI3_IRQHandler
                0x34001aa8                FDCAN2_IT1_IRQHandler
                0x34001aa8                TIM1_UP_IRQHandler
                0x34001aa8                NPU0_IRQHandler
                0x34001aa8                BCK_ECC_IRQHandler
                0x34001aa8                WWDG_IRQHandler
                0x34001aa8                SPI6_IRQHandler
                0x34001aa8                MDIOS_IRQHandler
                0x34001aa8                I2C4_EV_IRQHandler
                0x34001aa8                FDCAN2_IT0_IRQHandler
                0x34001aa8                IWDG_IRQHandler
                0x34001aa8                HPDMA1_Channel14_IRQHandler
                0x34001aa8                LPUART1_IRQHandler
                0x34001aa8                FDCAN1_IT0_IRQHandler
                0x34001aa8                MDF1_FLT0_IRQHandler
                0x34001aa8                TIM2_IRQHandler
                0x34001aa8                MCE3_IRQHandler
                0x34001aa8                GPDMA1_Channel4_IRQHandler
                0x34001aa8                EXTI7_IRQHandler
                0x34001aa8                DMA2D_IRQHandler
                0x34001aa8                TIM1_BRK_IRQHandler
                0x34001aa8                EXTI1_IRQHandler
                0x34001aa8                SDMMC2_IRQHandler
                0x34001aa8                TIM11_IRQHandler
                0x34001aa8                LTDC_UP_ERR_IRQHandler
                0x34001aa8                UART7_IRQHandler
                0x34001aa8                DTS_IRQHandler
                0x34001aa8                MDF1_FLT3_IRQHandler
                0x34001aa8                GPDMA1_Channel6_IRQHandler
                0x34001aa8                ADF1_FLT0_IRQHandler
                0x34001aa8                I2C2_ER_IRQHandler
                0x34001aa8                MCE1_IRQHandler
                0x34001aa8                SPDIFRX_IRQHandler
                0x34001aa8                TIM8_BRK_IRQHandler
                0x34001aa8                HPDMA1_Channel12_IRQHandler
                0x34001aa8                USART1_IRQHandler
                0x34001aa8                EXTI10_IRQHandler
                0x34001aa8                SPI3_IRQHandler
                0x34001aa8                WAKEUP_PIN_IRQHandler
                0x34001aa8                DCMIPP_IRQHandler
                0x34001aa8                I2C1_ER_IRQHandler
                0x34001aa8                FMC_IRQHandler
                0x34001aa8                EXTI6_IRQHandler
                0x34001aa8                LPTIM1_IRQHandler
                0x34001aa8                DCMI_PSSI_IRQHandler
                0x34001aa8                TIM8_TRG_CCU_IRQHandler
                0x34001aa8                I2C4_ER_IRQHandler
                0x34001aa8                GPDMA1_Channel10_IRQHandler
                0x34001aa8                ICACHE_IRQHandler
                0x34001aa8                HASH_IRQHandler
 .text.HAL_Init
                0x34001aaa       0x28 ./Drivers/STM32N6xx_HAL_Driver/stm32n6xx_hal.o
                0x34001aaa                HAL_Init
 *fill*         0x34001ad2        0x2 
 .text.HAL_InitTick
                0x34001ad4       0x6c ./Drivers/STM32N6xx_HAL_Driver/stm32n6xx_hal.o
                0x34001ad4                HAL_InitTick
 .text.HAL_IncTick
                0x34001b40       0x28 ./Drivers/STM32N6xx_HAL_Driver/stm32n6xx_hal.o
                0x34001b40                HAL_IncTick
 .text.HAL_GetTick
                0x34001b68       0x18 ./Drivers/STM32N6xx_HAL_Driver/stm32n6xx_hal.o
                0x34001b68                HAL_GetTick
 .text.__NVIC_SetPriorityGrouping
                0x34001b80       0x48 ./Drivers/STM32N6xx_HAL_Driver/stm32n6xx_hal_cortex.o
 .text.__NVIC_GetPriorityGrouping
                0x34001bc8       0x1c ./Drivers/STM32N6xx_HAL_Driver/stm32n6xx_hal_cortex.o
 .text.__NVIC_EnableIRQ
                0x34001be4       0x3c ./Drivers/STM32N6xx_HAL_Driver/stm32n6xx_hal_cortex.o
 .text.__NVIC_SetPriority
                0x34001c20       0x54 ./Drivers/STM32N6xx_HAL_Driver/stm32n6xx_hal_cortex.o
 .text.NVIC_EncodePriority
                0x34001c74       0x66 ./Drivers/STM32N6xx_HAL_Driver/stm32n6xx_hal_cortex.o
 *fill*         0x34001cda        0x2 
 .text.SysTick_Config
                0x34001cdc       0x44 ./Drivers/STM32N6xx_HAL_Driver/stm32n6xx_hal_cortex.o
 .text.HAL_NVIC_SetPriorityGrouping
                0x34001d20       0x16 ./Drivers/STM32N6xx_HAL_Driver/stm32n6xx_hal_cortex.o
                0x34001d20                HAL_NVIC_SetPriorityGrouping
 .text.HAL_NVIC_SetPriority
                0x34001d36       0x3a ./Drivers/STM32N6xx_HAL_Driver/stm32n6xx_hal_cortex.o
                0x34001d36                HAL_NVIC_SetPriority
 .text.HAL_NVIC_EnableIRQ
                0x34001d70       0x1c ./Drivers/STM32N6xx_HAL_Driver/stm32n6xx_hal_cortex.o
                0x34001d70                HAL_NVIC_EnableIRQ
 .text.HAL_SYSTICK_Config
                0x34001d8c       0x18 ./Drivers/STM32N6xx_HAL_Driver/stm32n6xx_hal_cortex.o
                0x34001d8c                HAL_SYSTICK_Config
 .text.HAL_DMA_Start_IT
                0x34001da4       0xc0 ./Drivers/STM32N6xx_HAL_Driver/stm32n6xx_hal_dma.o
                0x34001da4                HAL_DMA_Start_IT
 .text.HAL_DMA_Abort
                0x34001e64       0xf8 ./Drivers/STM32N6xx_HAL_Driver/stm32n6xx_hal_dma.o
                0x34001e64                HAL_DMA_Abort
 .text.HAL_DMA_Abort_IT
                0x34001f5c       0x52 ./Drivers/STM32N6xx_HAL_Driver/stm32n6xx_hal_dma.o
                0x34001f5c                HAL_DMA_Abort_IT
 .text.HAL_DMA_IRQHandler
                0x34001fae      0x2d2 ./Drivers/STM32N6xx_HAL_Driver/stm32n6xx_hal_dma.o
                0x34001fae                HAL_DMA_IRQHandler
 .text.HAL_DMA_ConfigChannelAttributes
                0x34002280      0x114 ./Drivers/STM32N6xx_HAL_Driver/stm32n6xx_hal_dma.o
                0x34002280                HAL_DMA_ConfigChannelAttributes
 .text.DMA_SetConfig
                0x34002394       0x4a ./Drivers/STM32N6xx_HAL_Driver/stm32n6xx_hal_dma.o
 *fill*         0x340023de        0x2 
 .text.HAL_DMAEx_List_Init
                0x340023e0      0x430 ./Drivers/STM32N6xx_HAL_Driver/stm32n6xx_hal_dma_ex.o
                0x340023e0                HAL_DMAEx_List_Init
 .text.HAL_DMAEx_List_Start_IT
                0x34002810      0x128 ./Drivers/STM32N6xx_HAL_Driver/stm32n6xx_hal_dma_ex.o
                0x34002810                HAL_DMAEx_List_Start_IT
 .text.HAL_DMAEx_List_BuildNode
                0x34002938       0x68 ./Drivers/STM32N6xx_HAL_Driver/stm32n6xx_hal_dma_ex.o
                0x34002938                HAL_DMAEx_List_BuildNode
 .text.HAL_DMAEx_List_InsertNode
                0x340029a0      0x192 ./Drivers/STM32N6xx_HAL_Driver/stm32n6xx_hal_dma_ex.o
                0x340029a0                HAL_DMAEx_List_InsertNode
 .text.HAL_DMAEx_List_SetCircularMode
                0x34002b32       0xc0 ./Drivers/STM32N6xx_HAL_Driver/stm32n6xx_hal_dma_ex.o
                0x34002b32                HAL_DMAEx_List_SetCircularMode
 *fill*         0x34002bf2        0x2 
 .text.HAL_DMAEx_List_LinkQ
                0x34002bf4      0x19c ./Drivers/STM32N6xx_HAL_Driver/stm32n6xx_hal_dma_ex.o
                0x34002bf4                HAL_DMAEx_List_LinkQ
 .text.DMA_List_Init
                0x34002d90      0x518 ./Drivers/STM32N6xx_HAL_Driver/stm32n6xx_hal_dma_ex.o
 .text.DMA_List_BuildNode
                0x340032a8      0x2e8 ./Drivers/STM32N6xx_HAL_Driver/stm32n6xx_hal_dma_ex.o
 .text.DMA_List_CheckNodesBaseAddresses
                0x34003590       0x60 ./Drivers/STM32N6xx_HAL_Driver/stm32n6xx_hal_dma_ex.o
 .text.DMA_List_CheckNodesTypes
                0x340035f0       0x78 ./Drivers/STM32N6xx_HAL_Driver/stm32n6xx_hal_dma_ex.o
 .text.DMA_List_GetCLLRNodeInfo
                0x34003668       0x60 ./Drivers/STM32N6xx_HAL_Driver/stm32n6xx_hal_dma_ex.o
 .text.DMA_List_FindNode
                0x340036c8      0x13e ./Drivers/STM32N6xx_HAL_Driver/stm32n6xx_hal_dma_ex.o
 *fill*         0x34003806        0x2 
 .text.HAL_GPIO_Init
                0x34003808      0x364 ./Drivers/STM32N6xx_HAL_Driver/stm32n6xx_hal_gpio.o
                0x34003808                HAL_GPIO_Init
 .text.HAL_GPIO_ConfigPinAttributes
                0x34003b6c       0x8e ./Drivers/STM32N6xx_HAL_Driver/stm32n6xx_hal_gpio.o
                0x34003b6c                HAL_GPIO_ConfigPinAttributes
 *fill*         0x34003bfa        0x2 
 .text.HAL_PWREx_EnableVddIO2
                0x34003bfc       0x20 ./Drivers/STM32N6xx_HAL_Driver/stm32n6xx_hal_pwr_ex.o
                0x34003bfc                HAL_PWREx_EnableVddIO2
 .text.HAL_PWREx_EnableVddIO3
                0x34003c1c       0x20 ./Drivers/STM32N6xx_HAL_Driver/stm32n6xx_hal_pwr_ex.o
                0x34003c1c                HAL_PWREx_EnableVddIO3
 .text.HAL_PWREx_EnableVddIO4
                0x34003c3c       0x20 ./Drivers/STM32N6xx_HAL_Driver/stm32n6xx_hal_pwr_ex.o
                0x34003c3c                HAL_PWREx_EnableVddIO4
 .text.HAL_PWREx_EnableVddIO5
                0x34003c5c       0x20 ./Drivers/STM32N6xx_HAL_Driver/stm32n6xx_hal_pwr_ex.o
                0x34003c5c                HAL_PWREx_EnableVddIO5
 .text.LL_RCC_HSI_GetDivider
                0x34003c7c       0x1c ./Drivers/STM32N6xx_HAL_Driver/stm32n6xx_hal_rcc.o
 .text.LL_RCC_GetSysClkSource
                0x34003c98       0x1c ./Drivers/STM32N6xx_HAL_Driver/stm32n6xx_hal_rcc.o
 .text.LL_RCC_IC2_GetSource
                0x34003cb4       0x1c ./Drivers/STM32N6xx_HAL_Driver/stm32n6xx_hal_rcc.o
 .text.LL_RCC_IC2_GetDivider
                0x34003cd0       0x20 ./Drivers/STM32N6xx_HAL_Driver/stm32n6xx_hal_rcc.o
 .text.HAL_RCC_GetSysClockFreq
                0x34003cf0       0x1e ./Drivers/STM32N6xx_HAL_Driver/stm32n6xx_hal_rcc.o
                0x34003cf0                HAL_RCC_GetSysClockFreq
 *fill*         0x34003d0e        0x2 
 .text.RCC_GetSysClockFreq
                0x34003d10      0x104 ./Drivers/STM32N6xx_HAL_Driver/stm32n6xx_hal_rcc.o
 .text.LL_RCC_HSE_SelectHSEAsDiv2Clock
                0x34003e14       0x20 ./Drivers/STM32N6xx_HAL_Driver/stm32n6xx_hal_rcc_ex.o
 .text.LL_RCC_HSE_SelectHSEDiv2AsDiv2Clock
                0x34003e34       0x20 ./Drivers/STM32N6xx_HAL_Driver/stm32n6xx_hal_rcc_ex.o
 .text.LL_RCC_HSE_IsSelectedHSEDiv2AsDiv2Clock
                0x34003e54       0x24 ./Drivers/STM32N6xx_HAL_Driver/stm32n6xx_hal_rcc_ex.o
 .text.LL_RCC_HSE_IsReady
                0x34003e78       0x24 ./Drivers/STM32N6xx_HAL_Driver/stm32n6xx_hal_rcc_ex.o
 .text.LL_RCC_HSI_IsReady
                0x34003e9c       0x24 ./Drivers/STM32N6xx_HAL_Driver/stm32n6xx_hal_rcc_ex.o
 .text.LL_RCC_HSI_GetDivider
                0x34003ec0       0x1c ./Drivers/STM32N6xx_HAL_Driver/stm32n6xx_hal_rcc_ex.o
 .text.LL_RCC_MSI_IsReady
                0x34003edc       0x24 ./Drivers/STM32N6xx_HAL_Driver/stm32n6xx_hal_rcc_ex.o
 .text.LL_RCC_MSI_GetFrequency
                0x34003f00       0x1c ./Drivers/STM32N6xx_HAL_Driver/stm32n6xx_hal_rcc_ex.o
 .text.LL_RCC_LSE_IsReady
                0x34003f1c       0x24 ./Drivers/STM32N6xx_HAL_Driver/stm32n6xx_hal_rcc_ex.o
 .text.LL_RCC_LSI_IsReady
                0x34003f40       0x1c ./Drivers/STM32N6xx_HAL_Driver/stm32n6xx_hal_rcc_ex.o
 .text.LL_RCC_GetAHBPrescaler
                0x34003f5c       0x1c ./Drivers/STM32N6xx_HAL_Driver/stm32n6xx_hal_rcc_ex.o
 .text.LL_RCC_GetAPB1Prescaler
                0x34003f78       0x1c ./Drivers/STM32N6xx_HAL_Driver/stm32n6xx_hal_rcc_ex.o
 .text.LL_RCC_GetAPB2Prescaler
                0x34003f94       0x1c ./Drivers/STM32N6xx_HAL_Driver/stm32n6xx_hal_rcc_ex.o
 .text.LL_RCC_GetAPB4Prescaler
                0x34003fb0       0x1c ./Drivers/STM32N6xx_HAL_Driver/stm32n6xx_hal_rcc_ex.o
 .text.LL_RCC_GetAPB5Prescaler
                0x34003fcc       0x1c ./Drivers/STM32N6xx_HAL_Driver/stm32n6xx_hal_rcc_ex.o
 .text.LL_RCC_SetClockSource
                0x34003fe8       0x54 ./Drivers/STM32N6xx_HAL_Driver/stm32n6xx_hal_rcc_ex.o
 .text.LL_RCC_GetADCPrescaler
                0x3400403c       0x1c ./Drivers/STM32N6xx_HAL_Driver/stm32n6xx_hal_rcc_ex.o
 .text.LL_RCC_SetADFClockSource
                0x34004058       0x2c ./Drivers/STM32N6xx_HAL_Driver/stm32n6xx_hal_rcc_ex.o
 .text.LL_RCC_SetCLKPClockSource
                0x34004084       0x2c ./Drivers/STM32N6xx_HAL_Driver/stm32n6xx_hal_rcc_ex.o
 .text.LL_RCC_SetDCMIPPClockSource
                0x340040b0       0x2c ./Drivers/STM32N6xx_HAL_Driver/stm32n6xx_hal_rcc_ex.o
 .text.LL_RCC_SetETHClockSource
                0x340040dc       0x2c ./Drivers/STM32N6xx_HAL_Driver/stm32n6xx_hal_rcc_ex.o
 .text.LL_RCC_SetETHPHYInterface
                0x34004108       0x2c ./Drivers/STM32N6xx_HAL_Driver/stm32n6xx_hal_rcc_ex.o
 .text.LL_RCC_GetETH1PTPDivider
                0x34004134       0x1c ./Drivers/STM32N6xx_HAL_Driver/stm32n6xx_hal_rcc_ex.o
 .text.LL_RCC_SetETHREFRXClockSource
                0x34004150       0x2c ./Drivers/STM32N6xx_HAL_Driver/stm32n6xx_hal_rcc_ex.o
 .text.LL_RCC_SetETHREFTXClockSource
                0x3400417c       0x2c ./Drivers/STM32N6xx_HAL_Driver/stm32n6xx_hal_rcc_ex.o
 .text.LL_RCC_SetFDCANClockSource
                0x340041a8       0x2c ./Drivers/STM32N6xx_HAL_Driver/stm32n6xx_hal_rcc_ex.o
 .text.LL_RCC_SetFMCClockSource
                0x340041d4       0x2c ./Drivers/STM32N6xx_HAL_Driver/stm32n6xx_hal_rcc_ex.o
 .text.LL_RCC_SetI2CClockSource
                0x34004200       0x16 ./Drivers/STM32N6xx_HAL_Driver/stm32n6xx_hal_rcc_ex.o
 .text.LL_RCC_SetI3CClockSource
                0x34004216       0x16 ./Drivers/STM32N6xx_HAL_Driver/stm32n6xx_hal_rcc_ex.o
 .text.LL_RCC_SetLPTIMClockSource
                0x3400422c       0x16 ./Drivers/STM32N6xx_HAL_Driver/stm32n6xx_hal_rcc_ex.o
 *fill*         0x34004242        0x2 
 .text.LL_RCC_SetLPUARTClockSource
                0x34004244       0x2c ./Drivers/STM32N6xx_HAL_Driver/stm32n6xx_hal_rcc_ex.o
 .text.LL_RCC_SetLTDCClockSource
                0x34004270       0x2c ./Drivers/STM32N6xx_HAL_Driver/stm32n6xx_hal_rcc_ex.o
 .text.LL_RCC_SetMDFClockSource
                0x3400429c       0x2c ./Drivers/STM32N6xx_HAL_Driver/stm32n6xx_hal_rcc_ex.o
 .text.LL_RCC_SetOTGPHYClockSource
                0x340042c8       0x16 ./Drivers/STM32N6xx_HAL_Driver/stm32n6xx_hal_rcc_ex.o
 .text.LL_RCC_SetOTGPHYCKREFClockSource
                0x340042de       0x16 ./Drivers/STM32N6xx_HAL_Driver/stm32n6xx_hal_rcc_ex.o
 .text.LL_RCC_SetPSSIClockSource
                0x340042f4       0x2c ./Drivers/STM32N6xx_HAL_Driver/stm32n6xx_hal_rcc_ex.o
 .text.LL_RCC_SetSAIClockSource
                0x34004320       0x16 ./Drivers/STM32N6xx_HAL_Driver/stm32n6xx_hal_rcc_ex.o
 .text.LL_RCC_SetSDMMCClockSource
                0x34004336       0x16 ./Drivers/STM32N6xx_HAL_Driver/stm32n6xx_hal_rcc_ex.o
 .text.LL_RCC_SetSPDIFRXClockSource
                0x3400434c       0x2c ./Drivers/STM32N6xx_HAL_Driver/stm32n6xx_hal_rcc_ex.o
 .text.LL_RCC_SetSPIClockSource
                0x34004378       0x16 ./Drivers/STM32N6xx_HAL_Driver/stm32n6xx_hal_rcc_ex.o
 .text.LL_RCC_SetUSARTClockSource
                0x3400438e       0x16 ./Drivers/STM32N6xx_HAL_Driver/stm32n6xx_hal_rcc_ex.o
 .text.LL_RCC_SetXSPIClockSource
                0x340043a4       0x16 ./Drivers/STM32N6xx_HAL_Driver/stm32n6xx_hal_rcc_ex.o
 *fill*         0x340043ba        0x2 
 .text.LL_RCC_GetClockSource
                0x340043bc       0x4c ./Drivers/STM32N6xx_HAL_Driver/stm32n6xx_hal_rcc_ex.o
 .text.LL_RCC_GetADCClockSource
                0x34004408       0x24 ./Drivers/STM32N6xx_HAL_Driver/stm32n6xx_hal_rcc_ex.o
 .text.LL_RCC_GetADFClockSource
                0x3400442c       0x24 ./Drivers/STM32N6xx_HAL_Driver/stm32n6xx_hal_rcc_ex.o
 .text.LL_RCC_GetCLKPClockSource
                0x34004450       0x24 ./Drivers/STM32N6xx_HAL_Driver/stm32n6xx_hal_rcc_ex.o
 .text.LL_RCC_GetDCMIPPClockSource
                0x34004474       0x24 ./Drivers/STM32N6xx_HAL_Driver/stm32n6xx_hal_rcc_ex.o
 .text.LL_RCC_GetETHClockSource
                0x34004498       0x24 ./Drivers/STM32N6xx_HAL_Driver/stm32n6xx_hal_rcc_ex.o
 .text.LL_RCC_GetETHPTPClockSource
                0x340044bc       0x24 ./Drivers/STM32N6xx_HAL_Driver/stm32n6xx_hal_rcc_ex.o
 .text.LL_RCC_GetFDCANClockSource
                0x340044e0       0x24 ./Drivers/STM32N6xx_HAL_Driver/stm32n6xx_hal_rcc_ex.o
 .text.LL_RCC_GetFMCClockSource
                0x34004504       0x24 ./Drivers/STM32N6xx_HAL_Driver/stm32n6xx_hal_rcc_ex.o
 .text.LL_RCC_GetI2CClockSource
                0x34004528       0x18 ./Drivers/STM32N6xx_HAL_Driver/stm32n6xx_hal_rcc_ex.o
 .text.LL_RCC_GetI3CClockSource
                0x34004540       0x18 ./Drivers/STM32N6xx_HAL_Driver/stm32n6xx_hal_rcc_ex.o
 .text.LL_RCC_GetLPTIMClockSource
                0x34004558       0x18 ./Drivers/STM32N6xx_HAL_Driver/stm32n6xx_hal_rcc_ex.o
 .text.LL_RCC_GetLPUARTClockSource
                0x34004570       0x24 ./Drivers/STM32N6xx_HAL_Driver/stm32n6xx_hal_rcc_ex.o
 .text.LL_RCC_GetLTDCClockSource
                0x34004594       0x24 ./Drivers/STM32N6xx_HAL_Driver/stm32n6xx_hal_rcc_ex.o
 .text.LL_RCC_GetMDFClockSource
                0x340045b8       0x24 ./Drivers/STM32N6xx_HAL_Driver/stm32n6xx_hal_rcc_ex.o
 .text.LL_RCC_GetPSSIClockSource
                0x340045dc       0x24 ./Drivers/STM32N6xx_HAL_Driver/stm32n6xx_hal_rcc_ex.o
 .text.LL_RCC_GetSAIClockSource
                0x34004600       0x18 ./Drivers/STM32N6xx_HAL_Driver/stm32n6xx_hal_rcc_ex.o
 .text.LL_RCC_GetSDMMCClockSource
                0x34004618       0x18 ./Drivers/STM32N6xx_HAL_Driver/stm32n6xx_hal_rcc_ex.o
 .text.LL_RCC_GetSPDIFRXClockSource
                0x34004630       0x24 ./Drivers/STM32N6xx_HAL_Driver/stm32n6xx_hal_rcc_ex.o
 .text.LL_RCC_GetSPIClockSource
                0x34004654       0x18 ./Drivers/STM32N6xx_HAL_Driver/stm32n6xx_hal_rcc_ex.o
 .text.LL_RCC_GetUSARTClockSource
                0x3400466c       0x18 ./Drivers/STM32N6xx_HAL_Driver/stm32n6xx_hal_rcc_ex.o
 .text.LL_RCC_GetUARTClockSource
                0x34004684       0x18 ./Drivers/STM32N6xx_HAL_Driver/stm32n6xx_hal_rcc_ex.o
 .text.LL_RCC_GetUSBClockSource
                0x3400469c       0x18 ./Drivers/STM32N6xx_HAL_Driver/stm32n6xx_hal_rcc_ex.o
 .text.LL_RCC_GetXSPIClockSource
                0x340046b4       0x18 ./Drivers/STM32N6xx_HAL_Driver/stm32n6xx_hal_rcc_ex.o
 .text.LL_RCC_SetRTCClockSource
                0x340046cc       0x2c ./Drivers/STM32N6xx_HAL_Driver/stm32n6xx_hal_rcc_ex.o
 .text.LL_RCC_GetRTCClockSource
                0x340046f8       0x1c ./Drivers/STM32N6xx_HAL_Driver/stm32n6xx_hal_rcc_ex.o
 .text.LL_RCC_SetRTC_HSEPrescaler
                0x34004714       0x2c ./Drivers/STM32N6xx_HAL_Driver/stm32n6xx_hal_rcc_ex.o
 .text.LL_RCC_SetTIMPrescaler
                0x34004740       0x2c ./Drivers/STM32N6xx_HAL_Driver/stm32n6xx_hal_rcc_ex.o
 .text.LL_RCC_GetTIMPrescaler
                0x3400476c       0x1c ./Drivers/STM32N6xx_HAL_Driver/stm32n6xx_hal_rcc_ex.o
 .text.LL_RCC_PLL1_GetSource
                0x34004788       0x1c ./Drivers/STM32N6xx_HAL_Driver/stm32n6xx_hal_rcc_ex.o
 .text.LL_RCC_PLL1_IsReady
                0x340047a4       0x28 ./Drivers/STM32N6xx_HAL_Driver/stm32n6xx_hal_rcc_ex.o
 .text.LL_RCC_PLL1_IsEnabledBypass
                0x340047cc       0x28 ./Drivers/STM32N6xx_HAL_Driver/stm32n6xx_hal_rcc_ex.o
 .text.LL_RCC_PLL1_GetN
                0x340047f4       0x20 ./Drivers/STM32N6xx_HAL_Driver/stm32n6xx_hal_rcc_ex.o
 .text.LL_RCC_PLL1_GetM
                0x34004814       0x20 ./Drivers/STM32N6xx_HAL_Driver/stm32n6xx_hal_rcc_ex.o
 .text.LL_RCC_PLL1_GetP1
                0x34004834       0x20 ./Drivers/STM32N6xx_HAL_Driver/stm32n6xx_hal_rcc_ex.o
 .text.LL_RCC_PLL1_GetP2
                0x34004854       0x20 ./Drivers/STM32N6xx_HAL_Driver/stm32n6xx_hal_rcc_ex.o
 .text.LL_RCC_PLL1P_IsEnabled
                0x34004874       0x28 ./Drivers/STM32N6xx_HAL_Driver/stm32n6xx_hal_rcc_ex.o
 .text.LL_RCC_PLL1_GetFRACN
                0x3400489c       0x1c ./Drivers/STM32N6xx_HAL_Driver/stm32n6xx_hal_rcc_ex.o
 .text.LL_RCC_PLL2_GetSource
                0x340048b8       0x1c ./Drivers/STM32N6xx_HAL_Driver/stm32n6xx_hal_rcc_ex.o
 .text.LL_RCC_PLL2_IsReady
                0x340048d4       0x28 ./Drivers/STM32N6xx_HAL_Driver/stm32n6xx_hal_rcc_ex.o
 .text.LL_RCC_PLL2_IsEnabledBypass
                0x340048fc       0x28 ./Drivers/STM32N6xx_HAL_Driver/stm32n6xx_hal_rcc_ex.o
 .text.LL_RCC_PLL2_GetN
                0x34004924       0x20 ./Drivers/STM32N6xx_HAL_Driver/stm32n6xx_hal_rcc_ex.o
 .text.LL_RCC_PLL2_GetM
                0x34004944       0x20 ./Drivers/STM32N6xx_HAL_Driver/stm32n6xx_hal_rcc_ex.o
 .text.LL_RCC_PLL2_GetP1
                0x34004964       0x20 ./Drivers/STM32N6xx_HAL_Driver/stm32n6xx_hal_rcc_ex.o
 .text.LL_RCC_PLL2_GetP2
                0x34004984       0x20 ./Drivers/STM32N6xx_HAL_Driver/stm32n6xx_hal_rcc_ex.o
 .text.LL_RCC_PLL2P_IsEnabled
                0x340049a4       0x28 ./Drivers/STM32N6xx_HAL_Driver/stm32n6xx_hal_rcc_ex.o
 .text.LL_RCC_PLL2_GetFRACN
                0x340049cc       0x1c ./Drivers/STM32N6xx_HAL_Driver/stm32n6xx_hal_rcc_ex.o
 .text.LL_RCC_PLL3_GetSource
                0x340049e8       0x1c ./Drivers/STM32N6xx_HAL_Driver/stm32n6xx_hal_rcc_ex.o
 .text.LL_RCC_PLL3_IsReady
                0x34004a04       0x28 ./Drivers/STM32N6xx_HAL_Driver/stm32n6xx_hal_rcc_ex.o
 .text.LL_RCC_PLL3_IsEnabledBypass
                0x34004a2c       0x28 ./Drivers/STM32N6xx_HAL_Driver/stm32n6xx_hal_rcc_ex.o
 .text.LL_RCC_PLL3_GetN
                0x34004a54       0x20 ./Drivers/STM32N6xx_HAL_Driver/stm32n6xx_hal_rcc_ex.o
 .text.LL_RCC_PLL3_GetM
                0x34004a74       0x20 ./Drivers/STM32N6xx_HAL_Driver/stm32n6xx_hal_rcc_ex.o
 .text.LL_RCC_PLL3_GetP1
                0x34004a94       0x20 ./Drivers/STM32N6xx_HAL_Driver/stm32n6xx_hal_rcc_ex.o
 .text.LL_RCC_PLL3_GetP2
                0x34004ab4       0x20 ./Drivers/STM32N6xx_HAL_Driver/stm32n6xx_hal_rcc_ex.o
 .text.LL_RCC_PLL3P_IsEnabled
                0x34004ad4       0x28 ./Drivers/STM32N6xx_HAL_Driver/stm32n6xx_hal_rcc_ex.o
 .text.LL_RCC_PLL3_GetFRACN
                0x34004afc       0x1c ./Drivers/STM32N6xx_HAL_Driver/stm32n6xx_hal_rcc_ex.o
 .text.LL_RCC_PLL4_GetSource
                0x34004b18       0x1c ./Drivers/STM32N6xx_HAL_Driver/stm32n6xx_hal_rcc_ex.o
 .text.LL_RCC_PLL4_IsReady
                0x34004b34       0x28 ./Drivers/STM32N6xx_HAL_Driver/stm32n6xx_hal_rcc_ex.o
 .text.LL_RCC_PLL4_IsEnabledBypass
                0x34004b5c       0x28 ./Drivers/STM32N6xx_HAL_Driver/stm32n6xx_hal_rcc_ex.o
 .text.LL_RCC_PLL4_GetN
                0x34004b84       0x20 ./Drivers/STM32N6xx_HAL_Driver/stm32n6xx_hal_rcc_ex.o
 .text.LL_RCC_PLL4_GetM
                0x34004ba4       0x20 ./Drivers/STM32N6xx_HAL_Driver/stm32n6xx_hal_rcc_ex.o
 .text.LL_RCC_PLL4_GetP1
                0x34004bc4       0x20 ./Drivers/STM32N6xx_HAL_Driver/stm32n6xx_hal_rcc_ex.o
 .text.LL_RCC_PLL4_GetP2
                0x34004be4       0x20 ./Drivers/STM32N6xx_HAL_Driver/stm32n6xx_hal_rcc_ex.o
 .text.LL_RCC_PLL4P_IsEnabled
                0x34004c04       0x28 ./Drivers/STM32N6xx_HAL_Driver/stm32n6xx_hal_rcc_ex.o
 .text.LL_RCC_PLL4_GetFRACN
                0x34004c2c       0x1c ./Drivers/STM32N6xx_HAL_Driver/stm32n6xx_hal_rcc_ex.o
 .text.LL_RCC_IC3_Enable
                0x34004c48       0x1c ./Drivers/STM32N6xx_HAL_Driver/stm32n6xx_hal_rcc_ex.o
 .text.LL_RCC_IC3_IsEnabled
                0x34004c64       0x28 ./Drivers/STM32N6xx_HAL_Driver/stm32n6xx_hal_rcc_ex.o
 .text.LL_RCC_IC3_GetSource
                0x34004c8c       0x1c ./Drivers/STM32N6xx_HAL_Driver/stm32n6xx_hal_rcc_ex.o
 .text.LL_RCC_IC3_GetDivider
                0x34004ca8       0x20 ./Drivers/STM32N6xx_HAL_Driver/stm32n6xx_hal_rcc_ex.o
 .text.LL_RCC_IC4_Enable
                0x34004cc8       0x1c ./Drivers/STM32N6xx_HAL_Driver/stm32n6xx_hal_rcc_ex.o
 .text.LL_RCC_IC4_IsEnabled
                0x34004ce4       0x28 ./Drivers/STM32N6xx_HAL_Driver/stm32n6xx_hal_rcc_ex.o
 .text.LL_RCC_IC4_GetSource
                0x34004d0c       0x1c ./Drivers/STM32N6xx_HAL_Driver/stm32n6xx_hal_rcc_ex.o
 .text.LL_RCC_IC4_GetDivider
                0x34004d28       0x20 ./Drivers/STM32N6xx_HAL_Driver/stm32n6xx_hal_rcc_ex.o
 .text.LL_RCC_IC5_Enable
                0x34004d48       0x1c ./Drivers/STM32N6xx_HAL_Driver/stm32n6xx_hal_rcc_ex.o
 .text.LL_RCC_IC5_IsEnabled
                0x34004d64       0x28 ./Drivers/STM32N6xx_HAL_Driver/stm32n6xx_hal_rcc_ex.o
 .text.LL_RCC_IC5_GetSource
                0x34004d8c       0x1c ./Drivers/STM32N6xx_HAL_Driver/stm32n6xx_hal_rcc_ex.o
 .text.LL_RCC_IC5_GetDivider
                0x34004da8       0x20 ./Drivers/STM32N6xx_HAL_Driver/stm32n6xx_hal_rcc_ex.o
 .text.LL_RCC_IC7_Enable
                0x34004dc8       0x1c ./Drivers/STM32N6xx_HAL_Driver/stm32n6xx_hal_rcc_ex.o
 .text.LL_RCC_IC7_IsEnabled
                0x34004de4       0x28 ./Drivers/STM32N6xx_HAL_Driver/stm32n6xx_hal_rcc_ex.o
 .text.LL_RCC_IC7_GetSource
                0x34004e0c       0x1c ./Drivers/STM32N6xx_HAL_Driver/stm32n6xx_hal_rcc_ex.o
 .text.LL_RCC_IC7_GetDivider
                0x34004e28       0x20 ./Drivers/STM32N6xx_HAL_Driver/stm32n6xx_hal_rcc_ex.o
 .text.LL_RCC_IC8_Enable
                0x34004e48       0x1c ./Drivers/STM32N6xx_HAL_Driver/stm32n6xx_hal_rcc_ex.o
 .text.LL_RCC_IC8_IsEnabled
                0x34004e64       0x28 ./Drivers/STM32N6xx_HAL_Driver/stm32n6xx_hal_rcc_ex.o
 .text.LL_RCC_IC8_GetSource
                0x34004e8c       0x1c ./Drivers/STM32N6xx_HAL_Driver/stm32n6xx_hal_rcc_ex.o
 .text.LL_RCC_IC8_GetDivider
                0x34004ea8       0x20 ./Drivers/STM32N6xx_HAL_Driver/stm32n6xx_hal_rcc_ex.o
 .text.LL_RCC_IC9_Enable
                0x34004ec8       0x1c ./Drivers/STM32N6xx_HAL_Driver/stm32n6xx_hal_rcc_ex.o
 .text.LL_RCC_IC9_IsEnabled
                0x34004ee4       0x28 ./Drivers/STM32N6xx_HAL_Driver/stm32n6xx_hal_rcc_ex.o
 .text.LL_RCC_IC9_GetSource
                0x34004f0c       0x1c ./Drivers/STM32N6xx_HAL_Driver/stm32n6xx_hal_rcc_ex.o
 .text.LL_RCC_IC9_GetDivider
                0x34004f28       0x20 ./Drivers/STM32N6xx_HAL_Driver/stm32n6xx_hal_rcc_ex.o
 .text.LL_RCC_IC10_Enable
                0x34004f48       0x1c ./Drivers/STM32N6xx_HAL_Driver/stm32n6xx_hal_rcc_ex.o
 .text.LL_RCC_IC10_IsEnabled
                0x34004f64       0x28 ./Drivers/STM32N6xx_HAL_Driver/stm32n6xx_hal_rcc_ex.o
 .text.LL_RCC_IC10_GetSource
                0x34004f8c       0x1c ./Drivers/STM32N6xx_HAL_Driver/stm32n6xx_hal_rcc_ex.o
 .text.LL_RCC_IC10_GetDivider
                0x34004fa8       0x20 ./Drivers/STM32N6xx_HAL_Driver/stm32n6xx_hal_rcc_ex.o
 .text.LL_RCC_IC12_Enable
                0x34004fc8       0x1c ./Drivers/STM32N6xx_HAL_Driver/stm32n6xx_hal_rcc_ex.o
 .text.LL_RCC_IC12_IsEnabled
                0x34004fe4       0x28 ./Drivers/STM32N6xx_HAL_Driver/stm32n6xx_hal_rcc_ex.o
 .text.LL_RCC_IC12_GetSource
                0x3400500c       0x1c ./Drivers/STM32N6xx_HAL_Driver/stm32n6xx_hal_rcc_ex.o
 .text.LL_RCC_IC12_GetDivider
                0x34005028       0x20 ./Drivers/STM32N6xx_HAL_Driver/stm32n6xx_hal_rcc_ex.o
 .text.LL_RCC_IC13_Enable
                0x34005048       0x1c ./Drivers/STM32N6xx_HAL_Driver/stm32n6xx_hal_rcc_ex.o
 .text.LL_RCC_IC13_IsEnabled
                0x34005064       0x28 ./Drivers/STM32N6xx_HAL_Driver/stm32n6xx_hal_rcc_ex.o
 .text.LL_RCC_IC13_GetSource
                0x3400508c       0x1c ./Drivers/STM32N6xx_HAL_Driver/stm32n6xx_hal_rcc_ex.o
 .text.LL_RCC_IC13_GetDivider
                0x340050a8       0x20 ./Drivers/STM32N6xx_HAL_Driver/stm32n6xx_hal_rcc_ex.o
 .text.LL_RCC_IC14_Enable
                0x340050c8       0x1c ./Drivers/STM32N6xx_HAL_Driver/stm32n6xx_hal_rcc_ex.o
 .text.LL_RCC_IC14_IsEnabled
                0x340050e4       0x28 ./Drivers/STM32N6xx_HAL_Driver/stm32n6xx_hal_rcc_ex.o
 .text.LL_RCC_IC14_GetSource
                0x3400510c       0x1c ./Drivers/STM32N6xx_HAL_Driver/stm32n6xx_hal_rcc_ex.o
 .text.LL_RCC_IC14_GetDivider
                0x34005128       0x20 ./Drivers/STM32N6xx_HAL_Driver/stm32n6xx_hal_rcc_ex.o
 .text.LL_RCC_IC15_Enable
                0x34005148       0x1c ./Drivers/STM32N6xx_HAL_Driver/stm32n6xx_hal_rcc_ex.o
 .text.LL_RCC_IC15_IsEnabled
                0x34005164       0x28 ./Drivers/STM32N6xx_HAL_Driver/stm32n6xx_hal_rcc_ex.o
 .text.LL_RCC_IC15_GetSource
                0x3400518c       0x1c ./Drivers/STM32N6xx_HAL_Driver/stm32n6xx_hal_rcc_ex.o
 .text.LL_RCC_IC15_GetDivider
                0x340051a8       0x20 ./Drivers/STM32N6xx_HAL_Driver/stm32n6xx_hal_rcc_ex.o
 .text.LL_RCC_IC16_Enable
                0x340051c8       0x1c ./Drivers/STM32N6xx_HAL_Driver/stm32n6xx_hal_rcc_ex.o
 .text.LL_RCC_IC16_IsEnabled
                0x340051e4       0x28 ./Drivers/STM32N6xx_HAL_Driver/stm32n6xx_hal_rcc_ex.o
 .text.LL_RCC_IC16_GetSource
                0x3400520c       0x1c ./Drivers/STM32N6xx_HAL_Driver/stm32n6xx_hal_rcc_ex.o
 .text.LL_RCC_IC16_GetDivider
                0x34005228       0x20 ./Drivers/STM32N6xx_HAL_Driver/stm32n6xx_hal_rcc_ex.o
 .text.LL_RCC_IC17_Enable
                0x34005248       0x1c ./Drivers/STM32N6xx_HAL_Driver/stm32n6xx_hal_rcc_ex.o
 .text.LL_RCC_IC17_IsEnabled
                0x34005264       0x28 ./Drivers/STM32N6xx_HAL_Driver/stm32n6xx_hal_rcc_ex.o
 .text.LL_RCC_IC17_GetSource
                0x3400528c       0x1c ./Drivers/STM32N6xx_HAL_Driver/stm32n6xx_hal_rcc_ex.o
 .text.LL_RCC_IC17_GetDivider
                0x340052a8       0x20 ./Drivers/STM32N6xx_HAL_Driver/stm32n6xx_hal_rcc_ex.o
 .text.LL_RCC_IC18_Enable
                0x340052c8       0x1c ./Drivers/STM32N6xx_HAL_Driver/stm32n6xx_hal_rcc_ex.o
 .text.LL_RCC_IC18_IsEnabled
                0x340052e4       0x28 ./Drivers/STM32N6xx_HAL_Driver/stm32n6xx_hal_rcc_ex.o
 .text.LL_RCC_IC18_GetSource
                0x3400530c       0x1c ./Drivers/STM32N6xx_HAL_Driver/stm32n6xx_hal_rcc_ex.o
 .text.LL_RCC_IC18_GetDivider
                0x34005328       0x20 ./Drivers/STM32N6xx_HAL_Driver/stm32n6xx_hal_rcc_ex.o
 .text.LL_RCC_IC19_Enable
                0x34005348       0x1c ./Drivers/STM32N6xx_HAL_Driver/stm32n6xx_hal_rcc_ex.o
 .text.LL_RCC_IC19_IsEnabled
                0x34005364       0x28 ./Drivers/STM32N6xx_HAL_Driver/stm32n6xx_hal_rcc_ex.o
 .text.LL_RCC_IC19_GetSource
                0x3400538c       0x1c ./Drivers/STM32N6xx_HAL_Driver/stm32n6xx_hal_rcc_ex.o
 .text.LL_RCC_IC19_GetDivider
                0x340053a8       0x20 ./Drivers/STM32N6xx_HAL_Driver/stm32n6xx_hal_rcc_ex.o
 .text.LL_RCC_IC20_Enable
                0x340053c8       0x1c ./Drivers/STM32N6xx_HAL_Driver/stm32n6xx_hal_rcc_ex.o
 .text.LL_RCC_IC20_IsEnabled
                0x340053e4       0x28 ./Drivers/STM32N6xx_HAL_Driver/stm32n6xx_hal_rcc_ex.o
 .text.LL_RCC_IC20_GetSource
                0x3400540c       0x1c ./Drivers/STM32N6xx_HAL_Driver/stm32n6xx_hal_rcc_ex.o
 .text.LL_RCC_IC20_GetDivider
                0x34005428       0x20 ./Drivers/STM32N6xx_HAL_Driver/stm32n6xx_hal_rcc_ex.o
 .text.LL_RCC_CLKP_Enable
                0x34005448       0x1c ./Drivers/STM32N6xx_HAL_Driver/stm32n6xx_hal_rcc_ex.o
 .text.LL_RCC_CLKP_IsEnabled
                0x34005464       0x28 ./Drivers/STM32N6xx_HAL_Driver/stm32n6xx_hal_rcc_ex.o
 .text.HAL_RCCEx_PeriphCLKConfig
                0x3400548c     0x25c8 ./Drivers/STM32N6xx_HAL_Driver/stm32n6xx_hal_rcc_ex.o
                0x3400548c                HAL_RCCEx_PeriphCLKConfig
 .text.HAL_RCCEx_GetPeriphCLKFreq
                0x34007a54      0x938 ./Drivers/STM32N6xx_HAL_Driver/stm32n6xx_hal_rcc_ex.o
                0x34007a54                HAL_RCCEx_GetPeriphCLKFreq
 .text.HAL_RCCEx_GetPLL1CLKFreq
                0x3400838c       0x8c ./Drivers/STM32N6xx_HAL_Driver/stm32n6xx_hal_rcc_ex.o
                0x3400838c                HAL_RCCEx_GetPLL1CLKFreq
 .text.HAL_RCCEx_GetPLL2CLKFreq
                0x34008418       0x8c ./Drivers/STM32N6xx_HAL_Driver/stm32n6xx_hal_rcc_ex.o
                0x34008418                HAL_RCCEx_GetPLL2CLKFreq
 .text.HAL_RCCEx_GetPLL3CLKFreq
                0x340084a4       0x8c ./Drivers/STM32N6xx_HAL_Driver/stm32n6xx_hal_rcc_ex.o
                0x340084a4                HAL_RCCEx_GetPLL3CLKFreq
 .text.HAL_RCCEx_GetPLL4CLKFreq
                0x34008530       0x8c ./Drivers/STM32N6xx_HAL_Driver/stm32n6xx_hal_rcc_ex.o
                0x34008530                HAL_RCCEx_GetPLL4CLKFreq
 .text.RCCEx_GetHCLKFreq
                0x340085bc       0x22 ./Drivers/STM32N6xx_HAL_Driver/stm32n6xx_hal_rcc_ex.o
 .text.RCCEx_GetPCLK1Freq
                0x340085de       0x20 ./Drivers/STM32N6xx_HAL_Driver/stm32n6xx_hal_rcc_ex.o
 .text.RCCEx_GetPCLK2Freq
                0x340085fe       0x22 ./Drivers/STM32N6xx_HAL_Driver/stm32n6xx_hal_rcc_ex.o
 .text.RCCEx_GetPCLK4Freq
                0x34008620       0x22 ./Drivers/STM32N6xx_HAL_Driver/stm32n6xx_hal_rcc_ex.o
 .text.RCCEx_GetPCLK5Freq
                0x34008642       0x22 ./Drivers/STM32N6xx_HAL_Driver/stm32n6xx_hal_rcc_ex.o
 .text.RCCEx_GetPLLSourceFreq
                0x34008664       0xbc ./Drivers/STM32N6xx_HAL_Driver/stm32n6xx_hal_rcc_ex.o
 .text.RCCEx_CalcPLLFreq
                0x34008720       0x98 ./Drivers/STM32N6xx_HAL_Driver/stm32n6xx_hal_rcc_ex.o
 .text.RCCEx_GetADCCLKFreq
                0x340087b8      0x204 ./Drivers/STM32N6xx_HAL_Driver/stm32n6xx_hal_rcc_ex.o
 .text.RCCEx_GetADFCLKFreq
                0x340089bc      0x1d8 ./Drivers/STM32N6xx_HAL_Driver/stm32n6xx_hal_rcc_ex.o
 .text.RCCEx_GetCLKPCLKFreq
                0x34008b94      0x36c ./Drivers/STM32N6xx_HAL_Driver/stm32n6xx_hal_rcc_ex.o
 .text.RCCEx_GetCSICLKFreq
                0x34008f00       0x98 ./Drivers/STM32N6xx_HAL_Driver/stm32n6xx_hal_rcc_ex.o
 .text.RCCEx_GetDCMIPPCLKFreq
                0x34008f98      0x114 ./Drivers/STM32N6xx_HAL_Driver/stm32n6xx_hal_rcc_ex.o
 .text.RCCEx_GetETH1CLKFreq
                0x340090ac      0x100 ./Drivers/STM32N6xx_HAL_Driver/stm32n6xx_hal_rcc_ex.o
 .text.RCCEx_GetETH1PTPCLKFreq
                0x340091ac      0x108 ./Drivers/STM32N6xx_HAL_Driver/stm32n6xx_hal_rcc_ex.o
 .text.RCCEx_GetFDCANCLKFreq
                0x340092b4      0x100 ./Drivers/STM32N6xx_HAL_Driver/stm32n6xx_hal_rcc_ex.o
 .text.RCCEx_GetFMCCLKFreq
                0x340093b4      0x16e ./Drivers/STM32N6xx_HAL_Driver/stm32n6xx_hal_rcc_ex.o
 *fill*         0x34009522        0x2 
 .text.RCCEx_GetI2CCLKFreq
                0x34009524      0x350 ./Drivers/STM32N6xx_HAL_Driver/stm32n6xx_hal_rcc_ex.o
 .text.RCCEx_GetI3CCLKFreq
                0x34009874      0x268 ./Drivers/STM32N6xx_HAL_Driver/stm32n6xx_hal_rcc_ex.o
 .text.RCCEx_GetLPTIMCLKFreq
                0x34009adc      0x354 ./Drivers/STM32N6xx_HAL_Driver/stm32n6xx_hal_rcc_ex.o
 .text.RCCEx_GetLPUARTCLKFreq
                0x34009e30      0x204 ./Drivers/STM32N6xx_HAL_Driver/stm32n6xx_hal_rcc_ex.o
 .text.RCCEx_GetLTDCCLKFreq
                0x3400a034      0x114 ./Drivers/STM32N6xx_HAL_Driver/stm32n6xx_hal_rcc_ex.o
 .text.RCCEx_GetMDFCLKFreq
                0x3400a148      0x214 ./Drivers/STM32N6xx_HAL_Driver/stm32n6xx_hal_rcc_ex.o
 .text.RCCEx_GetPSSICLKFreq
                0x3400a35c      0x104 ./Drivers/STM32N6xx_HAL_Driver/stm32n6xx_hal_rcc_ex.o
 .text.RCCEx_GetRTCCLKFreq
                0x3400a460       0xa4 ./Drivers/STM32N6xx_HAL_Driver/stm32n6xx_hal_rcc_ex.o
 .text.RCCEx_GetSAICLKFreq
                0x3400a504      0x2cc ./Drivers/STM32N6xx_HAL_Driver/stm32n6xx_hal_rcc_ex.o
 .text.RCCEx_GetSDMMCCLKFreq
                0x3400a7d0      0x1d4 ./Drivers/STM32N6xx_HAL_Driver/stm32n6xx_hal_rcc_ex.o
 .text.RCCEx_GetSPDIFRXCLKFreq
                0x3400a9a4      0x1c8 ./Drivers/STM32N6xx_HAL_Driver/stm32n6xx_hal_rcc_ex.o
 .text.RCCEx_GetSPICLKFreq
                0x3400ab6c      0x5a4 ./Drivers/STM32N6xx_HAL_Driver/stm32n6xx_hal_rcc_ex.o
 .text.RCCEx_GetUARTCLKFreq
                0x3400b110      0x454 ./Drivers/STM32N6xx_HAL_Driver/stm32n6xx_hal_rcc_ex.o
 .text.RCCEx_GetUSARTCLKFreq
                0x3400b564      0x454 ./Drivers/STM32N6xx_HAL_Driver/stm32n6xx_hal_rcc_ex.o
 .text.RCCEx_GetOTGPHYCLKFreq
                0x3400b9b8      0x16c ./Drivers/STM32N6xx_HAL_Driver/stm32n6xx_hal_rcc_ex.o
 .text.RCCEx_GetOTGPHYCKREFCLKFreq
                0x3400bb24       0xa0 ./Drivers/STM32N6xx_HAL_Driver/stm32n6xx_hal_rcc_ex.o
 .text.RCCEx_GetXSPICLKFreq
                0x3400bbc4      0x220 ./Drivers/STM32N6xx_HAL_Driver/stm32n6xx_hal_rcc_ex.o
 .text.HAL_RIF_RIMC_ConfigMasterAttributes
                0x3400bde4       0x78 ./Drivers/STM32N6xx_HAL_Driver/stm32n6xx_hal_rif.o
                0x3400bde4                HAL_RIF_RIMC_ConfigMasterAttributes
 .text.HAL_UART_Init
                0x3400be5c       0xa0 ./Drivers/STM32N6xx_HAL_Driver/stm32n6xx_hal_uart.o
                0x3400be5c                HAL_UART_Init
 .text.HAL_UART_Transmit
                0x3400befc      0x132 ./Drivers/STM32N6xx_HAL_Driver/stm32n6xx_hal_uart.o
                0x3400befc                HAL_UART_Transmit
 *fill*         0x3400c02e        0x2 
 .text.HAL_UART_Receive_DMA
                0x3400c030       0xa4 ./Drivers/STM32N6xx_HAL_Driver/stm32n6xx_hal_uart.o
                0x3400c030                HAL_UART_Receive_DMA
 .text.HAL_UART_IRQHandler
                0x3400c0d4      0x678 ./Drivers/STM32N6xx_HAL_Driver/stm32n6xx_hal_uart.o
                0x3400c0d4                HAL_UART_IRQHandler
 .text.HAL_UART_TxCpltCallback
                0x3400c74c       0x14 ./Drivers/STM32N6xx_HAL_Driver/stm32n6xx_hal_uart.o
                0x3400c74c                HAL_UART_TxCpltCallback
 .text.HAL_UART_ErrorCallback
                0x3400c760       0x14 ./Drivers/STM32N6xx_HAL_Driver/stm32n6xx_hal_uart.o
                0x3400c760                HAL_UART_ErrorCallback
 .text.HAL_UARTEx_RxEventCallback
                0x3400c774       0x18 ./Drivers/STM32N6xx_HAL_Driver/stm32n6xx_hal_uart.o
                0x3400c774                HAL_UARTEx_RxEventCallback
 .text.UART_SetConfig
                0x3400c78c      0x3d8 ./Drivers/STM32N6xx_HAL_Driver/stm32n6xx_hal_uart.o
                0x3400c78c                UART_SetConfig
 .text.UART_AdvFeatureConfig
                0x3400cb64      0x144 ./Drivers/STM32N6xx_HAL_Driver/stm32n6xx_hal_uart.o
                0x3400cb64                UART_AdvFeatureConfig
 .text.UART_CheckIdleState
                0x3400cca8      0x154 ./Drivers/STM32N6xx_HAL_Driver/stm32n6xx_hal_uart.o
                0x3400cca8                UART_CheckIdleState
 .text.UART_WaitOnFlagUntilTimeout
                0x3400cdfc       0xda ./Drivers/STM32N6xx_HAL_Driver/stm32n6xx_hal_uart.o
                0x3400cdfc                UART_WaitOnFlagUntilTimeout
 *fill*         0x3400ced6        0x2 
 .text.UART_Start_Receive_DMA
                0x3400ced8      0x1f0 ./Drivers/STM32N6xx_HAL_Driver/stm32n6xx_hal_uart.o
                0x3400ced8                UART_Start_Receive_DMA
 .text.UART_EndTxTransfer
                0x3400d0c8       0x82 ./Drivers/STM32N6xx_HAL_Driver/stm32n6xx_hal_uart.o
 .text.UART_EndRxTransfer
                0x3400d14a       0xcc ./Drivers/STM32N6xx_HAL_Driver/stm32n6xx_hal_uart.o
 .text.UART_DMAReceiveCplt
                0x3400d216      0x15c ./Drivers/STM32N6xx_HAL_Driver/stm32n6xx_hal_uart.o
 .text.UART_DMARxHalfCplt
                0x3400d372       0x72 ./Drivers/STM32N6xx_HAL_Driver/stm32n6xx_hal_uart.o
 .text.UART_DMAError
                0x3400d3e4       0x70 ./Drivers/STM32N6xx_HAL_Driver/stm32n6xx_hal_uart.o
 .text.UART_DMAAbortOnError
                0x3400d454       0x1c ./Drivers/STM32N6xx_HAL_Driver/stm32n6xx_hal_uart.o
 .text.UART_EndTransmit_IT
                0x3400d470       0x56 ./Drivers/STM32N6xx_HAL_Driver/stm32n6xx_hal_uart.o
 .text.HAL_UARTEx_WakeupCallback
                0x3400d4c6       0x14 ./Drivers/STM32N6xx_HAL_Driver/stm32n6xx_hal_uart_ex.o
                0x3400d4c6                HAL_UARTEx_WakeupCallback
 .text.HAL_UARTEx_RxFifoFullCallback
                0x3400d4da       0x14 ./Drivers/STM32N6xx_HAL_Driver/stm32n6xx_hal_uart_ex.o
                0x3400d4da                HAL_UARTEx_RxFifoFullCallback
 .text.HAL_UARTEx_TxFifoEmptyCallback
                0x3400d4ee       0x14 ./Drivers/STM32N6xx_HAL_Driver/stm32n6xx_hal_uart_ex.o
                0x3400d4ee                HAL_UARTEx_TxFifoEmptyCallback
 .text.HAL_UARTEx_DisableFifoMode
                0x3400d502       0x72 ./Drivers/STM32N6xx_HAL_Driver/stm32n6xx_hal_uart_ex.o
                0x3400d502                HAL_UARTEx_DisableFifoMode
 .text.HAL_UARTEx_SetTxFifoThreshold
                0x3400d574       0x7c ./Drivers/STM32N6xx_HAL_Driver/stm32n6xx_hal_uart_ex.o
                0x3400d574                HAL_UARTEx_SetTxFifoThreshold
 .text.HAL_UARTEx_SetRxFifoThreshold
                0x3400d5f0       0x7c ./Drivers/STM32N6xx_HAL_Driver/stm32n6xx_hal_uart_ex.o
                0x3400d5f0                HAL_UARTEx_SetRxFifoThreshold
 .text.UARTEx_SetNbDataToProcess
                0x3400d66c       0x9c ./Drivers/STM32N6xx_HAL_Driver/stm32n6xx_hal_uart_ex.o
 .text.ADSB_RingBuffer_Init
                0x3400d708       0x3c ./Drivers/adsb_driver/adsb_driver.o
                0x3400d708                ADSB_RingBuffer_Init
 .text.DF_RingBuffer_Init
                0x3400d744       0x3c ./Drivers/adsb_driver/adsb_driver.o
                0x3400d744                DF_RingBuffer_Init
 .text.CPR_RingBuffer_Init
                0x3400d780       0x3c ./Drivers/adsb_driver/adsb_driver.o
                0x3400d780                CPR_RingBuffer_Init
 .text.ADSB_CPR_RingBuffers_Init
                0x3400d7bc       0x2c ./Drivers/adsb_driver/adsb_driver.o
                0x3400d7bc                ADSB_CPR_RingBuffers_Init
 .text.ascii_to_hex
                0x3400d7e8       0x54 ./Drivers/adsb_driver/adsb_driver.o
                0x3400d7e8                ascii_to_hex
 .text.ADSB_Power
                0x3400d83c       0x4e ./Drivers/adsb_driver/adsb_driver.o
                0x3400d83c                ADSB_Power
 *fill*         0x3400d88a        0x6 
 .text.ADSB_Init_LUT_NL
                0x3400d890       0xc4 ./Drivers/adsb_driver/adsb_driver.o
                0x3400d890                ADSB_Init_LUT_NL
 .text.ADSB_RingBuffers_Init
                0x3400d954       0x38 ./Drivers/adsb_driver/adsb_driver.o
                0x3400d954                ADSB_RingBuffers_Init
 .text.ADSB_GetFlagStatus
                0x3400d98c       0x68 ./Drivers/adsb_driver/adsb_driver.o
                0x3400d98c                ADSB_GetFlagStatus
 .text.ADSB_KeepLooking
                0x3400d9f4       0x22 ./Drivers/adsb_driver/adsb_driver.o
                0x3400d9f4                ADSB_KeepLooking
 *fill*         0x3400da16        0x2 
 .text.ADSB_RingBuff_FlagSet
                0x3400da18       0x38 ./Drivers/adsb_driver/adsb_driver.o
                0x3400da18                ADSB_RingBuff_FlagSet
 .text.ADSB_RingBuff_FlagUnSet
                0x3400da50       0x38 ./Drivers/adsb_driver/adsb_driver.o
                0x3400da50                ADSB_RingBuff_FlagUnSet
 .text.ADSB_GetRGBUFF_Address
                0x3400da88       0x14 ./Drivers/adsb_driver/adsb_driver.o
                0x3400da88                ADSB_GetRGBUFF_Address
 .text.ADSB_GetRGBUFF_Size
                0x3400da9c       0x10 ./Drivers/adsb_driver/adsb_driver.o
                0x3400da9c                ADSB_GetRGBUFF_Size
 .text.ADSB_MovFwd
                0x3400daac       0x3c ./Drivers/adsb_driver/adsb_driver.o
                0x3400daac                ADSB_MovFwd
 .text.ADSB_validateDF
                0x3400dae8       0x44 ./Drivers/adsb_driver/adsb_driver.o
                0x3400dae8                ADSB_validateDF
 .text.ADSB_RingBuffer_PushFrame
                0x3400db2c       0x82 ./Drivers/adsb_driver/adsb_driver.o
                0x3400db2c                ADSB_RingBuffer_PushFrame
 .text.ADSB_RingBuffer_PopFrame
                0x3400dbae       0x98 ./Drivers/adsb_driver/adsb_driver.o
                0x3400dbae                ADSB_RingBuffer_PopFrame
 .text.ADSB_RingBuffer_PushCPRFrame
                0x3400dc46       0x84 ./Drivers/adsb_driver/adsb_driver.o
                0x3400dc46                ADSB_RingBuffer_PushCPRFrame
 .text.ADSB_FindValidFrame
                0x3400dcca       0xe8 ./Drivers/adsb_driver/adsb_driver.o
                0x3400dcca                ADSB_FindValidFrame
 .text.ADSB_Get_Instant_DF
                0x3400ddb2       0x42 ./Drivers/adsb_driver/adsb_driver.o
                0x3400ddb2                ADSB_Get_Instant_DF
 .text.ADSB_Get_Instant_CA
                0x3400ddf4       0x28 ./Drivers/adsb_driver/adsb_driver.o
                0x3400ddf4                ADSB_Get_Instant_CA
 .text.ADSB_Get_Instant_ICAOAdd
                0x3400de1c       0x4a ./Drivers/adsb_driver/adsb_driver.o
                0x3400de1c                ADSB_Get_Instant_ICAOAdd
 .text.ADSB_Get_Instant_TC
                0x3400de66       0x42 ./Drivers/adsb_driver/adsb_driver.o
                0x3400de66                ADSB_Get_Instant_TC
 .text.ADSB_Get_Instant_ME
                0x3400dea8       0x6c ./Drivers/adsb_driver/adsb_driver.o
                0x3400dea8                ADSB_Get_Instant_ME
 .text.ADSB_Get_Instant_PI
                0x3400df14       0x4a ./Drivers/adsb_driver/adsb_driver.o
                0x3400df14                ADSB_Get_Instant_PI
 *fill*         0x3400df5e        0x2 
 .text.ADSB_Read_HalfBuffer
                0x3400df60       0x94 ./Drivers/adsb_driver/adsb_driver.o
                0x3400df60                ADSB_Read_HalfBuffer
 .text.ADSB_DecodeFrame
                0x3400dff4      0x1dc ./Drivers/adsb_driver/adsb_driver.o
                0x3400dff4                ADSB_DecodeFrame
 .text.ADSB_ParseMessage_GetEvenOddF
                0x3400e1d0       0x30 ./Drivers/adsb_driver/adsb_driver.o
                0x3400e1d0                ADSB_ParseMessage_GetEvenOddF
 .text.ADSB_ParseMessage_GetLAT
                0x3400e200       0x28 ./Drivers/adsb_driver/adsb_driver.o
                0x3400e200                ADSB_ParseMessage_GetLAT
 .text.ADSB_ParseMessage_GetLON
                0x3400e228       0x20 ./Drivers/adsb_driver/adsb_driver.o
                0x3400e228                ADSB_ParseMessage_GetLON
 .text.ADSB_Read_DownlinkFormatBuffer
                0x3400e248       0x7c ./Drivers/adsb_driver/adsb_driver.o
                0x3400e248                ADSB_Read_DownlinkFormatBuffer
 .text.memset   0x3400e2c4       0x10 C:/ST/STM32CubeIDE_1.19.0/STM32CubeIDE/plugins/com.st.stm32cube.ide.mcu.externaltools.gnu-tools-for-stm32.14.3.rel1.win32_1.0.100.202602081740/tools/bin/../lib/gcc/arm-none-eabi/14.3.1/../../../../arm-none-eabi/lib/thumb/v8-m.main+dp/hard\libc_nano.a(libc_a-memset.o)
                0x3400e2c4                memset
 .text.__libc_init_array
                0x3400e2d4       0x48 C:/ST/STM32CubeIDE_1.19.0/STM32CubeIDE/plugins/com.st.stm32cube.ide.mcu.externaltools.gnu-tools-for-stm32.14.3.rel1.win32_1.0.100.202602081740/tools/bin/../lib/gcc/arm-none-eabi/14.3.1/../../../../arm-none-eabi/lib/thumb/v8-m.main+dp/hard\libc_nano.a(libc_a-init.o)
                0x3400e2d4                __libc_init_array
 *(.glue_7)
 .glue_7        0x3400e31c        0x0 linker stubs
 *(.glue_7t)
 .glue_7t       0x3400e31c        0x0 linker stubs
 *(.eh_frame)
 .eh_frame      0x3400e31c        0x0 C:/ST/STM32CubeIDE_1.19.0/STM32CubeIDE/plugins/com.st.stm32cube.ide.mcu.externaltools.gnu-tools-for-stm32.14.3.rel1.win32_1.0.100.202602081740/tools/bin/../lib/gcc/arm-none-eabi/14.3.1/thumb/v8-m.main+dp/hard/crtbegin.o
 *(.RamFunc)
 *(.RamFunc*)
 *(.init)
 .init          0x3400e31c        0x4 C:/ST/STM32CubeIDE_1.19.0/STM32CubeIDE/plugins/com.st.stm32cube.ide.mcu.externaltools.gnu-tools-for-stm32.14.3.rel1.win32_1.0.100.202602081740/tools/bin/../lib/gcc/arm-none-eabi/14.3.1/thumb/v8-m.main+dp/hard/crti.o
                0x3400e31c                _init
 .init          0x3400e320        0x8 C:/ST/STM32CubeIDE_1.19.0/STM32CubeIDE/plugins/com.st.stm32cube.ide.mcu.externaltools.gnu-tools-for-stm32.14.3.rel1.win32_1.0.100.202602081740/tools/bin/../lib/gcc/arm-none-eabi/14.3.1/thumb/v8-m.main+dp/hard/crtn.o
 *(.fini)
 .fini          0x3400e328        0x4 C:/ST/STM32CubeIDE_1.19.0/STM32CubeIDE/plugins/com.st.stm32cube.ide.mcu.externaltools.gnu-tools-for-stm32.14.3.rel1.win32_1.0.100.202602081740/tools/bin/../lib/gcc/arm-none-eabi/14.3.1/thumb/v8-m.main+dp/hard/crti.o
                0x3400e328                _fini
 .fini          0x3400e32c        0x8 C:/ST/STM32CubeIDE_1.19.0/STM32CubeIDE/plugins/com.st.stm32cube.ide.mcu.externaltools.gnu-tools-for-stm32.14.3.rel1.win32_1.0.100.202602081740/tools/bin/../lib/gcc/arm-none-eabi/14.3.1/thumb/v8-m.main+dp/hard/crtn.o
                0x3400e334                        . = ALIGN (0x4)
                0x3400e334                        _etext = .

.vfp11_veneer   0x3400e334        0x0
 .vfp11_veneer  0x3400e334        0x0 linker stubs

.v4_bx          0x3400e334        0x0
 .v4_bx         0x3400e334        0x0 linker stubs

.iplt           0x3400e334        0x0
 .iplt          0x3400e334        0x0 C:/ST/STM32CubeIDE_1.19.0/STM32CubeIDE/plugins/com.st.stm32cube.ide.mcu.externaltools.gnu-tools-for-stm32.14.3.rel1.win32_1.0.100.202602081740/tools/bin/../lib/gcc/arm-none-eabi/14.3.1/thumb/v8-m.main+dp/hard/crtbegin.o

.rodata         0x3400e334       0x28
                0x3400e334                        . = ALIGN (0x4)
 *(.rodata)
 *(.rodata*)
 .rodata.UARTPrescTable
                0x3400e334       0x18 ./Drivers/STM32N6xx_HAL_Driver/stm32n6xx_hal_uart.o
                0x3400e334                UARTPrescTable
 .rodata.numerator.1
                0x3400e34c        0x8 ./Drivers/STM32N6xx_HAL_Driver/stm32n6xx_hal_uart_ex.o
 .rodata.denominator.0
                0x3400e354        0x8 ./Drivers/STM32N6xx_HAL_Driver/stm32n6xx_hal_uart_ex.o
                0x3400e35c                        . = ALIGN (0x4)

.ARM.extab      0x3400e35c        0x0
                0x3400e35c                        . = ALIGN (0x4)
 *(.ARM.extab* .gnu.linkonce.armextab.*)
                0x3400e35c                        . = ALIGN (0x4)

.ARM            0x3400e35c        0x8
                0x3400e35c                        . = ALIGN (0x4)
                0x3400e35c                        __exidx_start = .
 *(.ARM.exidx*)
 .ARM.exidx     0x3400e35c        0x8 C:/ST/STM32CubeIDE_1.19.0/STM32CubeIDE/plugins/com.st.stm32cube.ide.mcu.externaltools.gnu-tools-for-stm32.14.3.rel1.win32_1.0.100.202602081740/tools/bin/../lib/gcc/arm-none-eabi/14.3.1/thumb/v8-m.main+dp/hard\libgcc.a(_udivmoddi4.o)
                0x3400e364                        __exidx_end = .
                0x3400e364                        . = ALIGN (0x4)

.rel.dyn        0x3400e364        0x0
 .rel.iplt      0x3400e364        0x0 C:/ST/STM32CubeIDE_1.19.0/STM32CubeIDE/plugins/com.st.stm32cube.ide.mcu.externaltools.gnu-tools-for-stm32.14.3.rel1.win32_1.0.100.202602081740/tools/bin/../lib/gcc/arm-none-eabi/14.3.1/thumb/v8-m.main+dp/hard/crtbegin.o

.preinit_array  0x3400e364        0x0
                0x3400e364                        . = ALIGN (0x4)
                0x3400e364                        PROVIDE (__preinit_array_start = .)
 *(.preinit_array*)
                0x3400e364                        PROVIDE (__preinit_array_end = .)
                0x3400e364                        . = ALIGN (0x4)

.init_array     0x3400e364        0x4
                0x3400e364                        . = ALIGN (0x4)
                0x3400e364                        PROVIDE (__init_array_start = .)
 *(SORT_BY_NAME(.init_array.*))
 *(.init_array*)
 .init_array    0x3400e364        0x4 C:/ST/STM32CubeIDE_1.19.0/STM32CubeIDE/plugins/com.st.stm32cube.ide.mcu.externaltools.gnu-tools-for-stm32.14.3.rel1.win32_1.0.100.202602081740/tools/bin/../lib/gcc/arm-none-eabi/14.3.1/thumb/v8-m.main+dp/hard/crtbegin.o
                0x3400e368                        PROVIDE (__init_array_end = .)
                0x3400e368                        . = ALIGN (0x4)

.fini_array     0x3400e368        0x4
                0x3400e368                        . = ALIGN (0x4)
                [!provide]                        PROVIDE (__fini_array_start = .)
 *(SORT_BY_NAME(.fini_array.*))
 *(.fini_array*)
 .fini_array    0x3400e368        0x4 C:/ST/STM32CubeIDE_1.19.0/STM32CubeIDE/plugins/com.st.stm32cube.ide.mcu.externaltools.gnu-tools-for-stm32.14.3.rel1.win32_1.0.100.202602081740/tools/bin/../lib/gcc/arm-none-eabi/14.3.1/thumb/v8-m.main+dp/hard/crtbegin.o
                [!provide]                        PROVIDE (__fini_array_end = .)
                0x3400e36c                        . = ALIGN (0x4)
                0x3400e36c                        _sidata = LOADADDR (.data)

.data           0x34080000       0x10 load address 0x3400e36c
                0x34080000                        . = ALIGN (0x4)
                0x34080000                        _sdata = .
 *(.data)
 *(.data*)
 .data.SystemCoreClock
                0x34080000        0x4 ./Core/Src/system_stm32n6xx_s.o
                0x34080000                SystemCoreClock
 .data.uwTickPrio
                0x34080004        0x4 ./Drivers/STM32N6xx_HAL_Driver/stm32n6xx_hal.o
                0x34080004                uwTickPrio
 .data.uwTickFreq
                0x34080008        0x1 ./Drivers/STM32N6xx_HAL_Driver/stm32n6xx_hal.o
                0x34080008                uwTickFreq
 *fill*         0x34080009        0x3 
 .data.ADSB_ValidDFs
                0x3408000c        0x2 ./Drivers/adsb_driver/adsb_driver.o
                0x3408000c                ADSB_ValidDFs
                0x34080010                        . = ALIGN (0x4)
 *fill*         0x3408000e        0x2 
                0x34080010                        _edata = .

.igot.plt       0x34080010        0x0 load address 0x3400e37c
 .igot.plt      0x34080010        0x0 C:/ST/STM32CubeIDE_1.19.0/STM32CubeIDE/plugins/com.st.stm32cube.ide.mcu.externaltools.gnu-tools-for-stm32.14.3.rel1.win32_1.0.100.202602081740/tools/bin/../lib/gcc/arm-none-eabi/14.3.1/thumb/v8-m.main+dp/hard/crtbegin.o

.noncacheable   0x34080010       0x48 load address 0x3400e37c
                0x34080010                        . = ALIGN (0x8)
                0x34080010                        __snoncacheable = .
 *(.noncacheable)
 .noncacheable  0x34080010       0x48 ./Core/Src/main.o
                0x34080010                Node_GPDMA1_Channel1
                0x34080034                Node_GPDMA1_Channel0
                0x34080058                        . = ALIGN (0x8)
                0x34080058                        __enoncacheable = .

.gnu.sgstubs    0x3400e3e0       0x20
                0x3400e3e0                        _sNSCVeneer = .
                0x3400e3e0                        . = ALIGN (0x4)
 *(.gnu.sgstubs*)
                0x3400e3e0                        . = ALIGN (0x4)
 .gnu.sgstubs.__stub
                0x3400e3e0       0x10 linker stubs
                0x3400e3e0                SECURE_SystemCoreClockUpdate
                0x3400e3e8                SECURE_RegisterCallback
                0x3400e400                        _eNSCVeneer = .
                0x3400e3f0                        . = ALIGN (0x4)

.bss            0x34080058     0x8734
                0x34080058                        _sbss = .
                0x34080058                        __bss_start__ = _sbss
 *(.bss)
 .bss           0x34080058       0x1c C:/ST/STM32CubeIDE_1.19.0/STM32CubeIDE/plugins/com.st.stm32cube.ide.mcu.externaltools.gnu-tools-for-stm32.14.3.rel1.win32_1.0.100.202602081740/tools/bin/../lib/gcc/arm-none-eabi/14.3.1/thumb/v8-m.main+dp/hard/crtbegin.o
 *(.bss*)
 .bss.huart1    0x34080074       0x94 ./Core/Src/main.o
                0x34080074                huart1
 .bss.huart2    0x34080108       0x94 ./Core/Src/main.o
                0x34080108                huart2
 .bss.List_GPDMA1_Channel1
                0x3408019c       0x18 ./Core/Src/main.o
                0x3408019c                List_GPDMA1_Channel1
 .bss.handle_GPDMA1_Channel1
                0x340801b4       0x78 ./Core/Src/main.o
                0x340801b4                handle_GPDMA1_Channel1
 .bss.List_GPDMA1_Channel0
                0x3408022c       0x18 ./Core/Src/main.o
                0x3408022c                List_GPDMA1_Channel0
 .bss.handle_GPDMA1_Channel0
                0x34080244       0x78 ./Core/Src/main.o
                0x34080244                handle_GPDMA1_Channel0
 .bss.ADSB_ReceiveBuff
                0x340802bc       0x18 ./Core/Src/main.o
                0x340802bc                ADSB_ReceiveBuff
 .bss.adsbflagStatus
                0x340802d4        0x1 ./Core/Src/main.o
                0x340802d4                adsbflagStatus
 .bss.StartParsingFlag
                0x340802d5        0x1 ./Core/Src/main.o
                0x340802d5                StartParsingFlag
 *fill*         0x340802d6        0x2 
 .bss.pSecureFaultCallback
                0x340802d8        0x4 ./Core/Src/secure_nsc.o
                0x340802d8                pSecureFaultCallback
 .bss.pSecureErrorCallback
                0x340802dc        0x4 ./Core/Src/secure_nsc.o
                0x340802dc                pSecureErrorCallback
 .bss.uwTick    0x340802e0        0x4 ./Drivers/STM32N6xx_HAL_Driver/stm32n6xx_hal.o
                0x340802e0                uwTick
 .bss.ADSB_RxBuff
                0x340802e4       0x80 ./Drivers/adsb_driver/adsb_driver.o
                0x340802e4                ADSB_RxBuff
 *fill*         0x34080364        0x4 
 .bss.DF_17_BuffStg
                0x34080368     0x3e80 ./Drivers/adsb_driver/adsb_driver.o
                0x34080368                DF_17_BuffStg
 .bss.DF_18_BuffStg
                0x340841e8     0x3e80 ./Drivers/adsb_driver/adsb_driver.o
                0x340841e8                DF_18_BuffStg
 .bss.RGBuff_DF_17
                0x34088068       0x18 ./Drivers/adsb_driver/adsb_driver.o
                0x34088068                RGBuff_DF_17
 .bss.RGBuff_DF_18
                0x34088080       0x18 ./Drivers/adsb_driver/adsb_driver.o
                0x34088080                RGBuff_DF_18
 .bss.EVEN_BuffStg
                0x34088098      0x1f4 ./Drivers/adsb_driver/adsb_driver.o
                0x34088098                EVEN_BuffStg
 .bss.ODD_BuffStg
                0x3408828c      0x1f4 ./Drivers/adsb_driver/adsb_driver.o
                0x3408828c                ODD_BuffStg
 .bss.RGBuff_CPR_EVEN
                0x34088480       0x1c ./Drivers/adsb_driver/adsb_driver.o
                0x34088480                RGBuff_CPR_EVEN
 .bss.RGBuff_CPR_ODD
                0x3408849c       0x1c ./Drivers/adsb_driver/adsb_driver.o
                0x3408849c                RGBuff_CPR_ODD
 .bss.ADSAB_LUT_NL
                0x340884b8      0x2d0 ./Drivers/adsb_driver/adsb_driver.o
                0x340884b8                ADSAB_LUT_NL
 .bss.Buff2Parse_FstHalf_flg
                0x34088788        0x1 ./Drivers/adsb_driver/adsb_driver.o
                0x34088788                Buff2Parse_FstHalf_flg
 .bss.Buff2Parse_SndHalf_flg
                0x34088789        0x1 ./Drivers/adsb_driver/adsb_driver.o
                0x34088789                Buff2Parse_SndHalf_flg
 *(COMMON)
                0x3408878c                        . = ALIGN (0x4)
 *fill*         0x3408878a        0x2 
                0x3408878c                        _ebss = .
                0x3408878c                        __bss_end__ = _ebss

._user_heap_stack
                0x3408878c      0xa04
                0x34088790                        . = ALIGN (0x8)
 *fill*         0x3408878c        0x4 
                [!provide]                        PROVIDE (end = .)
                0x34088790                        PROVIDE (_end = .)
                0x34088990                        . = (. + _Min_Heap_Size)
 *fill*         0x34088790      0x200 
                0x34089190                        . = (. + _Min_Stack_Size)
 *fill*         0x34088990      0x800 
                0x34089190                        . = ALIGN (0x8)

/DISCARD/
 libc.a(*)
 libm.a(*)
 libgcc.a(*)

.ARM.attributes
                0x00000000       0x3a
 *(.ARM.attributes)
 .ARM.attributes
                0x00000000       0x24 C:/ST/STM32CubeIDE_1.19.0/STM32CubeIDE/plugins/com.st.stm32cube.ide.mcu.externaltools.gnu-tools-for-stm32.14.3.rel1.win32_1.0.100.202602081740/tools/bin/../lib/gcc/arm-none-eabi/14.3.1/thumb/v8-m.main+dp/hard/crti.o
 .ARM.attributes
                0x00000024       0x36 C:/ST/STM32CubeIDE_1.19.0/STM32CubeIDE/plugins/com.st.stm32cube.ide.mcu.externaltools.gnu-tools-for-stm32.14.3.rel1.win32_1.0.100.202602081740/tools/bin/../lib/gcc/arm-none-eabi/14.3.1/thumb/v8-m.main+dp/hard/crtbegin.o
 .ARM.attributes
                0x0000005a       0x3e ./Core/Src/main.o
 .ARM.attributes
                0x00000098       0x3e ./Core/Src/secure_nsc.o
 .ARM.attributes
                0x000000d6       0x3e ./Core/Src/stm32n6xx_hal_msp.o
 .ARM.attributes
                0x00000114       0x3e ./Core/Src/stm32n6xx_it.o
 .ARM.attributes
                0x00000152       0x3e ./Core/Src/system_stm32n6xx_s.o
 .ARM.attributes
                0x00000190       0x22 ./Core/Startup/startup_stm32n657x0hxq.o
 .ARM.attributes
                0x000001b2       0x3e ./Drivers/STM32N6xx_HAL_Driver/stm32n6xx_hal.o
 .ARM.attributes
                0x000001f0       0x3e ./Drivers/STM32N6xx_HAL_Driver/stm32n6xx_hal_cortex.o
 .ARM.attributes
                0x0000022e       0x3e ./Drivers/STM32N6xx_HAL_Driver/stm32n6xx_hal_dma.o
 .ARM.attributes
                0x0000026c       0x3e ./Drivers/STM32N6xx_HAL_Driver/stm32n6xx_hal_dma_ex.o
 .ARM.attributes
                0x000002aa       0x3e ./Drivers/STM32N6xx_HAL_Driver/stm32n6xx_hal_gpio.o
 .ARM.attributes
                0x000002e8       0x3e ./Drivers/STM32N6xx_HAL_Driver/stm32n6xx_hal_pwr_ex.o
 .ARM.attributes
                0x00000326       0x3e ./Drivers/STM32N6xx_HAL_Driver/stm32n6xx_hal_rcc.o
 .ARM.attributes
                0x00000364       0x3e ./Drivers/STM32N6xx_HAL_Driver/stm32n6xx_hal_rcc_ex.o
 .ARM.attributes
                0x000003a2       0x3e ./Drivers/STM32N6xx_HAL_Driver/stm32n6xx_hal_rif.o
 .ARM.attributes
                0x000003e0       0x3e ./Drivers/STM32N6xx_HAL_Driver/stm32n6xx_hal_uart.o
 .ARM.attributes
                0x0000041e       0x3e ./Drivers/STM32N6xx_HAL_Driver/stm32n6xx_hal_uart_ex.o
 .ARM.attributes
                0x0000045c       0x3e ./Drivers/adsb_driver/adsb_driver.o
 .ARM.attributes
                0x0000049a       0x36 C:/ST/STM32CubeIDE_1.19.0/STM32CubeIDE/plugins/com.st.stm32cube.ide.mcu.externaltools.gnu-tools-for-stm32.14.3.rel1.win32_1.0.100.202602081740/tools/bin/../lib/gcc/arm-none-eabi/14.3.1/../../../../arm-none-eabi/lib/thumb/v8-m.main+dp/hard\libc_nano.a(libc_a-memset.o)
 .ARM.attributes
                0x000004d0       0x36 C:/ST/STM32CubeIDE_1.19.0/STM32CubeIDE/plugins/com.st.stm32cube.ide.mcu.externaltools.gnu-tools-for-stm32.14.3.rel1.win32_1.0.100.202602081740/tools/bin/../lib/gcc/arm-none-eabi/14.3.1/../../../../arm-none-eabi/lib/thumb/v8-m.main+dp/hard\libc_nano.a(libc_a-init.o)
 .ARM.attributes
                0x00000506       0x24 C:/ST/STM32CubeIDE_1.19.0/STM32CubeIDE/plugins/com.st.stm32cube.ide.mcu.externaltools.gnu-tools-for-stm32.14.3.rel1.win32_1.0.100.202602081740/tools/bin/../lib/gcc/arm-none-eabi/14.3.1/thumb/v8-m.main+dp/hard\libgcc.a(_aeabi_uldivmod.o)
 .ARM.attributes
                0x0000052a       0x36 C:/ST/STM32CubeIDE_1.19.0/STM32CubeIDE/plugins/com.st.stm32cube.ide.mcu.externaltools.gnu-tools-for-stm32.14.3.rel1.win32_1.0.100.202602081740/tools/bin/../lib/gcc/arm-none-eabi/14.3.1/thumb/v8-m.main+dp/hard\libgcc.a(_udivmoddi4.o)
 .ARM.attributes
                0x00000560       0x24 C:/ST/STM32CubeIDE_1.19.0/STM32CubeIDE/plugins/com.st.stm32cube.ide.mcu.externaltools.gnu-tools-for-stm32.14.3.rel1.win32_1.0.100.202602081740/tools/bin/../lib/gcc/arm-none-eabi/14.3.1/thumb/v8-m.main+dp/hard\libgcc.a(_dvmd_tls.o)
 .ARM.attributes
                0x00000584       0x24 C:/ST/STM32CubeIDE_1.19.0/STM32CubeIDE/plugins/com.st.stm32cube.ide.mcu.externaltools.gnu-tools-for-stm32.14.3.rel1.win32_1.0.100.202602081740/tools/bin/../lib/gcc/arm-none-eabi/14.3.1/thumb/v8-m.main+dp/hard/crtn.o
OUTPUT(AvoidanceCollisionSystem_Appli.elf elf32-littlearm)
LOAD linker stubs
LOAD C:/ST/STM32CubeIDE_1.19.0/STM32CubeIDE/plugins/com.st.stm32cube.ide.mcu.externaltools.gnu-tools-for-stm32.14.3.rel1.win32_1.0.100.202602081740/tools/bin/../lib/gcc/arm-none-eabi/14.3.1/../../../../arm-none-eabi/lib/thumb/v8-m.main+dp/hard\libc.a
LOAD C:/ST/STM32CubeIDE_1.19.0/STM32CubeIDE/plugins/com.st.stm32cube.ide.mcu.externaltools.gnu-tools-for-stm32.14.3.rel1.win32_1.0.100.202602081740/tools/bin/../lib/gcc/arm-none-eabi/14.3.1/../../../../arm-none-eabi/lib/thumb/v8-m.main+dp/hard\libm.a
LOAD C:/ST/STM32CubeIDE_1.19.0/STM32CubeIDE/plugins/com.st.stm32cube.ide.mcu.externaltools.gnu-tools-for-stm32.14.3.rel1.win32_1.0.100.202602081740/tools/bin/../lib/gcc/arm-none-eabi/14.3.1/thumb/v8-m.main+dp/hard\libgcc.a

.debug_info     0x00000000    0x1c896
 .debug_info    0x00000000     0x2470 ./Core/Src/main.o
 .debug_info    0x00002470      0x103 ./Core/Src/secure_nsc.o
 .debug_info    0x00002573     0x28b6 ./Core/Src/stm32n6xx_hal_msp.o
 .debug_info    0x00004e29      0x9c1 ./Core/Src/stm32n6xx_it.o
 .debug_info    0x000057ea     0x1ab2 ./Core/Src/system_stm32n6xx_s.o
 .debug_info    0x0000729c       0x30 ./Core/Startup/startup_stm32n657x0hxq.o
 .debug_info    0x000072cc     0x27e2 ./Drivers/STM32N6xx_HAL_Driver/stm32n6xx_hal.o
 .debug_info    0x00009aae     0x1490 ./Drivers/STM32N6xx_HAL_Driver/stm32n6xx_hal_cortex.o
 .debug_info    0x0000af3e      0xbfa ./Drivers/STM32N6xx_HAL_Driver/stm32n6xx_hal_dma.o
 .debug_info    0x0000bb38     0x192d ./Drivers/STM32N6xx_HAL_Driver/stm32n6xx_hal_dma_ex.o
 .debug_info    0x0000d465      0xafd ./Drivers/STM32N6xx_HAL_Driver/stm32n6xx_hal_gpio.o
 .debug_info    0x0000df62      0xd08 ./Drivers/STM32N6xx_HAL_Driver/stm32n6xx_hal_pwr_ex.o
 .debug_info    0x0000ec6a     0x2161 ./Drivers/STM32N6xx_HAL_Driver/stm32n6xx_hal_rcc.o
 .debug_info    0x00010dcb     0x3841 ./Drivers/STM32N6xx_HAL_Driver/stm32n6xx_hal_rcc_ex.o
 .debug_info    0x0001460c      0xeb6 ./Drivers/STM32N6xx_HAL_Driver/stm32n6xx_hal_rif.o
 .debug_info    0x000154c2     0x45b3 ./Drivers/STM32N6xx_HAL_Driver/stm32n6xx_hal_uart.o
 .debug_info    0x00019a75     0x10f3 ./Drivers/STM32N6xx_HAL_Driver/stm32n6xx_hal_uart_ex.o
 .debug_info    0x0001ab68     0x1d2e ./Drivers/adsb_driver/adsb_driver.o

.debug_abbrev   0x00000000     0x2956
 .debug_abbrev  0x00000000      0x2f2 ./Core/Src/main.o
 .debug_abbrev  0x000002f2       0x9f ./Core/Src/secure_nsc.o
 .debug_abbrev  0x00000391      0x299 ./Core/Src/stm32n6xx_hal_msp.o
 .debug_abbrev  0x0000062a      0x186 ./Core/Src/stm32n6xx_it.o
 .debug_abbrev  0x000007b0      0x177 ./Core/Src/system_stm32n6xx_s.o
 .debug_abbrev  0x00000927       0x24 ./Core/Startup/startup_stm32n657x0hxq.o
 .debug_abbrev  0x0000094b      0x2bd ./Drivers/STM32N6xx_HAL_Driver/stm32n6xx_hal.o
 .debug_abbrev  0x00000c08      0x346 ./Drivers/STM32N6xx_HAL_Driver/stm32n6xx_hal_cortex.o
 .debug_abbrev  0x00000f4e      0x1dd ./Drivers/STM32N6xx_HAL_Driver/stm32n6xx_hal_dma.o
 .debug_abbrev  0x0000112b      0x21c ./Drivers/STM32N6xx_HAL_Driver/stm32n6xx_hal_dma_ex.o
 .debug_abbrev  0x00001347      0x24d ./Drivers/STM32N6xx_HAL_Driver/stm32n6xx_hal_gpio.o
 .debug_abbrev  0x00001594      0x265 ./Drivers/STM32N6xx_HAL_Driver/stm32n6xx_hal_pwr_ex.o
 .debug_abbrev  0x000017f9      0x36a ./Drivers/STM32N6xx_HAL_Driver/stm32n6xx_hal_rcc.o
 .debug_abbrev  0x00001b63      0x305 ./Drivers/STM32N6xx_HAL_Driver/stm32n6xx_hal_rcc_ex.o
 .debug_abbrev  0x00001e68      0x2a5 ./Drivers/STM32N6xx_HAL_Driver/stm32n6xx_hal_rif.o
 .debug_abbrev  0x0000210d      0x306 ./Drivers/STM32N6xx_HAL_Driver/stm32n6xx_hal_uart.o
 .debug_abbrev  0x00002413      0x2d5 ./Drivers/STM32N6xx_HAL_Driver/stm32n6xx_hal_uart_ex.o
 .debug_abbrev  0x000026e8      0x26e ./Drivers/adsb_driver/adsb_driver.o

.debug_aranges  0x00000000     0x1d60
 .debug_aranges
                0x00000000       0x78 ./Core/Src/main.o
 .debug_aranges
                0x00000078       0x20 ./Core/Src/secure_nsc.o
 .debug_aranges
                0x00000098       0x58 ./Core/Src/stm32n6xx_hal_msp.o
 .debug_aranges
                0x000000f0       0x80 ./Core/Src/stm32n6xx_it.o
 .debug_aranges
                0x00000170       0x38 ./Core/Src/system_stm32n6xx_s.o
 .debug_aranges
                0x000001a8       0x28 ./Core/Startup/startup_stm32n657x0hxq.o
 .debug_aranges
                0x000001d0      0x3d0 ./Drivers/STM32N6xx_HAL_Driver/stm32n6xx_hal.o
 .debug_aranges
                0x000005a0      0x178 ./Drivers/STM32N6xx_HAL_Driver/stm32n6xx_hal_cortex.o
 .debug_aranges
                0x00000718       0xb8 ./Drivers/STM32N6xx_HAL_Driver/stm32n6xx_hal_dma.o
 .debug_aranges
                0x000007d0      0x1a0 ./Drivers/STM32N6xx_HAL_Driver/stm32n6xx_hal_dma_ex.o
 .debug_aranges
                0x00000970       0xa8 ./Drivers/STM32N6xx_HAL_Driver/stm32n6xx_hal_gpio.o
 .debug_aranges
                0x00000a18      0x260 ./Drivers/STM32N6xx_HAL_Driver/stm32n6xx_hal_pwr_ex.o
 .debug_aranges
                0x00000c78      0x2a0 ./Drivers/STM32N6xx_HAL_Driver/stm32n6xx_hal_rcc.o
 .debug_aranges
                0x00000f18      0x758 ./Drivers/STM32N6xx_HAL_Driver/stm32n6xx_hal_rcc_ex.o
 .debug_aranges
                0x00001670       0xf0 ./Drivers/STM32N6xx_HAL_Driver/stm32n6xx_hal_rif.o
 .debug_aranges
                0x00001760      0x248 ./Drivers/STM32N6xx_HAL_Driver/stm32n6xx_hal_uart.o
 .debug_aranges
                0x000019a8       0xa8 ./Drivers/STM32N6xx_HAL_Driver/stm32n6xx_hal_uart_ex.o
 .debug_aranges
                0x00001a50      0x310 ./Drivers/adsb_driver/adsb_driver.o

.debug_rnglists
                0x00000000     0x1689
 .debug_rnglists
                0x00000000       0x59 ./Core/Src/main.o
 .debug_rnglists
                0x00000059       0x13 ./Core/Src/secure_nsc.o
 .debug_rnglists
                0x0000006c       0x3e ./Core/Src/stm32n6xx_hal_msp.o
 .debug_rnglists
                0x000000aa       0x5b ./Core/Src/stm32n6xx_it.o
 .debug_rnglists
                0x00000105       0x26 ./Core/Src/system_stm32n6xx_s.o
 .debug_rnglists
                0x0000012b       0x19 ./Core/Startup/startup_stm32n657x0hxq.o
 .debug_rnglists
                0x00000144      0x2da ./Drivers/STM32N6xx_HAL_Driver/stm32n6xx_hal.o
 .debug_rnglists
                0x0000041e      0x115 ./Drivers/STM32N6xx_HAL_Driver/stm32n6xx_hal_cortex.o
 .debug_rnglists
                0x00000533       0x91 ./Drivers/STM32N6xx_HAL_Driver/stm32n6xx_hal_dma.o
 .debug_rnglists
                0x000005c4      0x155 ./Drivers/STM32N6xx_HAL_Driver/stm32n6xx_hal_dma_ex.o
 .debug_rnglists
                0x00000719       0x80 ./Drivers/STM32N6xx_HAL_Driver/stm32n6xx_hal_gpio.o
 .debug_rnglists
                0x00000799      0x1c9 ./Drivers/STM32N6xx_HAL_Driver/stm32n6xx_hal_pwr_ex.o
 .debug_rnglists
                0x00000962      0x201 ./Drivers/STM32N6xx_HAL_Driver/stm32n6xx_hal_rcc.o
 .debug_rnglists
                0x00000b63      0x5a1 ./Drivers/STM32N6xx_HAL_Driver/stm32n6xx_hal_rcc_ex.o
 .debug_rnglists
                0x00001104       0xb6 ./Drivers/STM32N6xx_HAL_Driver/stm32n6xx_hal_rif.o
 .debug_rnglists
                0x000011ba      0x1f9 ./Drivers/STM32N6xx_HAL_Driver/stm32n6xx_hal_uart.o
 .debug_rnglists
                0x000013b3       0x7f ./Drivers/STM32N6xx_HAL_Driver/stm32n6xx_hal_uart_ex.o
 .debug_rnglists
                0x00001432      0x257 ./Drivers/adsb_driver/adsb_driver.o

.debug_macro    0x00000000    0x5317c
 .debug_macro   0x00000000      0x316 ./Core/Src/main.o
 .debug_macro   0x00000316      0xb5c ./Core/Src/main.o
 .debug_macro   0x00000e72       0x16 ./Core/Src/main.o
 .debug_macro   0x00000e88      0x1e0 ./Core/Src/main.o
 .debug_macro   0x00001068      0x190 ./Core/Src/main.o
 .debug_macro   0x000011f8       0x63 ./Core/Src/main.o
 .debug_macro   0x0000125b       0x2e ./Core/Src/main.o
 .debug_macro   0x00001289       0x6c ./Core/Src/main.o
 .debug_macro   0x000012f5       0x22 ./Core/Src/main.o
 .debug_macro   0x00001317       0x8e ./Core/Src/main.o
 .debug_macro   0x000013a5       0x51 ./Core/Src/main.o
 .debug_macro   0x000013f6      0x103 ./Core/Src/main.o
 .debug_macro   0x000014f9       0x6a ./Core/Src/main.o
 .debug_macro   0x00001563      0x1df ./Core/Src/main.o
 .debug_macro   0x00001742       0x2e ./Core/Src/main.o
 .debug_macro   0x00001770       0x17 ./Core/Src/main.o
 .debug_macro   0x00001787       0x58 ./Core/Src/main.o
 .debug_macro   0x000017df      0x26d ./Core/Src/main.o
 .debug_macro   0x00001a4c       0x3a ./Core/Src/main.o
 .debug_macro   0x00001a86     0x2f0c ./Core/Src/main.o
 .debug_macro   0x00004992      0x130 ./Core/Src/main.o
 .debug_macro   0x00004ac2      0x344 ./Core/Src/main.o
 .debug_macro   0x00004e06      0x146 ./Core/Src/main.o
 .debug_macro   0x00004f4c       0x22 ./Core/Src/main.o
 .debug_macro   0x00004f6e    0x3e927 ./Core/Src/main.o
 .debug_macro   0x00043895       0x6c ./Core/Src/main.o
 .debug_macro   0x00043901     0x349b ./Core/Src/main.o
 .debug_macro   0x00046d9c       0x61 ./Core/Src/main.o
 .debug_macro   0x00046dfd       0x29 ./Core/Src/main.o
 .debug_macro   0x00046e26       0x43 ./Core/Src/main.o
 .debug_macro   0x00046e69       0x34 ./Core/Src/main.o
 .debug_macro   0x00046e9d      0x364 ./Core/Src/main.o
 .debug_macro   0x00047201       0x16 ./Core/Src/main.o
 .debug_macro   0x00047217       0x4a ./Core/Src/main.o
 .debug_macro   0x00047261       0x34 ./Core/Src/main.o
 .debug_macro   0x00047295       0x10 ./Core/Src/main.o
 .debug_macro   0x000472a5       0x58 ./Core/Src/main.o
 .debug_macro   0x000472fd       0x8e ./Core/Src/main.o
 .debug_macro   0x0004738b       0x1c ./Core/Src/main.o
 .debug_macro   0x000473a7      0x17e ./Core/Src/main.o
 .debug_macro   0x00047525      0x19b ./Core/Src/main.o
 .debug_macro   0x000476c0       0x72 ./Core/Src/main.o
 .debug_macro   0x00047732      0x47a ./Core/Src/main.o
 .debug_macro   0x00047bac     0x10f7 ./Core/Src/main.o
 .debug_macro   0x00048ca3     0x27e2 ./Core/Src/main.o
 .debug_macro   0x0004b485      0xfd4 ./Core/Src/main.o
 .debug_macro   0x0004c459      0x1af ./Core/Src/main.o
 .debug_macro   0x0004c608      0x2c9 ./Core/Src/main.o
 .debug_macro   0x0004c8d1      0x2c4 ./Core/Src/main.o
 .debug_macro   0x0004cb95      0x781 ./Core/Src/main.o
 .debug_macro   0x0004d316      0xa36 ./Core/Src/main.o
 .debug_macro   0x0004dd4c      0x7b2 ./Core/Src/main.o