Archive member included to satisfy reference by file (symbol)

C:/ST/STM32CubeIDE_1.19.0/STM32CubeIDE/plugins/com.st.stm32cube.ide.mcu.externaltools.gnu-tools-for-stm32.14.3.rel1.win32_1.0.100.202602081740/tools/bin/../lib/gcc/arm-none-eabi/14.3.1/../../../../arm-none-eabi/lib/thumb/v8-m.main+dp/hard\libc_nano.a(libc_a-exit.o)
                              C:/ST/STM32CubeIDE_1.19.0/STM32CubeIDE/plugins/com.st.stm32cube.ide.mcu.externaltools.gnu-tools-for-stm32.14.3.rel1.win32_1.0.100.202602081740/tools/bin/../lib/gcc/arm-none-eabi/14.3.1/../../../../arm-none-eabi/lib/thumb/v8-m.main+dp/hard/crt0.o (exit)
C:/ST/STM32CubeIDE_1.19.0/STM32CubeIDE/plugins/com.st.stm32cube.ide.mcu.externaltools.gnu-tools-for-stm32.14.3.rel1.win32_1.0.100.202602081740/tools/bin/../lib/gcc/arm-none-eabi/14.3.1/../../../../arm-none-eabi/lib/thumb/v8-m.main+dp/hard\libc_nano.a(libc_a-findfp.o)
                              C:/ST/STM32CubeIDE_1.19.0/STM32CubeIDE/plugins/com.st.stm32cube.ide.mcu.externaltools.gnu-tools-for-stm32.14.3.rel1.win32_1.0.100.202602081740/tools/bin/../lib/gcc/arm-none-eabi/14.3.1/../../../../arm-none-eabi/lib/thumb/v8-m.main+dp/hard\libc_nano.a(libc_a-exit.o) (__stdio_exit_handler)
C:/ST/STM32CubeIDE_1.19.0/STM32CubeIDE/plugins/com.st.stm32cube.ide.mcu.externaltools.gnu-tools-for-stm32.14.3.rel1.win32_1.0.100.202602081740/tools/bin/../lib/gcc/arm-none-eabi/14.3.1/../../../../arm-none-eabi/lib/thumb/v8-m.main+dp/hard\libc_nano.a(libc_a-fwalk.o)
                              C:/ST/STM32CubeIDE_1.19.0/STM32CubeIDE/plugins/com.st.stm32cube.ide.mcu.externaltools.gnu-tools-for-stm32.14.3.rel1.win32_1.0.100.202602081740/tools/bin/../lib/gcc/arm-none-eabi/14.3.1/../../../../arm-none-eabi/lib/thumb/v8-m.main+dp/hard\libc_nano.a(libc_a-findfp.o) (_fwalk_sglue)
C:/ST/STM32CubeIDE_1.19.0/STM32CubeIDE/plugins/com.st.stm32cube.ide.mcu.externaltools.gnu-tools-for-stm32.14.3.rel1.win32_1.0.100.202602081740/tools/bin/../lib/gcc/arm-none-eabi/14.3.1/../../../../arm-none-eabi/lib/thumb/v8-m.main+dp/hard\libc_nano.a(libc_a-stdio.o)
                              C:/ST/STM32CubeIDE_1.19.0/STM32CubeIDE/plugins/com.st.stm32cube.ide.mcu.externaltools.gnu-tools-for-stm32.14.3.rel1.win32_1.0.100.202602081740/tools/bin/../lib/gcc/arm-none-eabi/14.3.1/../../../../arm-none-eabi/lib/thumb/v8-m.main+dp/hard\libc_nano.a(libc_a-findfp.o) (__sread)
C:/ST/STM32CubeIDE_1.19.0/STM32CubeIDE/plugins/com.st.stm32cube.ide.mcu.externaltools.gnu-tools-for-stm32.14.3.rel1.win32_1.0.100.202602081740/tools/bin/../lib/gcc/arm-none-eabi/14.3.1/../../../../arm-none-eabi/lib/thumb/v8-m.main+dp/hard\libc_nano.a(libc_a-memset.o)
                              C:/ST/STM32CubeIDE_1.19.0/STM32CubeIDE/plugins/com.st.stm32cube.ide.mcu.externaltools.gnu-tools-for-stm32.14.3.rel1.win32_1.0.100.202602081740/tools/bin/../lib/gcc/arm-none-eabi/14.3.1/../../../../arm-none-eabi/lib/thumb/v8-m.main+dp/hard/crt0.o (memset)
C:/ST/STM32CubeIDE_1.19.0/STM32CubeIDE/plugins/com.st.stm32cube.ide.mcu.externaltools.gnu-tools-for-stm32.14.3.rel1.win32_1.0.100.202602081740/tools/bin/../lib/gcc/arm-none-eabi/14.3.1/../../../../arm-none-eabi/lib/thumb/v8-m.main+dp/hard\libc_nano.a(libc_a-closer.o)
                              C:/ST/STM32CubeIDE_1.19.0/STM32CubeIDE/plugins/com.st.stm32cube.ide.mcu.externaltools.gnu-tools-for-stm32.14.3.rel1.win32_1.0.100.202602081740/tools/bin/../lib/gcc/arm-none-eabi/14.3.1/../../../../arm-none-eabi/lib/thumb/v8-m.main+dp/hard\libc_nano.a(libc_a-stdio.o) (_close_r)
C:/ST/STM32CubeIDE_1.19.0/STM32CubeIDE/plugins/com.st.stm32cube.ide.mcu.externaltools.gnu-tools-for-stm32.14.3.rel1.win32_1.0.100.202602081740/tools/bin/../lib/gcc/arm-none-eabi/14.3.1/../../../../arm-none-eabi/lib/thumb/v8-m.main+dp/hard\libc_nano.a(libc_a-reent.o)
                              C:/ST/STM32CubeIDE_1.19.0/STM32CubeIDE/plugins/com.st.stm32cube.ide.mcu.externaltools.gnu-tools-for-stm32.14.3.rel1.win32_1.0.100.202602081740/tools/bin/../lib/gcc/arm-none-eabi/14.3.1/../../../../arm-none-eabi/lib/thumb/v8-m.main+dp/hard\libc_nano.a(libc_a-closer.o) (errno)
C:/ST/STM32CubeIDE_1.19.0/STM32CubeIDE/plugins/com.st.stm32cube.ide.mcu.externaltools.gnu-tools-for-stm32.14.3.rel1.win32_1.0.100.202602081740/tools/bin/../lib/gcc/arm-none-eabi/14.3.1/../../../../arm-none-eabi/lib/thumb/v8-m.main+dp/hard\libc_nano.a(libc_a-impure.o)
                              C:/ST/STM32CubeIDE_1.19.0/STM32CubeIDE/plugins/com.st.stm32cube.ide.mcu.externaltools.gnu-tools-for-stm32.14.3.rel1.win32_1.0.100.202602081740/tools/bin/../lib/gcc/arm-none-eabi/14.3.1/../../../../arm-none-eabi/lib/thumb/v8-m.main+dp/hard\libc_nano.a(libc_a-reent.o) (_impure_ptr)
C:/ST/STM32CubeIDE_1.19.0/STM32CubeIDE/plugins/com.st.stm32cube.ide.mcu.externaltools.gnu-tools-for-stm32.14.3.rel1.win32_1.0.100.202602081740/tools/bin/../lib/gcc/arm-none-eabi/14.3.1/../../../../arm-none-eabi/lib/thumb/v8-m.main+dp/hard\libc_nano.a(libc_a-lseekr.o)
[...]
Memory Configuration

Name             Origin             Length             Attributes
ROM              0x34000400         0x0007fc00         xrw
RAM              0x34080000         0x00180000         xrw
*default*        0x00000000         0xffffffff

Linker script and memory map

LOAD C:/ST/STM32CubeIDE_1.19.0/STM32CubeIDE/plugins/com.st.stm32cube.ide.mcu.externaltools.gnu-tools-for-stm32.14.3.rel1.win32_1.0.100.202602081740/tools/bin/../lib/gcc/arm-none-eabi/14.3.1/thumb/v8-m.main+dp/hard/crti.o
LOAD C:/ST/STM32CubeIDE_1.19.0/STM32CubeIDE/plugins/com.st.stm32cube.ide.mcu.externaltools.gnu-tools-for-stm32.14.3.rel1.win32_1.0.100.202602081740/tools/bin/../lib/gcc/arm-none-eabi/14.3.1/thumb/v8-m.main+dp/hard/crtbegin.o
LOAD C:/ST/STM32CubeIDE_1.19.0/STM32CubeIDE/plugins/com.st.stm32cube.ide.mcu.externaltools.gnu-tools-for-stm32.14.3.rel1.win32_1.0.100.202602081740/tools/bin/../lib/gcc/arm-none-eabi/14.3.1/../../../../arm-none-eabi/lib/thumb/v8-m.main+dp/hard/crt0.o
LOAD ./Core/Src/main.o
LOAD ./Core/Src/secure_nsc.o
LOAD ./Core/Src/stm32n6xx_hal_msp.o
LOAD ./Core/Src/stm32n6xx_it.o
LOAD ./Core/Src/syscalls.o
LOAD ./Core/Src/sysmem.o
LOAD ./Core/Src/system_stm32n6xx_s.o
LOAD ./Core/Startup/startup_stm32n657x0hxq.o
LOAD ./Drivers/STM32N6xx_HAL_Driver/stm32n6xx_hal.o
LOAD ./Drivers/STM32N6xx_HAL_Driver/stm32n6xx_hal_cortex.o
LOAD ./Drivers/STM32N6xx_HAL_Driver/stm32n6xx_hal_dma.o
LOAD ./Drivers/STM32N6xx_HAL_Driver/stm32n6xx_hal_dma_ex.o
LOAD ./Drivers/STM32N6xx_HAL_Driver/stm32n6xx_hal_exti.o
LOAD ./Drivers/STM32N6xx_HAL_Driver/stm32n6xx_hal_gpio.o
LOAD ./Drivers/STM32N6xx_HAL_Driver/stm32n6xx_hal_pwr.o
LOAD ./Drivers/STM32N6xx_HAL_Driver/stm32n6xx_hal_pwr_ex.o
LOAD ./Drivers/STM32N6xx_HAL_Driver/stm32n6xx_hal_rcc.o
LOAD ./Drivers/STM32N6xx_HAL_Driver/stm32n6xx_hal_rcc_ex.o
LOAD ./Drivers/STM32N6xx_HAL_Driver/stm32n6xx_hal_rif.o
LOAD ./Drivers/STM32N6xx_HAL_Driver/stm32n6xx_hal_uart.o
LOAD ./Drivers/STM32N6xx_HAL_Driver/stm32n6xx_hal_uart_ex.o
LOAD ./Drivers/adsb_driver/adsb_driver.o
START GROUP
LOAD C:/ST/STM32CubeIDE_1.19.0/STM32CubeIDE/plugins/com.st.stm32cube.ide.mcu.externaltools.gnu-tools-for-stm32.14.3.rel1.win32_1.0.100.202602081740/tools/bin/../lib/gcc/arm-none-eabi/14.3.1/../../../../arm-none-eabi/lib/thumb/v8-m.main+dp/hard\libc_nano.a
LOAD C:/ST/STM32CubeIDE_1.19.0/STM32CubeIDE/plugins/com.st.stm32cube.ide.mcu.externaltools.gnu-tools-for-stm32.14.3.rel1.win32_1.0.100.202602081740/tools/bin/../lib/gcc/arm-none-eabi/14.3.1/../../../../arm-none-eabi/lib/thumb/v8-m.main+dp/hard\libm.a
END GROUP
START GROUP
LOAD C:/ST/STM32CubeIDE_1.19.0/STM32CubeIDE/plugins/com.st.stm32cube.ide.mcu.externaltools.gnu-tools-for-stm32.14.3.rel1.win32_1.0.100.202602081740/tools/bin/../lib/gcc/arm-none-eabi/14.3.1/thumb/v8-m.main+dp/hard\libgcc.a
LOAD C:/ST/STM32CubeIDE_1.19.0/STM32CubeIDE/plugins/com.st.stm32cube.ide.mcu.externaltools.gnu-tools-for-stm32.14.3.rel1.win32_1.0.100.202602081740/tools/bin/../lib/gcc/arm-none-eabi/14.3.1/../../../../arm-none-eabi/lib/thumb/v8-m.main+dp/hard\libc_nano.a
END GROUP
START GROUP
LOAD C:/ST/STM32CubeIDE_1.19.0/STM32CubeIDE/plugins/com.st.stm32cube.ide.mcu.externaltools.gnu-tools-for-stm32.14.3.rel1.win32_1.0.100.202602081740/tools/bin/../lib/gcc/arm-none-eabi/14.3.1/thumb/v8-m.main+dp/hard\libgcc.a
LOAD C:/ST/STM32CubeIDE_1.19.0/STM32CubeIDE/plugins/com.st.stm32cube.ide.mcu.externaltools.gnu-tools-for-stm32.14.3.rel1.win32_1.0.100.202602081740/tools/bin/../lib/gcc/arm-none-eabi/14.3.1/../../../../arm-none-eabi/lib/thumb/v8-m.main+dp/hard\libc_nano.a
LOAD C:/ST/STM32CubeIDE_1.19.0/STM32CubeIDE/plugins/com.st.stm32cube.ide.mcu.externaltools.gnu-tools-for-stm32.14.3.rel1.win32_1.0.100.202602081740/tools/bin/../lib/gcc/arm-none-eabi/14.3.1/../../../../arm-none-eabi/lib/thumb/v8-m.main+dp/hard\libnosys.a
END GROUP
START GROUP
LOAD C:/ST/STM32CubeIDE_1.19.0/STM32CubeIDE/plugins/com.st.stm32cube.ide.mcu.externaltools.gnu-tools-for-stm32.14.3.rel1.win32_1.0.100.202602081740/tools/bin/../lib/gcc/arm-none-eabi/14.3.1/thumb/v8-m.main+dp/hard\libgcc.a
LOAD C:/ST/STM32CubeIDE_1.19.0/STM32CubeIDE/plugins/com.st.stm32cube.ide.mcu.externaltools.gnu-tools-for-stm32.14.3.rel1.win32_1.0.100.202602081740/tools/bin/../lib/gcc/arm-none-eabi/14.3.1/../../../../arm-none-eabi/lib/thumb/v8-m.main+dp/hard\libc_nano.a
LOAD C:/ST/STM32CubeIDE_1.19.0/STM32CubeIDE/plugins/com.st.stm32cube.ide.mcu.externaltools.gnu-tools-for-stm32.14.3.rel1.win32_1.0.100.202602081740/tools/bin/../lib/gcc/arm-none-eabi/14.3.1/../../../../arm-none-eabi/lib/thumb/v8-m.main+dp/hard\libnosys.a
END GROUP
LOAD C:/ST/STM32CubeIDE_1.19.0/STM32CubeIDE/plugins/com.st.stm32cube.ide.mcu.externaltools.gnu-tools-for-stm32.14.3.rel1.win32_1.0.100.202602081740/tools/bin/../lib/gcc/arm-none-eabi/14.3.1/thumb/v8-m.main+dp/hard/crtend.o
LOAD C:/ST/STM32CubeIDE_1.19.0/STM32CubeIDE/plugins/com.st.stm32cube.ide.mcu.externaltools.gnu-tools-for-stm32.14.3.rel1.win32_1.0.100.202602081740/tools/bin/../lib/gcc/arm-none-eabi/14.3.1/thumb/v8-m.main+dp/hard/crtn.o
                0x34200000                        _estack = (ORIGIN (RAM) + LENGTH (RAM))
                0x341ff800                        _sstack = (_estack - _Min_Stack_Size)
                0x00000200                        _Min_Heap_Size = 0x200
                0x00000800                        _Min_Stack_Size = 0x800

.isr_vector     0x34000400      0x34c
                0x34000400                        . = ALIGN (0x4)
 *(.isr_vector)
 .isr_vector    0x34000400      0x34c ./Core/Startup/startup_stm32n657x0hxq.o
                0x34000400                g_pfnVectors
                0x3400074c                        . = ALIGN (0x4)

.text           0x34000750     0xe228
                0x34000750                        . = ALIGN (0x4)
 *(.text)
 .text          0x34000750       0x40 C:/ST/STM32CubeIDE_1.19.0/STM32CubeIDE/plugins/com.st.stm32cube.ide.mcu.externaltools.gnu-tools-for-stm32.14.3.rel1.win32_1.0.100.202602081740/tools/bin/../lib/gcc/arm-none-eabi/14.3.1/thumb/v8-m.main+dp/hard/crtbegin.o
 .text          0x34000790       0x30 C:/ST/STM32CubeIDE_1.19.0/STM32CubeIDE/plugins/com.st.stm32cube.ide.mcu.externaltools.gnu-tools-for-stm32.14.3.rel1.win32_1.0.100.202602081740/tools/bin/../lib/gcc/arm-none-eabi/14.3.1/thumb/v8-m.main+dp/hard\libgcc.a(_aeabi_uldivmod.o)
                0x34000790                __aeabi_uldivmod
 .text          0x340007c0      0x34c C:/ST/STM32CubeIDE_1.19.0/STM32CubeIDE/plugins/com.st.stm32cube.ide.mcu.externaltools.gnu-tools-for-stm32.14.3.rel1.win32_1.0.100.202602081740/tools/bin/../lib/gcc/arm-none-eabi/14.3.1/thumb/v8-m.main+dp/hard\libgcc.a(_udivmoddi4.o)
                0x340007c0                __udivmoddi4
 .text          0x34000b0c        0x4 C:/ST/STM32CubeIDE_1.19.0/STM32CubeIDE/plugins/com.st.stm32cube.ide.mcu.externaltools.gnu-tools-for-stm32.14.3.rel1.win32_1.0.100.202602081740/tools/bin/../lib/gcc/arm-none-eabi/14.3.1/thumb/v8-m.main+dp/hard\libgcc.a(_dvmd_tls.o)
                0x34000b0c                __aeabi_idiv0
                0x34000b0c                __aeabi_ldiv0
 *(.text*)
 .text.LL_AHB1_GRP1_EnableClock
                0x34000b10       0x2c ./Core/Src/main.o
 .text.LL_AHB3_GRP1_EnableClock
                0x34000b3c       0x2c ./Core/Src/main.o
 .text.LL_AHB4_GRP1_EnableClock
                0x34000b68       0x2c ./Core/Src/main.o
 .text.main     0x34000b94      0x288 ./Core/Src/main.o
                0x34000b94                main
 .text.MX_GPDMA1_Init
                0x34000e1c       0x2e ./Core/Src/main.o
 *fill*         0x34000e4a        0x2 
 .text.SystemIsolation_Config
                0x34000e4c      0x120 ./Core/Src/main.o
 .text.MX_USART1_UART_Init
                0x34000f6c       0x98 ./Core/Src/main.o
 .text.MX_USART2_UART_Init
                0x34001004       0x98 ./Core/Src/main.o
 .text.MX_GPIO_Init
                0x3400109c       0x80 ./Core/Src/main.o
 .text.HAL_UART_RxCpltCallback
                0x3400111c       0x30 ./Core/Src/main.o
                0x3400111c                HAL_UART_RxCpltCallback
 .text.HAL_UART_RxHalfCpltCallback
                0x3400114c       0x30 ./Core/Src/main.o
                0x3400114c                HAL_UART_RxHalfCpltCallback
 .text.HAL_GPIO_EXTI_Rising_Callback
                0x3400117c       0x40 ./Core/Src/main.o
                0x3400117c                HAL_GPIO_EXTI_Rising_Callback
 .text.Ask4Intruder
                0x340011bc      0x278 ./Core/Src/main.o
                0x340011bc                Ask4Intruder
 .text.Position_FindOrCreate
                0x34001434       0xb0 ./Core/Src/main.o
                0x34001434                Position_FindOrCreate
 .text.PackBits
                0x340014e4       0xaa ./Core/Src/main.o
 .text.ADSB_PackCustomFrame
                0x3400158e       0xe4 ./Core/Src/main.o
                0x3400158e                ADSB_PackCustomFrame
 .text.Error_Handler
                0x34001672        0xc ./Core/Src/main.o
                0x34001672                Error_Handler
 *fill*         0x3400167e        0x2 
 .text.SECURE_RegisterCallback
                0x34001680       0x54 ./Core/Src/secure_nsc.o
                0x34001680                __acle_se_SECURE_RegisterCallback
 .text.LL_AHB4_GRP1_EnableClock
                0x340016d4       0x2c ./Core/Src/stm32n6xx_hal_msp.o
 .text.LL_APB1_GRP1_EnableClock
                0x34001700       0x2c ./Core/Src/stm32n6xx_hal_msp.o
 .text.LL_APB2_GRP1_EnableClock
                0x3400172c       0x2c ./Core/Src/stm32n6xx_hal_msp.o
 .text.HAL_MspInit
                0x34001758       0x18 ./Core/Src/stm32n6xx_hal_msp.o
                0x34001758                HAL_MspInit
 .text.HAL_UART_MspInit
                0x34001770      0x3e4 ./Core/Src/stm32n6xx_hal_msp.o
                0x34001770                HAL_UART_MspInit
 .text.NMI_Handler
                0x34001b54        0x8 ./Core/Src/stm32n6xx_it.o
                0x34001b54                NMI_Handler
 .text.HardFault_Handler
                0x34001b5c        0x8 ./Core/Src/stm32n6xx_it.o
                0x34001b5c                HardFault_Handler
 .text.MemManage_Handler
                0x34001b64        0x8 ./Core/Src/stm32n6xx_it.o
                0x34001b64                MemManage_Handler
 .text.BusFault_Handler
                0x34001b6c        0x8 ./Core/Src/stm32n6xx_it.o
                0x34001b6c                BusFault_Handler
 .text.UsageFault_Handler
                0x34001b74        0x8 ./Core/Src/stm32n6xx_it.o
                0x34001b74                UsageFault_Handler
 .text.SecureFault_Handler
                0x34001b7c        0x8 ./Core/Src/stm32n6xx_it.o
                0x34001b7c                SecureFault_Handler
 .text.SVC_Handler
                0x34001b84        0xe ./Core/Src/stm32n6xx_it.o
                0x34001b84                SVC_Handler
 .text.DebugMon_Handler
                0x34001b92        0xe ./Core/Src/stm32n6xx_it.o
                0x34001b92                DebugMon_Handler
 .text.PendSV_Handler
                0x34001ba0        0xe ./Core/Src/stm32n6xx_it.o
                0x34001ba0                PendSV_Handler
 .text.SysTick_Handler
                0x34001bae        0xc ./Core/Src/stm32n6xx_it.o
                0x34001bae                SysTick_Handler
 .text.EXTI13_IRQHandler
                0x34001bba       0x10 ./Core/Src/stm32n6xx_it.o
                0x34001bba                EXTI13_IRQHandler
 *fill*         0x34001bca        0x2 
 .text.GPDMA1_Channel0_IRQHandler
                0x34001bcc       0x14 ./Core/Src/stm32n6xx_it.o
                0x34001bcc                GPDMA1_Channel0_IRQHandler
 .text.GPDMA1_Channel1_IRQHandler
                0x34001be0       0x14 ./Core/Src/stm32n6xx_it.o
                0x34001be0                GPDMA1_Channel1_IRQHandler
 .text.USART2_IRQHandler
                0x34001bf4       0x14 ./Core/Src/stm32n6xx_it.o
                0x34001bf4                USART2_IRQHandler
 .text.TZ_SAU_Setup
                0x34001c08       0x74 ./Core/Src/system_stm32n6xx_s.o
 .text.SystemInit
                0x34001c7c       0x70 ./Core/Src/system_stm32n6xx_s.o
                0x34001c7c                SystemInit
 .text.SystemCoreClockUpdate
                0x34001cec      0x350 ./Core/Src/system_stm32n6xx_s.o
                0x34001cec                SystemCoreClockUpdate
 .text.SECURE_SystemCoreClockUpdate
                0x3400203c       0x2c ./Core/Src/system_stm32n6xx_s.o
                0x3400203c                __acle_se_SECURE_SystemCoreClockUpdate
 .text.Reset_Handler
                0x34002068       0x5c ./Core/Startup/startup_stm32n657x0hxq.o
                0x34002068                Reset_Handler
 .text.Default_Handler
                0x340020c4        0x2 ./Core/Startup/startup_stm32n657x0hxq.o
                0x340020c4                HPDMA1_Channel13_IRQHandler
                0x340020c4                EXTI2_IRQHandler
                0x340020c4                MCE2_IRQHandler
                0x340020c4                TIM8_CC_IRQHandler
                0x340020c4                USB2_OTG_HS_IRQHandler
                0x340020c4                SAI1_A_IRQHandler
                0x340020c4                EXTI5_IRQHandler
                0x340020c4                I3C1_ER_IRQHandler
                0x340020c4                UART8_IRQHandler
                0x340020c4                CTI_INT0_IRQHandler
                0x340020c4                SPI4_IRQHandler
                0x340020c4                LTDC_LO_IRQHandler
                0x340020c4                NPU2_IRQHandler
                0x340020c4                FDCAN3_IT0_IRQHandler
                0x340020c4                TIM1_CC_IRQHandler
                0x340020c4                XSPI1_IRQHandler
                0x340020c4                TIM10_IRQHandler
                0x340020c4                JPEG_IRQHandler
                0x340020c4                TAMP_IRQHandler
                0x340020c4                CACHE_ECC_IRQHandler
                0x340020c4                TIM6_IRQHandler
                0x340020c4                CSI_IRQHandler
                0x340020c4                EXTI12_IRQHandler
                0x340020c4                GFXTIM_IRQHandler
                0x340020c4                EXTI3_IRQHandler
                0x340020c4                LPTIM4_IRQHandler
                0x340020c4                GPDMA1_Channel5_IRQHandler
                0x340020c4                EXTI8_IRQHandler
                0x340020c4                LPTIM2_IRQHandler
                0x340020c4                GFXMMU_IRQHandler
                0x340020c4                LTDC_LO_ERR_IRQHandler
                0x340020c4                I2C3_ER_IRQHandler
                0x340020c4                RIFSC_TAMPER_IRQHandler
                0x340020c4                USART10_IRQHandler
                0x340020c4                MDF1_FLT2_IRQHandler
                0x340020c4                LPTIM3_IRQHandler
                0x340020c4                SAI2_A_IRQHandler
                0x340020c4                EXTI0_IRQHandler
                0x340020c4                HPDMA1_Channel9_IRQHandler
                0x340020c4                I2C2_EV_IRQHandler
                0x340020c4                GPU2D_IRQHandler
                0x340020c4                FPU_IRQHandler
                0x340020c4                GPDMA1_Channel3_IRQHandler
                0x340020c4                GPDMA1_Channel7_IRQHandler
                0x340020c4                MDF1_FLT4_IRQHandler
                0x340020c4                FDCAN1_IT1_IRQHandler
                0x340020c4                HPDMA1_Channel3_IRQHandler
                0x340020c4                ADC1_2_IRQHandler
                0x340020c4                GPDMA1_Channel9_IRQHandler
                0x340020c4                SPI1_IRQHandler
                0x340020c4                CACHEAXI_IRQHandler
                0x340020c4                SAI1_B_IRQHandler
                0x340020c4                GPDMA1_Channel2_IRQHandler
                0x340020c4                PAHB_ERR_IRQHandler
                0x340020c4                TIM8_UP_IRQHandler
                0x340020c4                RCC_S_IRQHandler
                0x340020c4                MDF1_FLT1_IRQHandler
                0x340020c4                LTDC_UP_IRQHandler
                0x340020c4                LOCKUP_IRQHandler
                0x340020c4                PKA_IRQHandler
                0x340020c4                USART6_IRQHandler
                0x340020c4                HPDMA1_Channel2_IRQHandler
                0x340020c4                MDF1_FLT5_IRQHandler
                0x340020c4                MCE4_IRQHandler
                0x340020c4                I3C2_ER_IRQHandler
                0x340020c4                EXTI15_IRQHandler
                0x340020c4                TIM17_IRQHandler
                0x340020c4                USART3_IRQHandler
                0x340020c4                HPDMA1_Channel6_IRQHandler
                0x340020c4                CRYP_IRQHandler
                0x340020c4                RTC_IRQHandler
                0x340020c4                XSPI2_IRQHandler
                0x340020c4                EXTI9_IRQHandler
                0x340020c4                IAC_IRQHandler
                0x340020c4                HPDMA1_Channel0_IRQHandler
                0x340020c4                LPTIM5_IRQHandler
                0x340020c4                HPDMA1_Channel1_IRQHandler
                0x340020c4                UART5_IRQHandler
                0x340020c4                TIM4_IRQHandler
                0x340020c4                NPU3_IRQHandler
                0x340020c4                I3C2_EV_IRQHandler
                0x340020c4                I2C1_EV_IRQHandler
                0x340020c4                FDCAN_CU_IRQHandler
                0x340020c4                GPDMA1_Channel12_IRQHandler
                0x340020c4                HPDMA1_Channel7_IRQHandler
                0x340020c4                TIM16_IRQHandler
                0x340020c4                GPDMA1_Channel15_IRQHandler
                0x340020c4                UART4_IRQHandler
                0x340020c4                TCM_ECC_IRQHandler
                0x340020c4                TIM3_IRQHandler
                0x340020c4                RCC_IRQHandler
                0x340020c4                UART9_IRQHandler
                0x340020c4                NPU1_IRQHandler
                0x340020c4                SAI2_B_IRQHandler
                0x340020c4                Default_Handler
                0x340020c4                GPDMA1_Channel8_IRQHandler
                0x340020c4                HPDMA1_Channel8_IRQHandler
                0x340020c4                TIM18_IRQHandler
                0x340020c4                TIM14_IRQHandler
                0x340020c4                TIM13_IRQHandler
                0x340020c4                CTI_INT1_IRQHandler
                0x340020c4                GPDMA1_Channel11_IRQHandler
                0x340020c4                GPU2D_ER_IRQHandler
                0x340020c4                SPI5_IRQHandler
                0x340020c4                TIM12_IRQHandler
                0x340020c4                TIM7_IRQHandler
                0x340020c4                FDCAN3_IT1_IRQHandler
                0x340020c4                HPDMA1_Channel10_IRQHandler
                0x340020c4                SDMMC1_IRQHandler
                0x340020c4                SAES_IRQHandler
                0x340020c4                TIM5_IRQHandler
                0x340020c4                UCPD1_IRQHandler
                0x340020c4                I3C1_EV_IRQHandler
                0x340020c4                HPDMA1_Channel5_IRQHandler
                0x340020c4                TIM15_IRQHandler
                0x340020c4                I2C3_EV_IRQHandler
                0x340020c4                HPDMA1_Channel4_IRQHandler
                0x340020c4                HPDMA1_Channel15_IRQHandler
                0x340020c4                TIM9_IRQHandler
                0x340020c4                ETH1_IRQHandler
                0x340020c4                USB1_OTG_HS_IRQHandler
                0x340020c4                PVD_PVM_IRQHandler
                0x340020c4                SPI2_IRQHandler
                0x340020c4                TIM1_TRG_CCU_IRQHandler
                0x340020c4                HPDMA1_Channel11_IRQHandler
                0x340020c4                EXTI14_IRQHandler
                0x340020c4                EXTI11_IRQHandler
                0x340020c4                VENC_IRQHandler
                0x340020c4                GPDMA1_Channel14_IRQHandler
                0x340020c4                EXTI4_IRQHandler
                0x340020c4                RTC_S_IRQHandler
                0x340020c4                GPDMA1_Channel13_IRQHandler
                0x340020c4                RNG_IRQHandler
                0x340020c4                XSPI3_IRQHandler
                0x340020c4                FDCAN2_IT1_IRQHandler
                0x340020c4                TIM1_UP_IRQHandler
                0x340020c4                NPU0_IRQHandler
                0x340020c4                BCK_ECC_IRQHandler
                0x340020c4                WWDG_IRQHandler
                0x340020c4                SPI6_IRQHandler
                0x340020c4                MDIOS_IRQHandler
                0x340020c4                I2C4_EV_IRQHandler
                0x340020c4                FDCAN2_IT0_IRQHandler
                0x340020c4                IWDG_IRQHandler
                0x340020c4                HPDMA1_Channel14_IRQHandler
                0x340020c4                LPUART1_IRQHandler
                0x340020c4                FDCAN1_IT0_IRQHandler
                0x340020c4                MDF1_FLT0_IRQHandler
                0x340020c4                TIM2_IRQHandler
                0x340020c4                MCE3_IRQHandler
                0x340020c4                GPDMA1_Channel4_IRQHandler
                0x340020c4                EXTI7_IRQHandler
                0x340020c4                DMA2D_IRQHandler
                0x340020c4                TIM1_BRK_IRQHandler
                0x340020c4                EXTI1_IRQHandler
                0x340020c4                SDMMC2_IRQHandler
                0x340020c4                TIM11_IRQHandler
                0x340020c4                LTDC_UP_ERR_IRQHandler
                0x340020c4                UART7_IRQHandler
                0x340020c4                DTS_IRQHandler
                0x340020c4                MDF1_FLT3_IRQHandler
                0x340020c4                GPDMA1_Channel6_IRQHandler
                0x340020c4                ADF1_FLT0_IRQHandler
                0x340020c4                I2C2_ER_IRQHandler
                0x340020c4                MCE1_IRQHandler
                0x340020c4                SPDIFRX_IRQHandler
                0x340020c4                TIM8_BRK_IRQHandler
                0x340020c4                HPDMA1_Channel12_IRQHandler
                0x340020c4                USART1_IRQHandler
                0x340020c4                EXTI10_IRQHandler
                0x340020c4                SPI3_IRQHandler
                0x340020c4                WAKEUP_PIN_IRQHandler
                0x340020c4                DCMIPP_IRQHandler
                0x340020c4                I2C1_ER_IRQHandler
                0x340020c4                FMC_IRQHandler
                0x340020c4                EXTI6_IRQHandler
                0x340020c4                LPTIM1_IRQHandler
                0x340020c4                DCMI_PSSI_IRQHandler
                0x340020c4                TIM8_TRG_CCU_IRQHandler
                0x340020c4                I2C4_ER_IRQHandler
                0x340020c4                GPDMA1_Channel10_IRQHandler
                0x340020c4                ICACHE_IRQHandler
                0x340020c4                HASH_IRQHandler
 .text.HAL_Init
                0x340020c6       0x28 ./Drivers/STM32N6xx_HAL_Driver/stm32n6xx_hal.o
                0x340020c6                HAL_Init
 *fill*         0x340020ee        0x2 
 .text.HAL_InitTick
                0x340020f0       0x6c ./Drivers/STM32N6xx_HAL_Driver/stm32n6xx_hal.o
                0x340020f0                HAL_InitTick
 .text.HAL_IncTick
                0x3400215c       0x28 ./Drivers/STM32N6xx_HAL_Driver/stm32n6xx_hal.o
                0x3400215c                HAL_IncTick
 .text.HAL_GetTick
                0x34002184       0x18 ./Drivers/STM32N6xx_HAL_Driver/stm32n6xx_hal.o
                0x34002184                HAL_GetTick
 .text.HAL_Delay
                0x3400219c       0x48 ./Drivers/STM32N6xx_HAL_Driver/stm32n6xx_hal.o
                0x3400219c                HAL_Delay
 .text.__NVIC_SetPriorityGrouping
                0x340021e4       0x48 ./Drivers/STM32N6xx_HAL_Driver/stm32n6xx_hal_cortex.o
 .text.__NVIC_GetPriorityGrouping
                0x3400222c       0x1c ./Drivers/STM32N6xx_HAL_Driver/stm32n6xx_hal_cortex.o
 .text.__NVIC_EnableIRQ
                0x34002248       0x3c ./Drivers/STM32N6xx_HAL_Driver/stm32n6xx_hal_cortex.o
 .text.__NVIC_SetPriority
                0x34002284       0x54 ./Drivers/STM32N6xx_HAL_Driver/stm32n6xx_hal_cortex.o
 .text.NVIC_EncodePriority
                0x340022d8       0x66 ./Drivers/STM32N6xx_HAL_Driver/stm32n6xx_hal_cortex.o
 *fill*         0x3400233e        0x2 
 .text.SysTick_Config
                0x34002340       0x44 ./Drivers/STM32N6xx_HAL_Driver/stm32n6xx_hal_cortex.o
 .text.HAL_NVIC_SetPriorityGrouping
                0x34002384       0x16 ./Drivers/STM32N6xx_HAL_Driver/stm32n6xx_hal_cortex.o
                0x34002384                HAL_NVIC_SetPriorityGrouping
 .text.HAL_NVIC_SetPriority
                0x3400239a       0x3a ./Drivers/STM32N6xx_HAL_Driver/stm32n6xx_hal_cortex.o
                0x3400239a                HAL_NVIC_SetPriority
 .text.HAL_NVIC_EnableIRQ
                0x340023d4       0x1c ./Drivers/STM32N6xx_HAL_Driver/stm32n6xx_hal_cortex.o
                0x340023d4                HAL_NVIC_EnableIRQ
 .text.HAL_SYSTICK_Config
                0x340023f0       0x18 ./Drivers/STM32N6xx_HAL_Driver/stm32n6xx_hal_cortex.o
                0x340023f0                HAL_SYSTICK_Config
 .text.HAL_DMA_Start_IT
                0x34002408       0xc0 ./Drivers/STM32N6xx_HAL_Driver/stm32n6xx_hal_dma.o
                0x34002408                HAL_DMA_Start_IT
 .text.HAL_DMA_Abort
                0x340024c8       0xf8 ./Drivers/STM32N6xx_HAL_Driver/stm32n6xx_hal_dma.o
                0x340024c8                HAL_DMA_Abort
 .text.HAL_DMA_Abort_IT
                0x340025c0       0x52 ./Drivers/STM32N6xx_HAL_Driver/stm32n6xx_hal_dma.o
                0x340025c0                HAL_DMA_Abort_IT
 .text.HAL_DMA_IRQHandler
                0x34002612      0x2d2 ./Drivers/STM32N6xx_HAL_Driver/stm32n6xx_hal_dma.o
                0x34002612                HAL_DMA_IRQHandler
 .text.HAL_DMA_ConfigChannelAttributes
                0x340028e4      0x114 ./Drivers/STM32N6xx_HAL_Driver/stm32n6xx_hal_dma.o
                0x340028e4                HAL_DMA_ConfigChannelAttributes
 .text.DMA_SetConfig
                0x340029f8       0x4a ./Drivers/STM32N6xx_HAL_Driver/stm32n6xx_hal_dma.o
 *fill*         0x34002a42        0x2 
 .text.HAL_DMAEx_List_Init
                0x34002a44      0x430 ./Drivers/STM32N6xx_HAL_Driver/stm32n6xx_hal_dma_ex.o
                0x34002a44                HAL_DMAEx_List_Init
 .text.HAL_DMAEx_List_Start_IT
                0x34002e74      0x128 ./Drivers/STM32N6xx_HAL_Driver/stm32n6xx_hal_dma_ex.o
                0x34002e74                HAL_DMAEx_List_Start_IT
 .text.HAL_DMAEx_List_BuildNode
                0x34002f9c       0x68 ./Drivers/STM32N6xx_HAL_Driver/stm32n6xx_hal_dma_ex.o
                0x34002f9c                HAL_DMAEx_List_BuildNode
 .text.HAL_DMAEx_List_InsertNode
                0x34003004      0x192 ./Drivers/STM32N6xx_HAL_Driver/stm32n6xx_hal_dma_ex.o
                0x34003004                HAL_DMAEx_List_InsertNode
 .text.HAL_DMAEx_List_SetCircularMode
                0x34003196       0xc0 ./Drivers/STM32N6xx_HAL_Driver/stm32n6xx_hal_dma_ex.o
                0x34003196                HAL_DMAEx_List_SetCircularMode
 *fill*         0x34003256        0x2 
 .text.HAL_DMAEx_List_LinkQ
                0x34003258      0x19c ./Drivers/STM32N6xx_HAL_Driver/stm32n6xx_hal_dma_ex.o
                0x34003258                HAL_DMAEx_List_LinkQ
 .text.DMA_List_Init
                0x340033f4      0x518 ./Drivers/STM32N6xx_HAL_Driver/stm32n6xx_hal_dma_ex.o
 .text.DMA_List_BuildNode
                0x3400390c      0x2e8 ./Drivers/STM32N6xx_HAL_Driver/stm32n6xx_hal_dma_ex.o
 .text.DMA_List_CheckNodesBaseAddresses
                0x34003bf4       0x60 ./Drivers/STM32N6xx_HAL_Driver/stm32n6xx_hal_dma_ex.o
 .text.DMA_List_CheckNodesTypes
                0x34003c54       0x78 ./Drivers/STM32N6xx_HAL_Driver/stm32n6xx_hal_dma_ex.o
 .text.DMA_List_GetCLLRNodeInfo
                0x34003ccc       0x60 ./Drivers/STM32N6xx_HAL_Driver/stm32n6xx_hal_dma_ex.o
 .text.DMA_List_FindNode
                0x34003d2c      0x13e ./Drivers/STM32N6xx_HAL_Driver/stm32n6xx_hal_dma_ex.o
 *fill*         0x34003e6a        0x2 
 .text.HAL_GPIO_Init
                0x34003e6c      0x364 ./Drivers/STM32N6xx_HAL_Driver/stm32n6xx_hal_gpio.o
                0x34003e6c                HAL_GPIO_Init
 .text.HAL_GPIO_EXTI_IRQHandler
                0x340041d0       0x4c ./Drivers/STM32N6xx_HAL_Driver/stm32n6xx_hal_gpio.o
                0x340041d0                HAL_GPIO_EXTI_IRQHandler
 .text.HAL_GPIO_EXTI_Falling_Callback
                0x3400421c       0x16 ./Drivers/STM32N6xx_HAL_Driver/stm32n6xx_hal_gpio.o
                0x3400421c                HAL_GPIO_EXTI_Falling_Callback
 .text.HAL_GPIO_ConfigPinAttributes
                0x34004232       0x8e ./Drivers/STM32N6xx_HAL_Driver/stm32n6xx_hal_gpio.o
                0x34004232                HAL_GPIO_ConfigPinAttributes
 .text.HAL_PWREx_EnableVddIO2
                0x340042c0       0x20 ./Drivers/STM32N6xx_HAL_Driver/stm32n6xx_hal_pwr_ex.o
                0x340042c0                HAL_PWREx_EnableVddIO2
 .text.HAL_PWREx_EnableVddIO3
                0x340042e0       0x20 ./Drivers/STM32N6xx_HAL_Driver/stm32n6xx_hal_pwr_ex.o
                0x340042e0                HAL_PWREx_EnableVddIO3
 .text.HAL_PWREx_EnableVddIO4
                0x34004300       0x20 ./Drivers/STM32N6xx_HAL_Driver/stm32n6xx_hal_pwr_ex.o
                0x34004300                HAL_PWREx_EnableVddIO4
 .text.HAL_PWREx_EnableVddIO5
                0x34004320       0x20 ./Drivers/STM32N6xx_HAL_Driver/stm32n6xx_hal_pwr_ex.o
                0x34004320                HAL_PWREx_EnableVddIO5
 .text.LL_RCC_HSI_GetDivider
                0x34004340       0x1c ./Drivers/STM32N6xx_HAL_Driver/stm32n6xx_hal_rcc.o
 .text.LL_RCC_GetSysClkSource
                0x3400435c       0x1c ./Drivers/STM32N6xx_HAL_Driver/stm32n6xx_hal_rcc.o
 .text.LL_RCC_IC2_GetSource
                0x34004378       0x1c ./Drivers/STM32N6xx_HAL_Driver/stm32n6xx_hal_rcc.o
 .text.LL_RCC_IC2_GetDivider
                0x34004394       0x20 ./Drivers/STM32N6xx_HAL_Driver/stm32n6xx_hal_rcc.o
 .text.HAL_RCC_GetSysClockFreq
                0x340043b4       0x1e ./Drivers/STM32N6xx_HAL_Driver/stm32n6xx_hal_rcc.o
                0x340043b4                HAL_RCC_GetSysClockFreq
 *fill*         0x340043d2        0x2 
 .text.RCC_GetSysClockFreq
                0x340043d4      0x104 ./Drivers/STM32N6xx_HAL_Driver/stm32n6xx_hal_rcc.o
 .text.LL_RCC_HSE_SelectHSEAsDiv2Clock
                0x340044d8       0x20 ./Drivers/STM32N6xx_HAL_Driver/stm32n6xx_hal_rcc_ex.o
 .text.LL_RCC_HSE_SelectHSEDiv2AsDiv2Clock
                0x340044f8       0x20 ./Drivers/STM32N6xx_HAL_Driver/stm32n6xx_hal_rcc_ex.o
 .text.LL_RCC_HSE_IsSelectedHSEDiv2AsDiv2Clock
                0x34004518       0x24 ./Drivers/STM32N6xx_HAL_Driver/stm32n6xx_hal_rcc_ex.o
 .text.LL_RCC_HSE_IsReady
                0x3400453c       0x24 ./Drivers/STM32N6xx_HAL_Driver/stm32n6xx_hal_rcc_ex.o
 .text.LL_RCC_HSI_IsReady
                0x34004560       0x24 ./Drivers/STM32N6xx_HAL_Driver/stm32n6xx_hal_rcc_ex.o
 .text.LL_RCC_HSI_GetDivider
                0x34004584       0x1c ./Drivers/STM32N6xx_HAL_Driver/stm32n6xx_hal_rcc_ex.o
 .text.LL_RCC_MSI_IsReady
                0x340045a0       0x24 ./Drivers/STM32N6xx_HAL_Driver/stm32n6xx_hal_rcc_ex.o
 .text.LL_RCC_MSI_GetFrequency
                0x340045c4       0x1c ./Drivers/STM32N6xx_HAL_Driver/stm32n6xx_hal_rcc_ex.o
 .text.LL_RCC_LSE_IsReady
                0x340045e0       0x24 ./Drivers/STM32N6xx_HAL_Driver/stm32n6xx_hal_rcc_ex.o
 .text.LL_RCC_LSI_IsReady
                0x34004604       0x1c ./Drivers/STM32N6xx_HAL_Driver/stm32n6xx_hal_rcc_ex.o
 .text.LL_RCC_GetAHBPrescaler
                0x34004620       0x1c ./Drivers/STM32N6xx_HAL_Driver/stm32n6xx_hal_rcc_ex.o
 .text.LL_RCC_GetAPB1Prescaler
                0x3400463c       0x1c ./Drivers/STM32N6xx_HAL_Driver/stm32n6xx_hal_rcc_ex.o
 .text.LL_RCC_GetAPB2Prescaler
                0x34004658       0x1c ./Drivers/STM32N6xx_HAL_Driver/stm32n6xx_hal_rcc_ex.o
 .text.LL_RCC_GetAPB4Prescaler
                0x34004674       0x1c ./Drivers/STM32N6xx_HAL_Driver/stm32n6xx_hal_rcc_ex.o
 .text.LL_RCC_GetAPB5Prescaler
                0x34004690       0x1c ./Drivers/STM32N6xx_HAL_Driver/stm32n6xx_hal_rcc_ex.o
 .text.LL_RCC_SetClockSource
                0x340046ac       0x54 ./Drivers/STM32N6xx_HAL_Driver/stm32n6xx_hal_rcc_ex.o
 .text.LL_RCC_GetADCPrescaler
                0x34004700       0x1c ./Drivers/STM32N6xx_HAL_Driver/stm32n6xx_hal_rcc_ex.o
 .text.LL_RCC_SetADFClockSource
                0x3400471c       0x2c ./Drivers/STM32N6xx_HAL_Driver/stm32n6xx_hal_rcc_ex.o
 .text.LL_RCC_SetCLKPClockSource
                0x34004748       0x2c ./Drivers/STM32N6xx_HAL_Driver/stm32n6xx_hal_rcc_ex.o
 .text.LL_RCC_SetDCMIPPClockSource
                0x34004774       0x2c ./Drivers/STM32N6xx_HAL_Driver/stm32n6xx_hal_rcc_ex.o
 .text.LL_RCC_SetETHClockSource
                0x340047a0       0x2c ./Drivers/STM32N6xx_HAL_Driver/stm32n6xx_hal_rcc_ex.o
 .text.LL_RCC_SetETHPHYInterface
                0x340047cc       0x2c ./Drivers/STM32N6xx_HAL_Driver/stm32n6xx_hal_rcc_ex.o
 .text.LL_RCC_GetETH1PTPDivider
                0x340047f8       0x1c ./Drivers/STM32N6xx_HAL_Driver/stm32n6xx_hal_rcc_ex.o
 .text.LL_RCC_SetETHREFRXClockSource
                0x34004814       0x2c ./Drivers/STM32N6xx_HAL_Driver/stm32n6xx_hal_rcc_ex.o
 .text.LL_RCC_SetETHREFTXClockSource
                0x34004840       0x2c ./Drivers/STM32N6xx_HAL_Driver/stm32n6xx_hal_rcc_ex.o
 .text.LL_RCC_SetFDCANClockSource
                0x3400486c       0x2c ./Drivers/STM32N6xx_HAL_Driver/stm32n6xx_hal_rcc_ex.o
 .text.LL_RCC_SetFMCClockSource
                0x34004898       0x2c ./Drivers/STM32N6xx_HAL_Driver/stm32n6xx_hal_rcc_ex.o
 .text.LL_RCC_SetI2CClockSource
                0x340048c4       0x16 ./Drivers/STM32N6xx_HAL_Driver/stm32n6xx_hal_rcc_ex.o
 .text.LL_RCC_SetI3CClockSource
                0x340048da       0x16 ./Drivers/STM32N6xx_HAL_Driver/stm32n6xx_hal_rcc_ex.o
 .text.LL_RCC_SetLPTIMClockSource
                0x340048f0       0x16 ./Drivers/STM32N6xx_HAL_Driver/stm32n6xx_hal_rcc_ex.o
 *fill*         0x34004906        0x2 
 .text.LL_RCC_SetLPUARTClockSource
                0x34004908       0x2c ./Drivers/STM32N6xx_HAL_Driver/stm32n6xx_hal_rcc_ex.o
 .text.LL_RCC_SetLTDCClockSource
                0x34004934       0x2c ./Drivers/STM32N6xx_HAL_Driver/stm32n6xx_hal_rcc_ex.o
 .text.LL_RCC_SetMDFClockSource
                0x34004960       0x2c ./Drivers/STM32N6xx_HAL_Driver/stm32n6xx_hal_rcc_ex.o
 .text.LL_RCC_SetOTGPHYClockSource
                0x3400498c       0x16 ./Drivers/STM32N6xx_HAL_Driver/stm32n6xx_hal_rcc_ex.o
 .text.LL_RCC_SetOTGPHYCKREFClockSource
                0x340049a2       0x16 ./Drivers/STM32N6xx_HAL_Driver/stm32n6xx_hal_rcc_ex.o
 .text.LL_RCC_SetPSSIClockSource
                0x340049b8       0x2c ./Drivers/STM32N6xx_HAL_Driver/stm32n6xx_hal_rcc_ex.o
 .text.LL_RCC_SetSAIClockSource
                0x340049e4       0x16 ./Drivers/STM32N6xx_HAL_Driver/stm32n6xx_hal_rcc_ex.o
 .text.LL_RCC_SetSDMMCClockSource
                0x340049fa       0x16 ./Drivers/STM32N6xx_HAL_Driver/stm32n6xx_hal_rcc_ex.o
 .text.LL_RCC_SetSPDIFRXClockSource
                0x34004a10       0x2c ./Drivers/STM32N6xx_HAL_Driver/stm32n6xx_hal_rcc_ex.o
 .text.LL_RCC_SetSPIClockSource
                0x34004a3c       0x16 ./Drivers/STM32N6xx_HAL_Driver/stm32n6xx_hal_rcc_ex.o
 .text.LL_RCC_SetUSARTClockSource
                0x34004a52       0x16 ./Drivers/STM32N6xx_HAL_Driver/stm32n6xx_hal_rcc_ex.o
 .text.LL_RCC_SetXSPIClockSource
                0x34004a68       0x16 ./Drivers/STM32N6xx_HAL_Driver/stm32n6xx_hal_rcc_ex.o
 *fill*         0x34004a7e        0x2 
 .text.LL_RCC_GetClockSource
                0x34004a80       0x4c ./Drivers/STM32N6xx_HAL_Driver/stm32n6xx_hal_rcc_ex.o
 .text.LL_RCC_GetADCClockSource
                0x34004acc       0x24 ./Drivers/STM32N6xx_HAL_Driver/stm32n6xx_hal_rcc_ex.o
 .text.LL_RCC_GetADFClockSource
                0x34004af0       0x24 ./Drivers/STM32N6xx_HAL_Driver/stm32n6xx_hal_rcc_ex.o
 .text.LL_RCC_GetCLKPClockSource
                0x34004b14       0x24 ./Drivers/STM32N6xx_HAL_Driver/stm32n6xx_hal_rcc_ex.o
 .text.LL_RCC_GetDCMIPPClockSource
                0x34004b38       0x24 ./Drivers/STM32N6xx_HAL_Driver/stm32n6xx_hal_rcc_ex.o
 .text.LL_RCC_GetETHClockSource
                0x34004b5c       0x24 ./Drivers/STM32N6xx_HAL_Driver/stm32n6xx_hal_rcc_ex.o
 .text.LL_RCC_GetETHPTPClockSource
                0x34004b80       0x24 ./Drivers/STM32N6xx_HAL_Driver/stm32n6xx_hal_rcc_ex.o
 .text.LL_RCC_GetFDCANClockSource
                0x34004ba4       0x24 ./Drivers/STM32N6xx_HAL_Driver/stm32n6xx_hal_rcc_ex.o
 .text.LL_RCC_GetFMCClockSource
                0x34004bc8       0x24 ./Drivers/STM32N6xx_HAL_Driver/stm32n6xx_hal_rcc_ex.o
 .text.LL_RCC_GetI2CClockSource
                0x34004bec       0x18 ./Drivers/STM32N6xx_HAL_Driver/stm32n6xx_hal_rcc_ex.o
 .text.LL_RCC_GetI3CClockSource
                0x34004c04       0x18 ./Drivers/STM32N6xx_HAL_Driver/stm32n6xx_hal_rcc_ex.o
 .text.LL_RCC_GetLPTIMClockSource
                0x34004c1c       0x18 ./Drivers/STM32N6xx_HAL_Driver/stm32n6xx_hal_rcc_ex.o
 .text.LL_RCC_GetLPUARTClockSource
                0x34004c34       0x24 ./Drivers/STM32N6xx_HAL_Driver/stm32n6xx_hal_rcc_ex.o
 .text.LL_RCC_GetLTDCClockSource
                0x34004c58       0x24 ./Drivers/STM32N6xx_HAL_Driver/stm32n6xx_hal_rcc_ex.o
 .text.LL_RCC_GetMDFClockSource
                0x34004c7c       0x24 ./Drivers/STM32N6xx_HAL_Driver/stm32n6xx_hal_rcc_ex.o
 .text.LL_RCC_GetPSSIClockSource
                0x34004ca0       0x24 ./Drivers/STM32N6xx_HAL_Driver/stm32n6xx_hal_rcc_ex.o
 .text.LL_RCC_GetSAIClockSource
                0x34004cc4       0x18 ./Drivers/STM32N6xx_HAL_Driver/stm32n6xx_hal_rcc_ex.o
 .text.LL_RCC_GetSDMMCClockSource
                0x34004cdc       0x18 ./Drivers/STM32N6xx_HAL_Driver/stm32n6xx_hal_rcc_ex.o
 .text.LL_RCC_GetSPDIFRXClockSource
                0x34004cf4       0x24 ./Drivers/STM32N6xx_HAL_Driver/stm32n6xx_hal_rcc_ex.o
 .text.LL_RCC_GetSPIClockSource
                0x34004d18       0x18 ./Drivers/STM32N6xx_HAL_Driver/stm32n6xx_hal_rcc_ex.o
 .text.LL_RCC_GetUSARTClockSource
                0x34004d30       0x18 ./Drivers/STM32N6xx_HAL_Driver/stm32n6xx_hal_rcc_ex.o
 .text.LL_RCC_GetUARTClockSource
                0x34004d48       0x18 ./Drivers/STM32N6xx_HAL_Driver/stm32n6xx_hal_rcc_ex.o
 .text.LL_RCC_GetUSBClockSource
                0x34004d60       0x18 ./Drivers/STM32N6xx_HAL_Driver/stm32n6xx_hal_rcc_ex.o
 .text.LL_RCC_GetXSPIClockSource
                0x34004d78       0x18 ./Drivers/STM32N6xx_HAL_Driver/stm32n6xx_hal_rcc_ex.o
 .text.LL_RCC_SetRTCClockSource
                0x34004d90       0x2c ./Drivers/STM32N6xx_HAL_Driver/stm32n6xx_hal_rcc_ex.o
 .text.LL_RCC_GetRTCClockSource
                0x34004dbc       0x1c ./Drivers/STM32N6xx_HAL_Driver/stm32n6xx_hal_rcc_ex.o
 .text.LL_RCC_SetRTC_HSEPrescaler
                0x34004dd8       0x2c ./Drivers/STM32N6xx_HAL_Driver/stm32n6xx_hal_rcc_ex.o
 .text.LL_RCC_SetTIMPrescaler
                0x34004e04       0x2c ./Drivers/STM32N6xx_HAL_Driver/stm32n6xx_hal_rcc_ex.o
 .text.LL_RCC_GetTIMPrescaler
                0x34004e30       0x1c ./Drivers/STM32N6xx_HAL_Driver/stm32n6xx_hal_rcc_ex.o
 .text.LL_RCC_PLL1_GetSource
                0x34004e4c       0x1c ./Drivers/STM32N6xx_HAL_Driver/stm32n6xx_hal_rcc_ex.o
 .text.LL_RCC_PLL1_IsReady
                0x34004e68       0x28 ./Drivers/STM32N6xx_HAL_Driver/stm32n6xx_hal_rcc_ex.o
 .text.LL_RCC_PLL1_IsEnabledBypass
                0x34004e90       0x28 ./Drivers/STM32N6xx_HAL_Driver/stm32n6xx_hal_rcc_ex.o
 .text.LL_RCC_PLL1_GetN
                0x34004eb8       0x20 ./Drivers/STM32N6xx_HAL_Driver/stm32n6xx_hal_rcc_ex.o
 .text.LL_RCC_PLL1_GetM
                0x34004ed8       0x20 ./Drivers/STM32N6xx_HAL_Driver/stm32n6xx_hal_rcc_ex.o
 .text.LL_RCC_PLL1_GetP1
                0x34004ef8       0x20 ./Drivers/STM32N6xx_HAL_Driver/stm32n6xx_hal_rcc_ex.o
 .text.LL_RCC_PLL1_GetP2
                0x34004f18       0x20 ./Drivers/STM32N6xx_HAL_Driver/stm32n6xx_hal_rcc_ex.o
 .text.LL_RCC_PLL1P_IsEnabled
                0x34004f38       0x28 ./Drivers/STM32N6xx_HAL_Driver/stm32n6xx_hal_rcc_ex.o
 .text.LL_RCC_PLL1_GetFRACN
                0x34004f60       0x1c ./Drivers/STM32N6xx_HAL_Driver/stm32n6xx_hal_rcc_ex.o
 .text.LL_RCC_PLL2_GetSource
                0x34004f7c       0x1c ./Drivers/STM32N6xx_HAL_Driver/stm32n6xx_hal_rcc_ex.o
 .text.LL_RCC_PLL2_IsReady
                0x34004f98       0x28 ./Drivers/STM32N6xx_HAL_Driver/stm32n6xx_hal_rcc_ex.o
 .text.LL_RCC_PLL2_IsEnabledBypass
                0x34004fc0       0x28 ./Drivers/STM32N6xx_HAL_Driver/stm32n6xx_hal_rcc_ex.o
 .text.LL_RCC_PLL2_GetN
                0x34004fe8       0x20 ./Drivers/STM32N6xx_HAL_Driver/stm32n6xx_hal_rcc_ex.o
 .text.LL_RCC_PLL2_GetM
                0x34005008       0x20 ./Drivers/STM32N6xx_HAL_Driver/stm32n6xx_hal_rcc_ex.o
 .text.LL_RCC_PLL2_GetP1
                0x34005028       0x20 ./Drivers/STM32N6xx_HAL_Driver/stm32n6xx_hal_rcc_ex.o
 .text.LL_RCC_PLL2_GetP2
                0x34005048       0x20 ./Drivers/STM32N6xx_HAL_Driver/stm32n6xx_hal_rcc_ex.o
 .text.LL_RCC_PLL2P_IsEnabled
                0x34005068       0x28 ./Drivers/STM32N6xx_HAL_Driver/stm32n6xx_hal_rcc_ex.o
 .text.LL_RCC_PLL2_GetFRACN
                0x34005090       0x1c ./Drivers/STM32N6xx_HAL_Driver/stm32n6xx_hal_rcc_ex.o
 .text.LL_RCC_PLL3_GetSource
                0x340050ac       0x1c ./Drivers/STM32N6xx_HAL_Driver/stm32n6xx_hal_rcc_ex.o
 .text.LL_RCC_PLL3_IsReady
                0x340050c8       0x28 ./Drivers/STM32N6xx_HAL_Driver/stm32n6xx_hal_rcc_ex.o
 .text.LL_RCC_PLL3_IsEnabledBypass
                0x340050f0       0x28 ./Drivers/STM32N6xx_HAL_Driver/stm32n6xx_hal_rcc_ex.o
 .text.LL_RCC_PLL3_GetN
                0x34005118       0x20 ./Drivers/STM32N6xx_HAL_Driver/stm32n6xx_hal_rcc_ex.o
 .text.LL_RCC_PLL3_GetM
                0x34005138       0x20 ./Drivers/STM32N6xx_HAL_Driver/stm32n6xx_hal_rcc_ex.o
 .text.LL_RCC_PLL3_GetP1
                0x34005158       0x20 ./Drivers/STM32N6xx_HAL_Driver/stm32n6xx_hal_rcc_ex.o
 .text.LL_RCC_PLL3_GetP2
                0x34005178       0x20 ./Drivers/STM32N6xx_HAL_Driver/stm32n6xx_hal_rcc_ex.o
 .text.LL_RCC_PLL3P_IsEnabled
                0x34005198       0x28 ./Drivers/STM32N6xx_HAL_Driver/stm32n6xx_hal_rcc_ex.o
 .text.LL_RCC_PLL3_GetFRACN
                0x340051c0       0x1c ./Drivers/STM32N6xx_HAL_Driver/stm32n6xx_hal_rcc_ex.o
 .text.LL_RCC_PLL4_GetSource
                0x340051dc       0x1c ./Drivers/STM32N6xx_HAL_Driver/stm32n6xx_hal_rcc_ex.o
 .text.LL_RCC_PLL4_IsReady
                0x340051f8       0x28 ./Drivers/STM32N6xx_HAL_Driver/stm32n6xx_hal_rcc_ex.o
 .text.LL_RCC_PLL4_IsEnabledBypass
                0x34005220       0x28 ./Drivers/STM32N6xx_HAL_Driver/stm32n6xx_hal_rcc_ex.o
 .text.LL_RCC_PLL4_GetN
                0x34005248       0x20 ./Drivers/STM32N6xx_HAL_Driver/stm32n6xx_hal_rcc_ex.o
 .text.LL_RCC_PLL4_GetM
                0x34005268       0x20 ./Drivers/STM32N6xx_HAL_Driver/stm32n6xx_hal_rcc_ex.o
 .text.LL_RCC_PLL4_GetP1
                0x34005288       0x20 ./Drivers/STM32N6xx_HAL_Driver/stm32n6xx_hal_rcc_ex.o
 .text.LL_RCC_PLL4_GetP2
                0x340052a8       0x20 ./Drivers/STM32N6xx_HAL_Driver/stm32n6xx_hal_rcc_ex.o
 .text.LL_RCC_PLL4P_IsEnabled
                0x340052c8       0x28 ./Drivers/STM32N6xx_HAL_Driver/stm32n6xx_hal_rcc_ex.o
 .text.LL_RCC_PLL4_GetFRACN
                0x340052f0       0x1c ./Drivers/STM32N6xx_HAL_Driver/stm32n6xx_hal_rcc_ex.o
 .text.LL_RCC_IC3_Enable
                0x3400530c       0x1c ./Drivers/STM32N6xx_HAL_Driver/stm32n6xx_hal_rcc_ex.o
 .text.LL_RCC_IC3_IsEnabled
                0x34005328       0x28 ./Drivers/STM32N6xx_HAL_Driver/stm32n6xx_hal_rcc_ex.o
 .text.LL_RCC_IC3_GetSource
                0x34005350       0x1c ./Drivers/STM32N6xx_HAL_Driver/stm32n6xx_hal_rcc_ex.o
 .text.LL_RCC_IC3_GetDivider
                0x3400536c       0x20 ./Drivers/STM32N6xx_HAL_Driver/stm32n6xx_hal_rcc_ex.o
 .text.LL_RCC_IC4_Enable
                0x3400538c       0x1c ./Drivers/STM32N6xx_HAL_Driver/stm32n6xx_hal_rcc_ex.o
 .text.LL_RCC_IC4_IsEnabled
                0x340053a8       0x28 ./Drivers/STM32N6xx_HAL_Driver/stm32n6xx_hal_rcc_ex.o
 .text.LL_RCC_IC4_GetSource
                0x340053d0       0x1c ./Drivers/STM32N6xx_HAL_Driver/stm32n6xx_hal_rcc_ex.o
 .text.LL_RCC_IC4_GetDivider
                0x340053ec       0x20 ./Drivers/STM32N6xx_HAL_Driver/stm32n6xx_hal_rcc_ex.o
 .text.LL_RCC_IC5_Enable
                0x3400540c       0x1c ./Drivers/STM32N6xx_HAL_Driver/stm32n6xx_hal_rcc_ex.o
 .text.LL_RCC_IC5_IsEnabled
                0x34005428       0x28 ./Drivers/STM32N6xx_HAL_Driver/stm32n6xx_hal_rcc_ex.o
 .text.LL_RCC_IC5_GetSource
                0x34005450       0x1c ./Drivers/STM32N6xx_HAL_Driver/stm32n6xx_hal_rcc_ex.o
 .text.LL_RCC_IC5_GetDivider
                0x3400546c       0x20 ./Drivers/STM32N6xx_HAL_Driver/stm32n6xx_hal_rcc_ex.o
 .text.LL_RCC_IC7_Enable
                0x3400548c       0x1c ./Drivers/STM32N6xx_HAL_Driver/stm32n6xx_hal_rcc_ex.o
 .text.LL_RCC_IC7_IsEnabled
                0x340054a8       0x28 ./Drivers/STM32N6xx_HAL_Driver/stm32n6xx_hal_rcc_ex.o
 .text.LL_RCC_IC7_GetSource
                0x340054d0       0x1c ./Drivers/STM32N6xx_HAL_Driver/stm32n6xx_hal_rcc_ex.o
 .text.LL_RCC_IC7_GetDivider
                0x340054ec       0x20 ./Drivers/STM32N6xx_HAL_Driver/stm32n6xx_hal_rcc_ex.o
 .text.LL_RCC_IC8_Enable
                0x3400550c       0x1c ./Drivers/STM32N6xx_HAL_Driver/stm32n6xx_hal_rcc_ex.o
 .text.LL_RCC_IC8_IsEnabled
                0x34005528       0x28 ./Drivers/STM32N6xx_HAL_Driver/stm32n6xx_hal_rcc_ex.o
 .text.LL_RCC_IC8_GetSource
                0x34005550       0x1c ./Drivers/STM32N6xx_HAL_Driver/stm32n6xx_hal_rcc_ex.o
 .text.LL_RCC_IC8_GetDivider
                0x3400556c       0x20 ./Drivers/STM32N6xx_HAL_Driver/stm32n6xx_hal_rcc_ex.o
 .text.LL_RCC_IC9_Enable
                0x3400558c       0x1c ./Drivers/STM32N6xx_HAL_Driver/stm32n6xx_hal_rcc_ex.o
 .text.LL_RCC_IC9_IsEnabled
                0x340055a8       0x28 ./Drivers/STM32N6xx_HAL_Driver/stm32n6xx_hal_rcc_ex.o
 .text.LL_RCC_IC9_GetSource
                0x340055d0       0x1c ./Drivers/STM32N6xx_HAL_Driver/stm32n6xx_hal_rcc_ex.o
 .text.LL_RCC_IC9_GetDivider
                0x340055ec       0x20 ./Drivers/STM32N6xx_HAL_Driver/stm32n6xx_hal_rcc_ex.o
 .text.LL_RCC_IC10_Enable
                0x3400560c       0x1c ./Drivers/STM32N6xx_HAL_Driver/stm32n6xx_hal_rcc_ex.o
 .text.LL_RCC_IC10_IsEnabled
                0x34005628       0x28 ./Drivers/STM32N6xx_HAL_Driver/stm32n6xx_hal_rcc_ex.o
 .text.LL_RCC_IC10_GetSource
                0x34005650       0x1c ./Drivers/STM32N6xx_HAL_Driver/stm32n6xx_hal_rcc_ex.o
 .text.LL_RCC_IC10_GetDivider
                0x3400566c       0x20 ./Drivers/STM32N6xx_HAL_Driver/stm32n6xx_hal_rcc_ex.o
 .text.LL_RCC_IC12_Enable
                0x3400568c       0x1c ./Drivers/STM32N6xx_HAL_Driver/stm32n6xx_hal_rcc_ex.o
 .text.LL_RCC_IC12_IsEnabled
                0x340056a8       0x28 ./Drivers/STM32N6xx_HAL_Driver/stm32n6xx_hal_rcc_ex.o
 .text.LL_RCC_IC12_GetSource
                0x340056d0       0x1c ./Drivers/STM32N6xx_HAL_Driver/stm32n6xx_hal_rcc_ex.o
 .text.LL_RCC_IC12_GetDivider
                0x340056ec       0x20 ./Drivers/STM32N6xx_HAL_Driver/stm32n6xx_hal_rcc_ex.o
 .text.LL_RCC_IC13_Enable
                0x3400570c       0x1c ./Drivers/STM32N6xx_HAL_Driver/stm32n6xx_hal_rcc_ex.o
 .text.LL_RCC_IC13_IsEnabled
                0x34005728       0x28 ./Drivers/STM32N6xx_HAL_Driver/stm32n6xx_hal_rcc_ex.o
 .text.LL_RCC_IC13_GetSource
                0x34005750       0x1c ./Drivers/STM32N6xx_HAL_Driver/stm32n6xx_hal_rcc_ex.o
 .text.LL_RCC_IC13_GetDivider
                0x3400576c       0x20 ./Drivers/STM32N6xx_HAL_Driver/stm32n6xx_hal_rcc_ex.o
 .text.LL_RCC_IC14_Enable
                0x3400578c       0x1c ./Drivers/STM32N6xx_HAL_Driver/stm32n6xx_hal_rcc_ex.o
 .text.LL_RCC_IC14_IsEnabled
                0x340057a8       0x28 ./Drivers/STM32N6xx_HAL_Driver/stm32n6xx_hal_rcc_ex.o
 .text.LL_RCC_IC14_GetSource
                0x340057d0       0x1c ./Drivers/STM32N6xx_HAL_Driver/stm32n6xx_hal_rcc_ex.o
 .text.LL_RCC_IC14_GetDivider
                0x340057ec       0x20 ./Drivers/STM32N6xx_HAL_Driver/stm32n6xx_hal_rcc_ex.o
 .text.LL_RCC_IC15_Enable
                0x3400580c       0x1c ./Drivers/STM32N6xx_HAL_Driver/stm32n6xx_hal_rcc_ex.o
 .text.LL_RCC_IC15_IsEnabled
                0x34005828       0x28 ./Drivers/STM32N6xx_HAL_Driver/stm32n6xx_hal_rcc_ex.o
 .text.LL_RCC_IC15_GetSource
                0x34005850       0x1c ./Drivers/STM32N6xx_HAL_Driver/stm32n6xx_hal_rcc_ex.o
 .text.LL_RCC_IC15_GetDivider
                0x3400586c       0x20 ./Drivers/STM32N6xx_HAL_Driver/stm32n6xx_hal_rcc_ex.o
 .text.LL_RCC_IC16_Enable
                0x3400588c       0x1c ./Drivers/STM32N6xx_HAL_Driver/stm32n6xx_hal_rcc_ex.o
 .text.LL_RCC_IC16_IsEnabled
                0x340058a8       0x28 ./Drivers/STM32N6xx_HAL_Driver/stm32n6xx_hal_rcc_ex.o
 .text.LL_RCC_IC16_GetSource
                0x340058d0       0x1c ./Drivers/STM32N6xx_HAL_Driver/stm32n6xx_hal_rcc_ex.o
 .text.LL_RCC_IC16_GetDivider
                0x340058ec       0x20 ./Drivers/STM32N6xx_HAL_Driver/stm32n6xx_hal_rcc_ex.o
 .text.LL_RCC_IC17_Enable
                0x3400590c       0x1c ./Drivers/STM32N6xx_HAL_Driver/stm32n6xx_hal_rcc_ex.o
 .text.LL_RCC_IC17_IsEnabled
                0x34005928       0x28 ./Drivers/STM32N6xx_HAL_Driver/stm32n6xx_hal_rcc_ex.o
 .text.LL_RCC_IC17_GetSource
                0x34005950       0x1c ./Drivers/STM32N6xx_HAL_Driver/stm32n6xx_hal_rcc_ex.o
 .text.LL_RCC_IC17_GetDivider
                0x3400596c       0x20 ./Drivers/STM32N6xx_HAL_Driver/stm32n6xx_hal_rcc_ex.o
 .text.LL_RCC_IC18_Enable
                0x3400598c       0x1c ./Drivers/STM32N6xx_HAL_Driver/stm32n6xx_hal_rcc_ex.o
 .text.LL_RCC_IC18_IsEnabled
                0x340059a8       0x28 ./Drivers/STM32N6xx_HAL_Driver/stm32n6xx_hal_rcc_ex.o
 .text.LL_RCC_IC18_GetSource
                0x340059d0       0x1c ./Drivers/STM32N6xx_HAL_Driver/stm32n6xx_hal_rcc_ex.o
 .text.LL_RCC_IC18_GetDivider
                0x340059ec       0x20 ./Drivers/STM32N6xx_HAL_Driver/stm32n6xx_hal_rcc_ex.o
 .text.LL_RCC_IC19_Enable
                0x34005a0c       0x1c ./Drivers/STM32N6xx_HAL_Driver/stm32n6xx_hal_rcc_ex.o
 .text.LL_RCC_IC19_IsEnabled
                0x34005a28       0x28 ./Drivers/STM32N6xx_HAL_Driver/stm32n6xx_hal_rcc_ex.o
 .text.LL_RCC_IC19_GetSource
                0x34005a50       0x1c ./Drivers/STM32N6xx_HAL_Driver/stm32n6xx_hal_rcc_ex.o
 .text.LL_RCC_IC19_GetDivider
                0x34005a6c       0x20 ./Drivers/STM32N6xx_HAL_Driver/stm32n6xx_hal_rcc_ex.o
 .text.LL_RCC_IC20_Enable
                0x34005a8c       0x1c ./Drivers/STM32N6xx_HAL_Driver/stm32n6xx_hal_rcc_ex.o
 .text.LL_RCC_IC20_IsEnabled
                0x34005aa8       0x28 ./Drivers/STM32N6xx_HAL_Driver/stm32n6xx_hal_rcc_ex.o
 .text.LL_RCC_IC20_GetSource
                0x34005ad0       0x1c ./Drivers/STM32N6xx_HAL_Driver/stm32n6xx_hal_rcc_ex.o
 .text.LL_RCC_IC20_GetDivider
                0x34005aec       0x20 ./Drivers/STM32N6xx_HAL_Driver/stm32n6xx_hal_rcc_ex.o
 .text.LL_RCC_CLKP_Enable
                0x34005b0c       0x1c ./Drivers/STM32N6xx_HAL_Driver/stm32n6xx_hal_rcc_ex.o
 .text.LL_RCC_CLKP_IsEnabled
                0x34005b28       0x28 ./Drivers/STM32N6xx_HAL_Driver/stm32n6xx_hal_rcc_ex.o
 .text.HAL_RCCEx_PeriphCLKConfig
                0x34005b50     0x25c8 ./Drivers/STM32N6xx_HAL_Driver/stm32n6xx_hal_rcc_ex.o
                0x34005b50                HAL_RCCEx_PeriphCLKConfig
 .text.HAL_RCCEx_GetPeriphCLKFreq
                0x34008118      0x938 ./Drivers/STM32N6xx_HAL_Driver/stm32n6xx_hal_rcc_ex.o
                0x34008118                HAL_RCCEx_GetPeriphCLKFreq
 .text.HAL_RCCEx_GetPLL1CLKFreq
                0x34008a50       0x8c ./Drivers/STM32N6xx_HAL_Driver/stm32n6xx_hal_rcc_ex.o
                0x34008a50                HAL_RCCEx_GetPLL1CLKFreq
 .text.HAL_RCCEx_GetPLL2CLKFreq
                0x34008adc       0x8c ./Drivers/STM32N6xx_HAL_Driver/stm32n6xx_hal_rcc_ex.o
                0x34008adc                HAL_RCCEx_GetPLL2CLKFreq
 .text.HAL_RCCEx_GetPLL3CLKFreq
                0x34008b68       0x8c ./Drivers/STM32N6xx_HAL_Driver/stm32n6xx_hal_rcc_ex.o
                0x34008b68                HAL_RCCEx_GetPLL3CLKFreq
 .text.HAL_RCCEx_GetPLL4CLKFreq
                0x34008bf4       0x8c ./Drivers/STM32N6xx_HAL_Driver/stm32n6xx_hal_rcc_ex.o
                0x34008bf4                HAL_RCCEx_GetPLL4CLKFreq
 .text.RCCEx_GetHCLKFreq
                0x34008c80       0x22 ./Drivers/STM32N6xx_HAL_Driver/stm32n6xx_hal_rcc_ex.o
 .text.RCCEx_GetPCLK1Freq
                0x34008ca2       0x20 ./Drivers/STM32N6xx_HAL_Driver/stm32n6xx_hal_rcc_ex.o
 .text.RCCEx_GetPCLK2Freq
                0x34008cc2       0x22 ./Drivers/STM32N6xx_HAL_Driver/stm32n6xx_hal_rcc_ex.o
 .text.RCCEx_GetPCLK4Freq
                0x34008ce4       0x22 ./Drivers/STM32N6xx_HAL_Driver/stm32n6xx_hal_rcc_ex.o
 .text.RCCEx_GetPCLK5Freq
                0x34008d06       0x22 ./Drivers/STM32N6xx_HAL_Driver/stm32n6xx_hal_rcc_ex.o
 .text.RCCEx_GetPLLSourceFreq
                0x34008d28       0xbc ./Drivers/STM32N6xx_HAL_Driver/stm32n6xx_hal_rcc_ex.o
 .text.RCCEx_CalcPLLFreq
                0x34008de4       0x98 ./Drivers/STM32N6xx_HAL_Driver/stm32n6xx_hal_rcc_ex.o
 .text.RCCEx_GetADCCLKFreq
                0x34008e7c      0x204 ./Drivers/STM32N6xx_HAL_Driver/stm32n6xx_hal_rcc_ex.o
 .text.RCCEx_GetADFCLKFreq
                0x34009080      0x1d8 ./Drivers/STM32N6xx_HAL_Driver/stm32n6xx_hal_rcc_ex.o
 .text.RCCEx_GetCLKPCLKFreq
                0x34009258      0x36c ./Drivers/STM32N6xx_HAL_Driver/stm32n6xx_hal_rcc_ex.o
 .text.RCCEx_GetCSICLKFreq
                0x340095c4       0x98 ./Drivers/STM32N6xx_HAL_Driver/stm32n6xx_hal_rcc_ex.o
 .text.RCCEx_GetDCMIPPCLKFreq
                0x3400965c      0x114 ./Drivers/STM32N6xx_HAL_Driver/stm32n6xx_hal_rcc_ex.o
 .text.RCCEx_GetETH1CLKFreq
                0x34009770      0x100 ./Drivers/STM32N6xx_HAL_Driver/stm32n6xx_hal_rcc_ex.o
 .text.RCCEx_GetETH1PTPCLKFreq
                0x34009870      0x108 ./Drivers/STM32N6xx_HAL_Driver/stm32n6xx_hal_rcc_ex.o
 .text.RCCEx_GetFDCANCLKFreq
                0x34009978      0x100 ./Drivers/STM32N6xx_HAL_Driver/stm32n6xx_hal_rcc_ex.o
 .text.RCCEx_GetFMCCLKFreq
                0x34009a78      0x16e ./Drivers/STM32N6xx_HAL_Driver/stm32n6xx_hal_rcc_ex.o
 *fill*         0x34009be6        0x2 
 .text.RCCEx_GetI2CCLKFreq
                0x34009be8      0x350 ./Drivers/STM32N6xx_HAL_Driver/stm32n6xx_hal_rcc_ex.o
 .text.RCCEx_GetI3CCLKFreq
                0x34009f38      0x268 ./Drivers/STM32N6xx_HAL_Driver/stm32n6xx_hal_rcc_ex.o
 .text.RCCEx_GetLPTIMCLKFreq
                0x3400a1a0      0x354 ./Drivers/STM32N6xx_HAL_Driver/stm32n6xx_hal_rcc_ex.o
 .text.RCCEx_GetLPUARTCLKFreq
                0x3400a4f4      0x204 ./Drivers/STM32N6xx_HAL_Driver/stm32n6xx_hal_rcc_ex.o
 .text.RCCEx_GetLTDCCLKFreq
                0x3400a6f8      0x114 ./Drivers/STM32N6xx_HAL_Driver/stm32n6xx_hal_rcc_ex.o
 .text.RCCEx_GetMDFCLKFreq
                0x3400a80c      0x214 ./Drivers/STM32N6xx_HAL_Driver/stm32n6xx_hal_rcc_ex.o
 .text.RCCEx_GetPSSICLKFreq
                0x3400aa20      0x104 ./Drivers/STM32N6xx_HAL_Driver/stm32n6xx_hal_rcc_ex.o
 .text.RCCEx_GetRTCCLKFreq
                0x3400ab24       0xa4 ./Drivers/STM32N6xx_HAL_Driver/stm32n6xx_hal_rcc_ex.o
 .text.RCCEx_GetSAICLKFreq
                0x3400abc8      0x2cc ./Drivers/STM32N6xx_HAL_Driver/stm32n6xx_hal_rcc_ex.o
 .text.RCCEx_GetSDMMCCLKFreq
                0x3400ae94      0x1d4 ./Drivers/STM32N6xx_HAL_Driver/stm32n6xx_hal_rcc_ex.o
 .text.RCCEx_GetSPDIFRXCLKFreq
                0x3400b068      0x1c8 ./Drivers/STM32N6xx_HAL_Driver/stm32n6xx_hal_rcc_ex.o
 .text.RCCEx_GetSPICLKFreq
                0x3400b230      0x5a4 ./Drivers/STM32N6xx_HAL_Driver/stm32n6xx_hal_rcc_ex.o
 .text.RCCEx_GetUARTCLKFreq
                0x3400b7d4      0x454 ./Drivers/STM32N6xx_HAL_Driver/stm32n6xx_hal_rcc_ex.o
 .text.RCCEx_GetUSARTCLKFreq
                0x3400bc28      0x454 ./Drivers/STM32N6xx_HAL_Driver/stm32n6xx_hal_rcc_ex.o
 .text.RCCEx_GetOTGPHYCLKFreq
                0x3400c07c      0x16c ./Drivers/STM32N6xx_HAL_Driver/stm32n6xx_hal_rcc_ex.o
 .text.RCCEx_GetOTGPHYCKREFCLKFreq
                0x3400c1e8       0xa0 ./Drivers/STM32N6xx_HAL_Driver/stm32n6xx_hal_rcc_ex.o
 .text.RCCEx_GetXSPICLKFreq
                0x3400c288      0x220 ./Drivers/STM32N6xx_HAL_Driver/stm32n6xx_hal_rcc_ex.o
 .text.HAL_RIF_RIMC_ConfigMasterAttributes
                0x3400c4a8       0x78 ./Drivers/STM32N6xx_HAL_Driver/stm32n6xx_hal_rif.o
                0x3400c4a8                HAL_RIF_RIMC_ConfigMasterAttributes
 .text.HAL_UART_Init
                0x3400c520       0xa0 ./Drivers/STM32N6xx_HAL_Driver/stm32n6xx_hal_uart.o
                0x3400c520                HAL_UART_Init
 .text.HAL_UART_Transmit
                0x3400c5c0      0x132 ./Drivers/STM32N6xx_HAL_Driver/stm32n6xx_hal_uart.o
                0x3400c5c0                HAL_UART_Transmit
 *fill*         0x3400c6f2        0x2 
 .text.HAL_UART_Receive_DMA
                0x3400c6f4       0xa4 ./Drivers/STM32N6xx_HAL_Driver/stm32n6xx_hal_uart.o
                0x3400c6f4                HAL_UART_Receive_DMA
 .text.HAL_UART_IRQHandler
                0x3400c798      0x678 ./Drivers/STM32N6xx_HAL_Driver/stm32n6xx_hal_uart.o
                0x3400c798                HAL_UART_IRQHandler
 .text.HAL_UART_TxCpltCallback
                0x3400ce10       0x14 ./Drivers/STM32N6xx_HAL_Driver/stm32n6xx_hal_uart.o
                0x3400ce10                HAL_UART_TxCpltCallback
 .text.HAL_UART_ErrorCallback
                0x3400ce24       0x14 ./Drivers/STM32N6xx_HAL_Driver/stm32n6xx_hal_uart.o
                0x3400ce24                HAL_UART_ErrorCallback
 .text.HAL_UARTEx_RxEventCallback
                0x3400ce38       0x18 ./Drivers/STM32N6xx_HAL_Driver/stm32n6xx_hal_uart.o
                0x3400ce38                HAL_UARTEx_RxEventCallback
 .text.UART_SetConfig
                0x3400ce50      0x3d8 ./Drivers/STM32N6xx_HAL_Driver/stm32n6xx_hal_uart.o
                0x3400ce50                UART_SetConfig
 .text.UART_AdvFeatureConfig
                0x3400d228      0x144 ./Drivers/STM32N6xx_HAL_Driver/stm32n6xx_hal_uart.o
                0x3400d228                UART_AdvFeatureConfig
 .text.UART_CheckIdleState
                0x3400d36c      0x154 ./Drivers/STM32N6xx_HAL_Driver/stm32n6xx_hal_uart.o
                0x3400d36c                UART_CheckIdleState
 .text.UART_WaitOnFlagUntilTimeout
                0x3400d4c0       0xda ./Drivers/STM32N6xx_HAL_Driver/stm32n6xx_hal_uart.o
                0x3400d4c0                UART_WaitOnFlagUntilTimeout
 *fill*         0x3400d59a        0x2 
 .text.UART_Start_Receive_DMA
                0x3400d59c      0x1f0 ./Drivers/STM32N6xx_HAL_Driver/stm32n6xx_hal_uart.o
                0x3400d59c                UART_Start_Receive_DMA
 .text.UART_EndTxTransfer
                0x3400d78c       0x82 ./Drivers/STM32N6xx_HAL_Driver/stm32n6xx_hal_uart.o
 .text.UART_EndRxTransfer
                0x3400d80e       0xcc ./Drivers/STM32N6xx_HAL_Driver/stm32n6xx_hal_uart.o
 .text.UART_DMAReceiveCplt
                0x3400d8da      0x15c ./Drivers/STM32N6xx_HAL_Driver/stm32n6xx_hal_uart.o
 .text.UART_DMARxHalfCplt
                0x3400da36       0x72 ./Drivers/STM32N6xx_HAL_Driver/stm32n6xx_hal_uart.o
 .text.UART_DMAError
                0x3400daa8       0x70 ./Drivers/STM32N6xx_HAL_Driver/stm32n6xx_hal_uart.o
 .text.UART_DMAAbortOnError
                0x3400db18       0x1c ./Drivers/STM32N6xx_HAL_Driver/stm32n6xx_hal_uart.o
 .text.UART_EndTransmit_IT
                0x3400db34       0x56 ./Drivers/STM32N6xx_HAL_Driver/stm32n6xx_hal_uart.o
 .text.HAL_UARTEx_WakeupCallback
                0x3400db8a       0x14 ./Drivers/STM32N6xx_HAL_Driver/stm32n6xx_hal_uart_ex.o
                0x3400db8a                HAL_UARTEx_WakeupCallback
 .text.HAL_UARTEx_RxFifoFullCallback
                0x3400db9e       0x14 ./Drivers/STM32N6xx_HAL_Driver/stm32n6xx_hal_uart_ex.o
                0x3400db9e                HAL_UARTEx_RxFifoFullCallback
 .text.HAL_UARTEx_TxFifoEmptyCallback
                0x3400dbb2       0x14 ./Drivers/STM32N6xx_HAL_Driver/stm32n6xx_hal_uart_ex.o
                0x3400dbb2                HAL_UARTEx_TxFifoEmptyCallback
 .text.HAL_UARTEx_DisableFifoMode
                0x3400dbc6       0x72 ./Drivers/STM32N6xx_HAL_Driver/stm32n6xx_hal_uart_ex.o
                0x3400dbc6                HAL_UARTEx_DisableFifoMode
 .text.HAL_UARTEx_SetTxFifoThreshold
                0x3400dc38       0x7c ./Drivers/STM32N6xx_HAL_Driver/stm32n6xx_hal_uart_ex.o
                0x3400dc38                HAL_UARTEx_SetTxFifoThreshold
 .text.HAL_UARTEx_SetRxFifoThreshold
                0x3400dcb4       0x7c ./Drivers/STM32N6xx_HAL_Driver/stm32n6xx_hal_uart_ex.o
                0x3400dcb4                HAL_UARTEx_SetRxFifoThreshold
 .text.UARTEx_SetNbDataToProcess
                0x3400dd30       0x9c ./Drivers/STM32N6xx_HAL_Driver/stm32n6xx_hal_uart_ex.o
 .text.ADSB_RingBuffer_Init
                0x3400ddcc       0x3c ./Drivers/adsb_driver/adsb_driver.o
                0x3400ddcc                ADSB_RingBuffer_Init
 .text.DF_RingBuffer_Init
                0x3400de08       0x3c ./Drivers/adsb_driver/adsb_driver.o
                0x3400de08                DF_RingBuffer_Init
 .text.CPR_RingBuffer_Init
                0x3400de44       0x3c ./Drivers/adsb_driver/adsb_driver.o
                0x3400de44                CPR_RingBuffer_Init
 .text.ADSB_CPR_RingBuffers_Init
                0x3400de80       0x2c ./Drivers/adsb_driver/adsb_driver.o
                0x3400de80                ADSB_CPR_RingBuffers_Init
 .text.ADSB_Power
                0x3400deac       0x4e ./Drivers/adsb_driver/adsb_driver.o
                0x3400deac                ADSB_Power
 *fill*         0x3400defa        0x6 
 .text.ADSB_Init_LUT_NL
                0x3400df00       0xc4 ./Drivers/adsb_driver/adsb_driver.o
                0x3400df00                ADSB_Init_LUT_NL
 .text.ADSB_RingBuffers_Init
                0x3400dfc4       0x38 ./Drivers/adsb_driver/adsb_driver.o
                0x3400dfc4                ADSB_RingBuffers_Init
 .text.ADSB_GetFlagStatus
                0x3400dffc       0x68 ./Drivers/adsb_driver/adsb_driver.o
                0x3400dffc                ADSB_GetFlagStatus
 .text.ADSB_KeepLooking
                0x3400e064       0x22 ./Drivers/adsb_driver/adsb_driver.o
                0x3400e064                ADSB_KeepLooking
 *fill*         0x3400e086        0x2 
 .text.ADSB_RingBuff_FlagSet
                0x3400e088       0x38 ./Drivers/adsb_driver/adsb_driver.o
                0x3400e088                ADSB_RingBuff_FlagSet
 .text.ADSB_RingBuff_FlagUnSet
                0x3400e0c0       0x38 ./Drivers/adsb_driver/adsb_driver.o
                0x3400e0c0                ADSB_RingBuff_FlagUnSet
 .text.ADSB_GetRGBUFF_Address
                0x3400e0f8       0x14 ./Drivers/adsb_driver/adsb_driver.o
                0x3400e0f8                ADSB_GetRGBUFF_Address
 .text.ADSB_GetRGBUFF_Size
                0x3400e10c       0x10 ./Drivers/adsb_driver/adsb_driver.o
                0x3400e10c                ADSB_GetRGBUFF_Size
 .text.ADSB_MovFwd
                0x3400e11c       0x3c ./Drivers/adsb_driver/adsb_driver.o
                0x3400e11c                ADSB_MovFwd
 .text.ADSB_validateDF
                0x3400e158       0x44 ./Drivers/adsb_driver/adsb_driver.o
                0x3400e158                ADSB_validateDF
 .text.ADSB_RingBuffer_PushFrame
                0x3400e19c       0x82 ./Drivers/adsb_driver/adsb_driver.o
                0x3400e19c                ADSB_RingBuffer_PushFrame
 .text.ADSB_RingBuffer_PopFrame
                0x3400e21e       0x98 ./Drivers/adsb_driver/adsb_driver.o
                0x3400e21e                ADSB_RingBuffer_PopFrame
 .text.ADSB_RingBuffer_PushCPRFrame
                0x3400e2b6       0x84 ./Drivers/adsb_driver/adsb_driver.o
                0x3400e2b6                ADSB_RingBuffer_PushCPRFrame
 .text.ADSB_FindValidFrame
                0x3400e33a       0x7a ./Drivers/adsb_driver/adsb_driver.o
                0x3400e33a                ADSB_FindValidFrame
 .text.ADSB_Get_Instant_DF
                0x3400e3b4       0x1e ./Drivers/adsb_driver/adsb_driver.o
                0x3400e3b4                ADSB_Get_Instant_DF
 .text.ADSB_Get_Instant_CA
                0x3400e3d2       0x20 ./Drivers/adsb_driver/adsb_driver.o
                0x3400e3d2                ADSB_Get_Instant_CA
 .text.ADSB_Get_Instant_ICAOAdd
                0x3400e3f2       0x48 ./Drivers/adsb_driver/adsb_driver.o
                0x3400e3f2                ADSB_Get_Instant_ICAOAdd
 .text.ADSB_Get_Instant_TC
                0x3400e43a       0x1e ./Drivers/adsb_driver/adsb_driver.o
                0x3400e43a                ADSB_Get_Instant_TC
 .text.ADSB_Get_Instant_ME
                0x3400e458       0x68 ./Drivers/adsb_driver/adsb_driver.o
                0x3400e458                ADSB_Get_Instant_ME
 .text.ADSB_Get_Instant_PI
                0x3400e4c0       0x48 ./Drivers/adsb_driver/adsb_driver.o
                0x3400e4c0                ADSB_Get_Instant_PI
 .text.ADSB_Read_HalfBuffer
                0x3400e508       0x94 ./Drivers/adsb_driver/adsb_driver.o
                0x3400e508                ADSB_Read_HalfBuffer
 .text.ADSB_DecodeFrame
                0x3400e59c      0x1d8 ./Drivers/adsb_driver/adsb_driver.o
                0x3400e59c                ADSB_DecodeFrame
 .text.ADSB_ParseMessage_GetEvenOddF
                0x3400e774       0x30 ./Drivers/adsb_driver/adsb_driver.o
                0x3400e774                ADSB_ParseMessage_GetEvenOddF
 .text.ADSB_ParseMessage_GetLAT
                0x3400e7a4       0x28 ./Drivers/adsb_driver/adsb_driver.o
                0x3400e7a4                ADSB_ParseMessage_GetLAT
 .text.ADSB_ParseMessage_GetLON
                0x3400e7cc       0x20 ./Drivers/adsb_driver/adsb_driver.o
                0x3400e7cc                ADSB_ParseMessage_GetLON
 .text.ADSB_Read_DownlinkFormatBuffer
                0x3400e7ec       0x7c ./Drivers/adsb_driver/adsb_driver.o
                0x3400e7ec                ADSB_Read_DownlinkFormatBuffer
 .text.ADSB_CalculateCRC24
                0x3400e868       0xa0 ./Drivers/adsb_driver/adsb_driver.o
                0x3400e868                ADSB_CalculateCRC24
 .text.memset   0x3400e908       0x10 C:/ST/STM32CubeIDE_1.19.0/STM32CubeIDE/plugins/com.st.stm32cube.ide.mcu.externaltools.gnu-tools-for-stm32.14.3.rel1.win32_1.0.100.202602081740/tools/bin/../lib/gcc/arm-none-eabi/14.3.1/../../../../arm-none-eabi/lib/thumb/v8-m.main+dp/hard\libc_nano.a(libc_a-memset.o)
                0x3400e908                memset
 .text.__libc_init_array
                0x3400e918       0x48 C:/ST/STM32CubeIDE_1.19.0/STM32CubeIDE/plugins/com.st.stm32cube.ide.mcu.externaltools.gnu-tools-for-stm32.14.3.rel1.win32_1.0.100.202602081740/tools/bin/../lib/gcc/arm-none-eabi/14.3.1/../../../../arm-none-eabi/lib/thumb/v8-m.main+dp/hard\libc_nano.a(libc_a-init.o)
                0x3400e918                __libc_init_array
 *(.glue_7)
 .glue_7        0x3400e960        0x0 linker stubs
 *(.glue_7t)
 .glue_7t       0x3400e960        0x0 linker stubs
 *(.eh_frame)
 .eh_frame      0x3400e960        0x0 C:/ST/STM32CubeIDE_1.19.0/STM32CubeIDE/plugins/com.st.stm32cube.ide.mcu.externaltools.gnu-tools-for-stm32.14.3.rel1.win32_1.0.100.202602081740/tools/bin/../lib/gcc/arm-none-eabi/14.3.1/thumb/v8-m.main+dp/hard/crtbegin.o
 *(.RamFunc)
 *(.RamFunc*)
 *(.init)
 .init          0x3400e960        0x4 C:/ST/STM32CubeIDE_1.19.0/STM32CubeIDE/plugins/com.st.stm32cube.ide.mcu.externaltools.gnu-tools-for-stm32.14.3.rel1.win32_1.0.100.202602081740/tools/bin/../lib/gcc/arm-none-eabi/14.3.1/thumb/v8-m.main+dp/hard/crti.o
                0x3400e960                _init
 .init          0x3400e964        0x8 C:/ST/STM32CubeIDE_1.19.0/STM32CubeIDE/plugins/com.st.stm32cube.ide.mcu.externaltools.gnu-tools-for-stm32.14.3.rel1.win32_1.0.100.202602081740/tools/bin/../lib/gcc/arm-none-eabi/14.3.1/thumb/v8-m.main+dp/hard/crtn.o
 *(.fini)
 .fini          0x3400e96c        0x4 C:/ST/STM32CubeIDE_1.19.0/STM32CubeIDE/plugins/com.st.stm32cube.ide.mcu.externaltools.gnu-tools-for-stm32.14.3.rel1.win32_1.0.100.202602081740/tools/bin/../lib/gcc/arm-none-eabi/14.3.1/thumb/v8-m.main+dp/hard/crti.o
                0x3400e96c                _fini
 .fini          0x3400e970        0x8 C:/ST/STM32CubeIDE_1.19.0/STM32CubeIDE/plugins/com.st.stm32cube.ide.mcu.externaltools.gnu-tools-for-stm32.14.3.rel1.win32_1.0.100.202602081740/tools/bin/../lib/gcc/arm-none-eabi/14.3.1/thumb/v8-m.main+dp/hard/crtn.o
                0x3400e978                        . = ALIGN (0x4)
                0x3400e978                        _etext = .

.vfp11_veneer   0x3400e978        0x0
 .vfp11_veneer  0x3400e978        0x0 linker stubs

.v4_bx          0x3400e978        0x0
 .v4_bx         0x3400e978        0x0 linker stubs

.iplt           0x3400e978        0x0
 .iplt          0x3400e978        0x0 C:/ST/STM32CubeIDE_1.19.0/STM32CubeIDE/plugins/com.st.stm32cube.ide.mcu.externaltools.gnu-tools-for-stm32.14.3.rel1.win32_1.0.100.202602081740/tools/bin/../lib/gcc/arm-none-eabi/14.3.1/thumb/v8-m.main+dp/hard/crtbegin.o

.rodata         0x3400e978       0x28
                0x3400e978                        . = ALIGN (0x4)
 *(.rodata)
 *(.rodata*)
 .rodata.UARTPrescTable
                0x3400e978       0x18 ./Drivers/STM32N6xx_HAL_Driver/stm32n6xx_hal_uart.o
                0x3400e978                UARTPrescTable
 .rodata.numerator.1
                0x3400e990        0x8 ./Drivers/STM32N6xx_HAL_Driver/stm32n6xx_hal_uart_ex.o
 .rodata.denominator.0
                0x3400e998        0x8 ./Drivers/STM32N6xx_HAL_Driver/stm32n6xx_hal_uart_ex.o
                0x3400e9a0                        . = ALIGN (0x4)

.ARM.extab      0x3400e9a0        0x0
                0x3400e9a0                        . = ALIGN (0x4)
 *(.ARM.extab* .gnu.linkonce.armextab.*)
                0x3400e9a0                        . = ALIGN (0x4)

.ARM            0x3400e9a0        0x8
                0x3400e9a0                        . = ALIGN (0x4)
                0x3400e9a0                        __exidx_start = .
 *(.ARM.exidx*)
 .ARM.exidx     0x3400e9a0        0x8 C:/ST/STM32CubeIDE_1.19.0/STM32CubeIDE/plugins/com.st.stm32cube.ide.mcu.externaltools.gnu-tools-for-stm32.14.3.rel1.win32_1.0.100.202602081740/tools/bin/../lib/gcc/arm-none-eabi/14.3.1/thumb/v8-m.main+dp/hard\libgcc.a(_udivmoddi4.o)
                0x3400e9a8                        __exidx_end = .
                0x3400e9a8                        . = ALIGN (0x4)

.rel.dyn        0x3400e9a8        0x0
 .rel.iplt      0x3400e9a8        0x0 C:/ST/STM32CubeIDE_1.19.0/STM32CubeIDE/plugins/com.st.stm32cube.ide.mcu.externaltools.gnu-tools-for-stm32.14.3.rel1.win32_1.0.100.202602081740/tools/bin/../lib/gcc/arm-none-eabi/14.3.1/thumb/v8-m.main+dp/hard/crtbegin.o

.preinit_array  0x3400e9a8        0x0
                0x3400e9a8                        . = ALIGN (0x4)
                0x3400e9a8                        PROVIDE (__preinit_array_start = .)
 *(.preinit_array*)
                0x3400e9a8                        PROVIDE (__preinit_array_end = .)
                0x3400e9a8                        . = ALIGN (0x4)

.init_array     0x3400e9a8        0x4
                0x3400e9a8                        . = ALIGN (0x4)
                0x3400e9a8                        PROVIDE (__init_array_start = .)
 *(SORT_BY_NAME(.init_array.*))
 *(.init_array*)
 .init_array    0x3400e9a8        0x4 C:/ST/STM32CubeIDE_1.19.0/STM32CubeIDE/plugins/com.st.stm32cube.ide.mcu.externaltools.gnu-tools-for-stm32.14.3.rel1.win32_1.0.100.202602081740/tools/bin/../lib/gcc/arm-none-eabi/14.3.1/thumb/v8-m.main+dp/hard/crtbegin.o
                0x3400e9ac                        PROVIDE (__init_array_end = .)
                0x3400e9ac                        . = ALIGN (0x4)

.fini_array     0x3400e9ac        0x4
                0x3400e9ac                        . = ALIGN (0x4)
                [!provide]                        PROVIDE (__fini_array_start = .)
 *(SORT_BY_NAME(.fini_array.*))
 *(.fini_array*)
 .fini_array    0x3400e9ac        0x4 C:/ST/STM32CubeIDE_1.19.0/STM32CubeIDE/plugins/com.st.stm32cube.ide.mcu.externaltools.gnu-tools-for-stm32.14.3.rel1.win32_1.0.100.202602081740/tools/bin/../lib/gcc/arm-none-eabi/14.3.1/thumb/v8-m.main+dp/hard/crtbegin.o
                [!provide]                        PROVIDE (__fini_array_end = .)
                0x3400e9b0                        . = ALIGN (0x4)
                0x3400e9b0                        _sidata = LOADADDR (.data)

.data           0x34080000       0x10 load address 0x3400e9b0
                0x34080000                        . = ALIGN (0x4)
                0x34080000                        _sdata = .
 *(.data)
 *(.data*)
 .data.SystemCoreClock
                0x34080000        0x4 ./Core/Src/system_stm32n6xx_s.o
                0x34080000                SystemCoreClock
 .data.uwTickPrio
                0x34080004        0x4 ./Drivers/STM32N6xx_HAL_Driver/stm32n6xx_hal.o
                0x34080004                uwTickPrio
 .data.uwTickFreq
                0x34080008        0x1 ./Drivers/STM32N6xx_HAL_Driver/stm32n6xx_hal.o
                0x34080008                uwTickFreq
 *fill*         0x34080009        0x3 
 .data.ADSB_ValidDFs
                0x3408000c        0x2 ./Drivers/adsb_driver/adsb_driver.o
                0x3408000c                ADSB_ValidDFs
                0x34080010                        . = ALIGN (0x4)
 *fill*         0x3408000e        0x2 
                0x34080010                        _edata = .

.igot.plt       0x34080010        0x0 load address 0x3400e9c0
 .igot.plt      0x34080010        0x0 C:/ST/STM32CubeIDE_1.19.0/STM32CubeIDE/plugins/com.st.stm32cube.ide.mcu.externaltools.gnu-tools-for-stm32.14.3.rel1.win32_1.0.100.202602081740/tools/bin/../lib/gcc/arm-none-eabi/14.3.1/thumb/v8-m.main+dp/hard/crtbegin.o

.noncacheable   0x34080010       0x48 load address 0x3400e9c0
                0x34080010                        . = ALIGN (0x8)
                0x34080010                        __snoncacheable = .
 *(.noncacheable)
 .noncacheable  0x34080010       0x48 ./Core/Src/main.o
                0x34080010                Node_GPDMA1_Channel1
                0x34080034                Node_GPDMA1_Channel0
                0x34080058                        . = ALIGN (0x8)
                0x34080058                        __enoncacheable = .

.gnu.sgstubs    0x3400ea20       0x20
                0x3400ea20                        _sNSCVeneer = .
                0x3400ea20                        . = ALIGN (0x4)
 *(.gnu.sgstubs*)
                0x3400ea20                        . = ALIGN (0x4)
 .gnu.sgstubs.__stub
                0x3400ea20       0x10 linker stubs
                0x3400ea20                SECURE_SystemCoreClockUpdate
                0x3400ea28                SECURE_RegisterCallback
                0x3400ea40                        _eNSCVeneer = .
                0x3400ea30                        . = ALIGN (0x4)

.bss            0x34080058     0x8ab4
                0x34080058                        _sbss = .
                0x34080058                        __bss_start__ = _sbss
 *(.bss)
 .bss           0x34080058       0x1c C:/ST/STM32CubeIDE_1.19.0/STM32CubeIDE/plugins/com.st.stm32cube.ide.mcu.externaltools.gnu-tools-for-stm32.14.3.rel1.win32_1.0.100.202602081740/tools/bin/../lib/gcc/arm-none-eabi/14.3.1/thumb/v8-m.main+dp/hard/crtbegin.o
 *(.bss*)
 .bss.huart1    0x34080074       0x94 ./Core/Src/main.o
                0x34080074                huart1
 .bss.huart2    0x34080108       0x94 ./Core/Src/main.o
                0x34080108                huart2
 .bss.List_GPDMA1_Channel1
                0x3408019c       0x18 ./Core/Src/main.o
                0x3408019c                List_GPDMA1_Channel1
 .bss.handle_GPDMA1_Channel1
                0x340801b4       0x78 ./Core/Src/main.o
                0x340801b4                handle_GPDMA1_Channel1
 .bss.List_GPDMA1_Channel0
                0x3408022c       0x18 ./Core/Src/main.o
                0x3408022c                List_GPDMA1_Channel0
 .bss.handle_GPDMA1_Channel0
                0x34080244       0x78 ./Core/Src/main.o
                0x34080244                handle_GPDMA1_Channel0
 .bss.ADSB_ReceiveBuff
                0x340802bc       0x18 ./Core/Src/main.o
                0x340802bc                ADSB_ReceiveBuff
 .bss.adsbflagStatus
                0x340802d4        0x1 ./Core/Src/main.o
                0x340802d4                adsbflagStatus
 .bss.StartParsingFlag
                0x340802d5        0x1 ./Core/Src/main.o
                0x340802d5                StartParsingFlag
 .bss.user_button_flag
                0x340802d6        0x1 ./Core/Src/main.o
                0x340802d6                user_button_flag
 *fill*         0x340802d7        0x1 
 .bss.last_tick
                0x340802d8        0x4 ./Core/Src/main.o
                0x340802d8                last_tick
 .bss.g_positions
                0x340802dc      0x380 ./Core/Src/main.o
                0x340802dc                g_positions
 .bss.pSecureFaultCallback
                0x3408065c        0x4 ./Core/Src/secure_nsc.o
                0x3408065c                pSecureFaultCallback
 .bss.pSecureErrorCallback
                0x34080660        0x4 ./Core/Src/secure_nsc.o
                0x34080660                pSecureErrorCallback
 .bss.uwTick    0x34080664        0x4 ./Drivers/STM32N6xx_HAL_Driver/stm32n6xx_hal.o
                0x34080664                uwTick
 .bss.ADSB_RxBuff
                0x34080668       0x80 ./Drivers/adsb_driver/adsb_driver.o
                0x34080668                ADSB_RxBuff
 .bss.DF_17_BuffStg
                0x340806e8     0x3e80 ./Drivers/adsb_driver/adsb_driver.o
                0x340806e8                DF_17_BuffStg
 .bss.DF_18_BuffStg
                0x34084568     0x3e80 ./Drivers/adsb_driver/adsb_driver.o
                0x34084568                DF_18_BuffStg
 .bss.RGBuff_DF_17
                0x340883e8       0x18 ./Drivers/adsb_driver/adsb_driver.o
                0x340883e8                RGBuff_DF_17
 .bss.RGBuff_DF_18
                0x34088400       0x18 ./Drivers/adsb_driver/adsb_driver.o
                0x34088400                RGBuff_DF_18
 .bss.EVEN_BuffStg
                0x34088418      0x1f4 ./Drivers/adsb_driver/adsb_driver.o
                0x34088418                EVEN_BuffStg
 .bss.ODD_BuffStg
                0x3408860c      0x1f4 ./Drivers/adsb_driver/adsb_driver.o
                0x3408860c                ODD_BuffStg
 .bss.RGBuff_CPR_EVEN
                0x34088800       0x1c ./Drivers/adsb_driver/adsb_driver.o
                0x34088800                RGBuff_CPR_EVEN
 .bss.RGBuff_CPR_ODD
                0x3408881c       0x1c ./Drivers/adsb_driver/adsb_driver.o
                0x3408881c                RGBuff_CPR_ODD
 .bss.ADSAB_LUT_NL
                0x34088838      0x2d0 ./Drivers/adsb_driver/adsb_driver.o
                0x34088838                ADSAB_LUT_NL
 .bss.Buff2Parse_FstHalf_flg
                0x34088b08        0x1 ./Drivers/adsb_driver/adsb_driver.o
                0x34088b08                Buff2Parse_FstHalf_flg
 .bss.Buff2Parse_SndHalf_flg
                0x34088b09        0x1 ./Drivers/adsb_driver/adsb_driver.o
                0x34088b09                Buff2Parse_SndHalf_flg
 *(COMMON)
                0x34088b0c                        . = ALIGN (0x4)
 *fill*         0x34088b0a        0x2 
                0x34088b0c                        _ebss = .
                0x34088b0c                        __bss_end__ = _ebss

._user_heap_stack
                0x34088b0c      0xa04
                0x34088b10                        . = ALIGN (0x8)
 *fill*         0x34088b0c        0x4 
                [!provide]                        PROVIDE (end = .)
                0x34088b10                        PROVIDE (_end = .)
                0x34088d10                        . = (. + _Min_Heap_Size)
 *fill*         0x34088b10      0x200 
                0x34089510                        . = (. + _Min_Stack_Size)
 *fill*         0x34088d10      0x800 
                0x34089510                        . = ALIGN (0x8)

/DISCARD/
 libc.a(*)
 libm.a(*)
 libgcc.a(*)

.ARM.attributes
                0x00000000       0x3a
 *(.ARM.attributes)
 .ARM.attributes
                0x00000000       0x24 C:/ST/STM32CubeIDE_1.19.0/STM32CubeIDE/plugins/com.st.stm32cube.ide.mcu.externaltools.gnu-tools-for-stm32.14.3.rel1.win32_1.0.100.202602081740/tools/bin/../lib/gcc/arm-none-eabi/14.3.1/thumb/v8-m.main+dp/hard/crti.o
 .ARM.attributes
                0x00000024       0x36 C:/ST/STM32CubeIDE_1.19.0/STM32CubeIDE/plugins/com.st.stm32cube.ide.mcu.externaltools.gnu-tools-for-stm32.14.3.rel1.win32_1.0.100.202602081740/tools/bin/../lib/gcc/arm-none-eabi/14.3.1/thumb/v8-m.main+dp/hard/crtbegin.o
 .ARM.attributes
                0x0000005a       0x3e ./Core/Src/main.o
 .ARM.attributes
                0x00000098       0x3e ./Core/Src/secure_nsc.o
 .ARM.attributes
                0x000000d6       0x3e ./Core/Src/stm32n6xx_hal_msp.o
 .ARM.attributes
                0x00000114       0x3e ./Core/Src/stm32n6xx_it.o
 .ARM.attributes
                0x00000152       0x3e ./Core/Src/system_stm32n6xx_s.o
 .ARM.attributes
                0x00000190       0x22 ./Core/Startup/startup_stm32n657x0hxq.o
 .ARM.attributes
                0x000001b2       0x3e ./Drivers/STM32N6xx_HAL_Driver/stm32n6xx_hal.o
 .ARM.attributes
                0x000001f0       0x3e ./Drivers/STM32N6xx_HAL_Driver/stm32n6xx_hal_cortex.o
 .ARM.attributes
                0x0000022e       0x3e ./Drivers/STM32N6xx_HAL_Driver/stm32n6xx_hal_dma.o
 .ARM.attributes
                0x0000026c       0x3e ./Drivers/STM32N6xx_HAL_Driver/stm32n6xx_hal_dma_ex.o
 .ARM.attributes
                0x000002aa       0x3e ./Drivers/STM32N6xx_HAL_Driver/stm32n6xx_hal_gpio.o
 .ARM.attributes
                0x000002e8       0x3e ./Drivers/STM32N6xx_HAL_Driver/stm32n6xx_hal_pwr_ex.o
 .ARM.attributes
                0x00000326       0x3e ./Drivers/STM32N6xx_HAL_Driver/stm32n6xx_hal_rcc.o
 .ARM.attributes
                0x00000364       0x3e ./Drivers/STM32N6xx_HAL_Driver/stm32n6xx_hal_rcc_ex.o
 .ARM.attributes
                0x000003a2       0x3e ./Drivers/STM32N6xx_HAL_Driver/stm32n6xx_hal_rif.o
 .ARM.attributes
                0x000003e0       0x3e ./Drivers/STM32N6xx_HAL_Driver/stm32n6xx_hal_uart.o
 .ARM.attributes
                0x0000041e       0x3e ./Drivers/STM32N6xx_HAL_Driver/stm32n6xx_hal_uart_ex.o
 .ARM.attributes
                0x0000045c       0x3e ./Drivers/adsb_driver/adsb_driver.o
 .ARM.attributes
                0x0000049a       0x36 C:/ST/STM32CubeIDE_1.19.0/STM32CubeIDE/plugins/com.st.stm32cube.ide.mcu.externaltools.gnu-tools-for-stm32.14.3.rel1.win32_1.0.100.202602081740/tools/bin/../lib/gcc/arm-none-eabi/14.3.1/../../../../arm-none-eabi/lib/thumb/v8-m.main+dp/hard\libc_nano.a(libc_a-memset.o)
 .ARM.attributes
                0x000004d0       0x36 C:/ST/STM32CubeIDE_1.19.0/STM32CubeIDE/plugins/com.st.stm32cube.ide.mcu.externaltools.gnu-tools-for-stm32.14.3.rel1.win32_1.0.100.202602081740/tools/bin/../lib/gcc/arm-none-eabi/14.3.1/../../../../arm-none-eabi/lib/thumb/v8-m.main+dp/hard\libc_nano.a(libc_a-init.o)
 .ARM.attributes
                0x00000506       0x24 C:/ST/STM32CubeIDE_1.19.0/STM32CubeIDE/plugins/com.st.stm32cube.ide.mcu.externaltools.gnu-tools-for-stm32.14.3.rel1.win32_1.0.100.202602081740/tools/bin/../lib/gcc/arm-none-eabi/14.3.1/thumb/v8-m.main+dp/hard\libgcc.a(_aeabi_uldivmod.o)
 .ARM.attributes
                0x0000052a       0x36 C:/ST/STM32CubeIDE_1.19.0/STM32CubeIDE/plugins/com.st.stm32cube.ide.mcu.externaltools.gnu-tools-for-stm32.14.3.rel1.win32_1.0.100.202602081740/tools/bin/../lib/gcc/arm-none-eabi/14.3.1/thumb/v8-m.main+dp/hard\libgcc.a(_udivmoddi4.o)
 .ARM.attributes
                0x00000560       0x24 C:/ST/STM32CubeIDE_1.19.0/STM32CubeIDE/plugins/com.st.stm32cube.ide.mcu.externaltools.gnu-tools-for-stm32.14.3.rel1.win32_1.0.100.202602081740/tools/bin/../lib/gcc/arm-none-eabi/14.3.1/thumb/v8-m.main+dp/hard\libgcc.a(_dvmd_tls.o)
 .ARM.attributes
                0x00000584       0x24 C:/ST/STM32CubeIDE_1.19.0/STM32CubeIDE/plugins/com.st.stm32cube.ide.mcu.externaltools.gnu-tools-for-stm32.14.3.rel1.win32_1.0.100.202602081740/tools/bin/../lib/gcc/arm-none-eabi/14.3.1/thumb/v8-m.main+dp/hard/crtn.o
OUTPUT(AvoidanceCollisionSystem_Appli.elf elf32-littlearm)
LOAD linker stubs
LOAD C:/ST/STM32CubeIDE_1.19.0/STM32CubeIDE/plugins/com.st.stm32cube.ide.mcu.externaltools.gnu-tools-for-stm32.14.3.rel1.win32_1.0.100.202602081740/tools/bin/../lib/gcc/arm-none-eabi/14.3.1/../../../../arm-none-eabi/lib/thumb/v8-m.main+dp/hard\libc.a
LOAD C:/ST/STM32CubeIDE_1.19.0/STM32CubeIDE/plugins/com.st.stm32cube.ide.mcu.externaltools.gnu-tools-for-stm32.14.3.rel1.win32_1.0.100.202602081740/tools/bin/../lib/gcc/arm-none-eabi/14.3.1/../../../../arm-none-eabi/lib/thumb/v8-m.main+dp/hard\libm.a
LOAD C:/ST/STM32CubeIDE_1.19.0/STM32CubeIDE/plugins/com.st.stm32cube.ide.mcu.externaltools.gnu-tools-for-stm32.14.3.rel1.win32_1.0.100.202602081740/tools/bin/../lib/gcc/arm-none-eabi/14.3.1/thumb/v8-m.main+dp/hard\libgcc.a

.debug_info     0x00000000    0x1cfe3
 .debug_info    0x00000000     0x2aab ./Core/Src/main.o
 .debug_info    0x00002aab      0x103 ./Core/Src/secure_nsc.o
 .debug_info    0x00002bae     0x28b6 ./Core/Src/stm32n6xx_hal_msp.o
 .debug_info    0x00005464      0x9e9 ./Core/Src/stm32n6xx_it.o
 .debug_info    0x00005e4d     0x1ab2 ./Core/Src/system_stm32n6xx_s.o
 .debug_info    0x000078ff       0x30 ./Core/Startup/startup_stm32n657x0hxq.o
 .debug_info    0x0000792f     0x27e2 ./Drivers/STM32N6xx_HAL_Driver/stm32n6xx_hal.o
 .debug_info    0x0000a111     0x1490 ./Drivers/STM32N6xx_HAL_Driver/stm32n6xx_hal_cortex.o
 .debug_info    0x0000b5a1      0xbfa ./Drivers/STM32N6xx_HAL_Driver/stm32n6xx_hal_dma.o
 .debug_info    0x0000c19b     0x192d ./Drivers/STM32N6xx_HAL_Driver/stm32n6xx_hal_dma_ex.o
 .debug_info    0x0000dac8      0xafd ./Drivers/STM32N6xx_HAL_Driver/stm32n6xx_hal_gpio.o
 .debug_info    0x0000e5c5      0xd08 ./Drivers/STM32N6xx_HAL_Driver/stm32n6xx_hal_pwr_ex.o
 .debug_info    0x0000f2cd     0x2161 ./Drivers/STM32N6xx_HAL_Driver/stm32n6xx_hal_rcc.o
 .debug_info    0x0001142e     0x3841 ./Drivers/STM32N6xx_HAL_Driver/stm32n6xx_hal_rcc_ex.o
 .debug_info    0x00014c6f      0xeb6 ./Drivers/STM32N6xx_HAL_Driver/stm32n6xx_hal_rif.o
 .debug_info    0x00015b25     0x45b3 ./Drivers/STM32N6xx_HAL_Driver/stm32n6xx_hal_uart.o
 .debug_info    0x0001a0d8     0x10f3 ./Drivers/STM32N6xx_HAL_Driver/stm32n6xx_hal_uart_ex.o
 .debug_info    0x0001b1cb     0x1e18 ./Drivers/adsb_driver/adsb_driver.o

.debug_abbrev   0x00000000     0x29c6
 .debug_abbrev  0x00000000      0x343 ./Core/Src/main.o
 .debug_abbrev  0x00000343       0x9f ./Core/Src/secure_nsc.o
 .debug_abbrev  0x000003e2      0x299 ./Core/Src/stm32n6xx_hal_msp.o
 .debug_abbrev  0x0000067b      0x19e ./Core/Src/stm32n6xx_it.o
 .debug_abbrev  0x00000819      0x177 ./Core/Src/system_stm32n6xx_s.o
 .debug_abbrev  0x00000990       0x24 ./Core/Startup/startup_stm32n657x0hxq.o
 .debug_abbrev  0x000009b4      0x2bd ./Drivers/STM32N6xx_HAL_Driver/stm32n6xx_hal.o
 .debug_abbrev  0x00000c71      0x346 ./Drivers/STM32N6xx_HAL_Driver/stm32n6xx_hal_cortex.o
 .debug_abbrev  0x00000fb7      0x1dd ./Drivers/STM32N6xx_HAL_Driver/stm32n6xx_hal_dma.o
 .debug_abbrev  0x00001194      0x21c ./Drivers/STM32N6xx_HAL_Driver/stm32n6xx_hal_dma_ex.o
 .debug_abbrev  0x000013b0      0x24d ./Drivers/STM32N6xx_HAL_Driver/stm32n6xx_hal_gpio.o
 .debug_abbrev  0x000015fd      0x265 ./Drivers/STM32N6xx_HAL_Driver/stm32n6xx_hal_pwr_ex.o
 .debug_abbrev  0x00001862      0x36a ./Drivers/STM32N6xx_HAL_Driver/stm32n6xx_hal_rcc.o
 .debug_abbrev  0x00001bcc      0x305 ./Drivers/STM32N6xx_HAL_Driver/stm32n6xx_hal_rcc_ex.o
 .debug_abbrev  0x00001ed1      0x2a5 ./Drivers/STM32N6xx_HAL_Driver/stm32n6xx_hal_rif.o
 .debug_abbrev  0x00002176      0x306 ./Drivers/STM32N6xx_HAL_Driver/stm32n6xx_hal_uart.o
 .debug_abbrev  0x0000247c      0x2d5 ./Drivers/STM32N6xx_HAL_Driver/stm32n6xx_hal_uart_ex.o
 .debug_abbrev  0x00002751      0x275 ./Drivers/adsb_driver/adsb_driver.o

.debug_aranges  0x00000000     0x1da0
 .debug_aranges
                0x00000000       0xa0 ./Core/Src/main.o
 .debug_aranges
                0x000000a0       0x20 ./Core/Src/secure_nsc.o
 .debug_aranges
                0x000000c0       0x58 ./Core/Src/stm32n6xx_hal_msp.o
 .debug_aranges
                0x00000118       0x88 ./Core/Src/stm32n6xx_it.o
 .debug_aranges
                0x000001a0       0x38 ./Core/Src/system_stm32n6xx_s.o
 .debug_aranges
                0x000001d8       0x28 ./Core/Startup/startup_stm32n657x0hxq.o
 .debug_aranges
                0x00000200      0x3d0 ./Drivers/STM32N6xx_HAL_Driver/stm32n6xx_hal.o
 .debug_aranges
                0x000005d0      0x178 ./Drivers/STM32N6xx_HAL_Driver/stm32n6xx_hal_cortex.o
 .debug_aranges
                0x00000748       0xb8 ./Drivers/STM32N6xx_HAL_Driver/stm32n6xx_hal_dma.o
 .debug_aranges
                0x00000800      0x1a0 ./Drivers/STM32N6xx_HAL_Driver/stm32n6xx_hal_dma_ex.o
 .debug_aranges
                0x000009a0       0xa8 ./Drivers/STM32N6xx_HAL_Driver/stm32n6xx_hal_gpio.o
 .debug_aranges
                0x00000a48      0x260 ./Drivers/STM32N6xx_HAL_Driver/stm32n6xx_hal_pwr_ex.o
 .debug_aranges
                0x00000ca8      0x2a0 ./Drivers/STM32N6xx_HAL_Driver/stm32n6xx_hal_rcc.o
 .debug_aranges
                0x00000f48      0x758 ./Drivers/STM32N6xx_HAL_Driver/stm32n6xx_hal_rcc_ex.o
 .debug_aranges
                0x000016a0       0xf0 ./Drivers/STM32N6xx_HAL_Driver/stm32n6xx_hal_rif.o
 .debug_aranges
                0x00001790      0x248 ./Drivers/STM32N6xx_HAL_Driver/stm32n6xx_hal_uart.o
 .debug_aranges
                0x000019d8       0xa8 ./Drivers/STM32N6xx_HAL_Driver/stm32n6xx_hal_uart_ex.o
 .debug_aranges
                0x00001a80      0x320 ./Drivers/adsb_driver/adsb_driver.o

.debug_rnglists
                0x00000000     0x16be
 .debug_rnglists
                0x00000000       0x7c ./Core/Src/main.o
 .debug_rnglists
                0x0000007c       0x13 ./Core/Src/secure_nsc.o
 .debug_rnglists
                0x0000008f       0x3e ./Core/Src/stm32n6xx_hal_msp.o
 .debug_rnglists
                0x000000cd       0x61 ./Core/Src/stm32n6xx_it.o
 .debug_rnglists
                0x0000012e       0x26 ./Core/Src/system_stm32n6xx_s.o
 .debug_rnglists
                0x00000154       0x19 ./Core/Startup/startup_stm32n657x0hxq.o
 .debug_rnglists
                0x0000016d      0x2da ./Drivers/STM32N6xx_HAL_Driver/stm32n6xx_hal.o
 .debug_rnglists
                0x00000447      0x115 ./Drivers/STM32N6xx_HAL_Driver/stm32n6xx_hal_cortex.o
 .debug_rnglists
                0x0000055c       0x91 ./Drivers/STM32N6xx_HAL_Driver/stm32n6xx_hal_dma.o
 .debug_rnglists
                0x000005ed      0x155 ./Drivers/STM32N6xx_HAL_Driver/stm32n6xx_hal_dma_ex.o
 .debug_rnglists
                0x00000742       0x80 ./Drivers/STM32N6xx_HAL_Driver/stm32n6xx_hal_gpio.o
 .debug_rnglists
                0x000007c2      0x1c9 ./Drivers/STM32N6xx_HAL_Driver/stm32n6xx_hal_pwr_ex.o
 .debug_rnglists
                0x0000098b      0x201 ./Drivers/STM32N6xx_HAL_Driver/stm32n6xx_hal_rcc.o
 .debug_rnglists
                0x00000b8c      0x5a1 ./Drivers/STM32N6xx_HAL_Driver/stm32n6xx_hal_rcc_ex.o
 .debug_rnglists
                0x0000112d       0xb6 ./Drivers/STM32N6xx_HAL_Driver/stm32n6xx_hal_rif.o
 .debug_rnglists
                0x000011e3      0x1f9 ./Drivers/STM32N6xx_HAL_Driver/stm32n6xx_hal_uart.o
 .debug_rnglists
                0x000013dc       0x7f ./Drivers/STM32N6xx_HAL_Driver/stm32n6xx_hal_uart_ex.o
 .debug_rnglists
                0x0000145b      0x263 ./Drivers/adsb_driver/adsb_driver.o

.debug_macro    0x00000000    0x531d4
 .debug_macro   0x00000000      0x32d ./Core/Src/main.o
 .debug_macro   0x0000032d      0xb5c ./Core/Src/main.o
 .debug_macro   0x00000e89       0x16 ./Core/Src/main.o
 .debug_macro   0x00000e9f      0x1e0 ./Core/Src/main.o
 .debug_macro   0x0000107f      0x190 ./Core/Src/main.o
 .debug_macro   0x0000120f       0x63 ./Core/Src/main.o
 .debug_macro   0x00001272       0x2e ./Core/Src/main.o
 .debug_macro   0x000012a0       0x6c ./Core/Src/main.o
 .debug_macro   0x0000130c       0x22 ./Core/Src/main.o
 .debug_macro   0x0000132e       0x8e ./Core/Src/main.o
 .debug_macro   0x000013bc       0x51 ./Core/Src/main.o
 .debug_macro   0x0000140d      0x103 ./Core/Src/main.o
 .debug_macro   0x00001510       0x6a ./Core/Src/main.o
 .debug_macro   0x0000157a      0x1df ./Core/Src/main.o
 .debug_macro   0x00001759       0x2e ./Core/Src/main.o
 .debug_macro   0x00001787       0x17 ./Core/Src/main.o
 .debug_macro   0x0000179e       0x58 ./Core/Src/main.o
 .debug_macro   0x000017f6      0x26d ./Core/Src/main.o
 .debug_macro   0x00001a63       0x3a ./Core/Src/main.o
 .debug_macro   0x00001a9d     0x2f0c ./Core/Src/main.o
 .debug_macro   0x000049a9      0x130 ./Core/Src/main.o
 .debug_macro   0x00004ad9      0x344 ./Core/Src/main.o
 .debug_macro   0x00004e1d      0x146 ./Core/Src/main.o
 .debug_macro   0x00004f63       0x22 ./Core/Src/main.o