11:48:02 **** Clean-only build of configuration Debug for project AvoidanceCollisionSystem_Appli ****
make -j12 clean 
rm -rf ./Drivers/adsb_driver/adsb_driver.cyclo ./Drivers/adsb_driver/adsb_driver.d ./Drivers/adsb_driver/adsb_driver.o ./Drivers/adsb_driver/adsb_driver.su
rm -rf ./Drivers/STM32N6xx_HAL_Driver/stm32n6xx_hal.cyclo ./Drivers/STM32N6xx_HAL_Driver/stm32n6xx_hal.d ./Drivers/STM32N6xx_HAL_Driver/stm32n6xx_hal.o ./Drivers/STM32N6xx_HAL_Driver/stm32n6xx_hal.su ./Drivers/STM32N6xx_HAL_Driver/stm32n6xx_hal_cortex.cyclo ./Drivers/STM32N6xx_HAL_Driver/stm32n6xx_hal_cortex.d ./Drivers/STM32N6xx_HAL_Driver/stm32n6xx_hal_cortex.o ./Drivers/STM32N6xx_HAL_Driver/stm32n6xx_hal_cortex.su ./Drivers/STM32N6xx_HAL_Driver/stm32n6xx_hal_dma.cyclo ./Drivers/STM32N6xx_HAL_Driver/stm32n6xx_hal_dma.d ./Drivers/STM32N6xx_HAL_Driver/stm32n6xx_hal_dma.o ./Drivers/STM32N6xx_HAL_Driver/stm32n6xx_hal_dma.su ./Drivers/STM32N6xx_HAL_Driver/stm32n6xx_hal_dma_ex.cyclo ./Drivers/STM32N6xx_HAL_Driver/stm32n6xx_hal_dma_ex.d ./Drivers/STM32N6xx_HAL_Driver/stm32n6xx_hal_dma_ex.o ./Drivers/STM32N6xx_HAL_Driver/stm32n6xx_hal_dma_ex.su ./Drivers/STM32N6xx_HAL_Driver/stm32n6xx_hal_exti.cyclo ./Drivers/STM32N6xx_HAL_Driver/stm32n6xx_hal_exti.d ./Drivers/STM32N6xx_HAL_Driver/stm32n6xx_hal_exti.o ./Drivers/STM32N6xx_HAL_Driver/stm32n6xx_hal_exti.su ./Drivers/STM32N6xx_HAL_Driver/stm32n6xx_hal_gpio.cyclo ./Drivers/STM32N6xx_HAL_Driver/stm32n6xx_hal_gpio.d ./Drivers/STM32N6xx_HAL_Driver/stm32n6xx_hal_gpio.o ./Drivers/STM32N6xx_HAL_Driver/stm32n6xx_hal_gpio.su ./Drivers/STM32N6xx_HAL_Driver/stm32n6xx_hal_pwr.cyclo ./Drivers/STM32N6xx_HAL_Driver/stm32n6xx_hal_pwr.d ./Drivers/STM32N6xx_HAL_Driver/stm32n6xx_hal_pwr.o ./Drivers/STM32N6xx_HAL_Driver/stm32n6xx_hal_pwr.su ./Drivers/STM32N6xx_HAL_Driver/stm32n6xx_hal_pwr_ex.cyclo ./Drivers/STM32N6xx_HAL_Driver/stm32n6xx_hal_pwr_ex.d ./Drivers/STM32N6xx_HAL_Driver/stm32n6xx_hal_pwr_ex.o ./Drivers/STM32N6xx_HAL_Driver/stm32n6xx_hal_pwr_ex.su ./Drivers/STM32N6xx_HAL_Driver/stm32n6xx_hal_rcc.cyclo ./Drivers/STM32N6xx_HAL_Driver/stm32n6xx_hal_rcc.d ./Drivers/STM32N6xx_HAL_Driver/stm32n6xx_hal_rcc.o ./Drivers/STM32N6xx_HAL_Driver/stm32n6xx_hal_rcc.su ./Drivers/STM32N6xx_HAL_Driver/stm32n6xx_hal_rcc_ex.cyclo ./Drivers/STM32N6xx_HAL_Driver/stm32n6xx_hal_rcc_ex.d ./Drivers/STM32N6xx_HAL_Driver/stm32n6xx_hal_rcc_ex.o ./Drivers/STM32N6xx_HAL_Driver/stm32n6xx_hal_rcc_ex.su ./Drivers/STM32N6xx_HAL_Driver/stm32n6xx_hal_rif.cyclo ./Drivers/STM32N6xx_HAL_Driver/stm32n6xx_hal_rif.d ./Drivers/STM32N6xx_HAL_Driver/stm32n6xx_hal_rif.o ./Drivers/STM32N6xx_HAL_Driver/stm32n6xx_hal_rif.su ./Drivers/STM32N6xx_HAL_Driver/stm32n6xx_hal_uart.cyclo ./Drivers/STM32N6xx_HAL_Driver/stm32n6xx_hal_uart.d ./Drivers/STM32N6xx_HAL_Driver/stm32n6xx_hal_uart.o ./Drivers/STM32N6xx_HAL_Driver/stm32n6xx_hal_uart.su ./Drivers/STM32N6xx_HAL_Driver/stm32n6xx_hal_uart_ex.cyclo ./Drivers/STM32N6xx_HAL_Driver/stm32n6xx_hal_uart_ex.d ./Drivers/STM32N6xx_HAL_Driver/stm32n6xx_hal_uart_ex.o ./Drivers/STM32N6xx_HAL_Driver/stm32n6xx_hal_uart_ex.su
rm -rf ./Drivers/BSP/STM32N6xx_Nucleo/stm32n6xx_nucleo.cyclo ./Drivers/BSP/STM32N6xx_Nucleo/stm32n6xx_nucleo.d ./Drivers/BSP/STM32N6xx_Nucleo/stm32n6xx_nucleo.o ./Drivers/BSP/STM32N6xx_Nucleo/stm32n6xx_nucleo.su ./Drivers/BSP/STM32N6xx_Nucleo/stm32n6xx_nucleo_bus.cyclo ./Drivers/BSP/STM32N6xx_Nucleo/stm32n6xx_nucleo_bus.d ./Drivers/BSP/STM32N6xx_Nucleo/stm32n6xx_nucleo_bus.o ./Drivers/BSP/STM32N6xx_Nucleo/stm32n6xx_nucleo_bus.su ./Drivers/BSP/STM32N6xx_Nucleo/stm32n6xx_nucleo_usbpd_pwr.cyclo ./Drivers/BSP/STM32N6xx_Nucleo/stm32n6xx_nucleo_usbpd_pwr.d ./Drivers/BSP/STM32N6xx_Nucleo/stm32n6xx_nucleo_usbpd_pwr.o ./Drivers/BSP/STM32N6xx_Nucleo/stm32n6xx_nucleo_usbpd_pwr.su ./Drivers/BSP/STM32N6xx_Nucleo/stm32n6xx_nucleo_xspi.cyclo ./Drivers/BSP/STM32N6xx_Nucleo/stm32n6xx_nucleo_xspi.d ./Drivers/BSP/STM32N6xx_Nucleo/stm32n6xx_nucleo_xspi.o ./Drivers/BSP/STM32N6xx_Nucleo/stm32n6xx_nucleo_xspi.su
rm -rf ./Core/Startup/startup_stm32n657x0hxq.d ./Core/Startup/startup_stm32n657x0hxq.o
rm -rf ./Core/Src/main.cyclo ./Core/Src/main.d ./Core/Src/main.o ./Core/Src/main.su ./Core/Src/secure_nsc.cyclo ./Core/Src/secure_nsc.d ./Core/Src/secure_nsc.o ./Core/Src/secure_nsc.su ./Core/Src/stm32n6xx_hal_msp.cyclo ./Core/Src/stm32n6xx_hal_msp.d ./Core/Src/stm32n6xx_hal_msp.o ./Core/Src/stm32n6xx_hal_msp.su ./Core/Src/stm32n6xx_it.cyclo ./Core/Src/stm32n6xx_it.d ./Core/Src/stm32n6xx_it.o ./Core/Src/stm32n6xx_it.su ./Core/Src/syscalls.cyclo ./Core/Src/syscalls.d ./Core/Src/syscalls.o ./Core/Src/syscalls.su ./Core/Src/sysmem.cyclo ./Core/Src/sysmem.d ./Core/Src/sysmem.o ./Core/Src/sysmem.su ./Core/Src/system_stm32n6xx_s.cyclo ./Core/Src/system_stm32n6xx_s.d ./Core/Src/system_stm32n6xx_s.o ./Core/Src/system_stm32n6xx_s.su
rm -rf AvoidanceCollisionSystem_Appli.bin AvoidanceCollisionSystem_Appli.elf AvoidanceCollisionSystem_Appli.list AvoidanceCollisionSystem_Appli.map default.size.stdout
 
11:48:06 **** Build of configuration Debug for project AvoidanceCollisionSystem_Appli ****
make -j12 all 
arm-none-eabi-gcc "../Drivers/adsb_driver/adsb_driver.c" -mcpu=cortex-m55 -std=gnu11 -g3 -DDEBUG -DUSE_HAL_DRIVER -DSTM32N657xx -c -I../Core/Inc -I../../Secure_nsclib -I../../Drivers/STM32N6xx_HAL_Driver/Inc -I../../Drivers/CMSIS/Device/ST/STM32N6xx/Include -I../../Drivers/STM32N6xx_HAL_Driver/Inc/Legacy -I../../Drivers/CMSIS/Include -I"C:/Users/gdnoriega/Documents/ACAS_Xu_WorkSpace/AvoidanceCollisionSystem/Appli/Drivers/adsb_driver" -O0 -ffunction-sections -fdata-sections -Wall -fstack-usage -fcyclomatic-complexity -mcmse -MMD -MP -MF"Drivers/adsb_driver/adsb_driver.d" -MT"Drivers/adsb_driver/adsb_driver.o" --specs=nano.specs -mfpu=fpv5-d16 -mfloat-abi=hard -mthumb -o "Drivers/adsb_driver/adsb_driver.o"
arm-none-eabi-gcc "C:/Users/gdnoriega/Documents/ACAS_Xu_WorkSpace/AvoidanceCollisionSystem/Drivers/STM32N6xx_HAL_Driver/Src/stm32n6xx_hal.c" -mcpu=cortex-m55 -std=gnu11 -g3 -DDEBUG -DUSE_HAL_DRIVER -DSTM32N657xx -c -I../Core/Inc -I../../Secure_nsclib -I../../Drivers/STM32N6xx_HAL_Driver/Inc -I../../Drivers/CMSIS/Device/ST/STM32N6xx/Include -I../../Drivers/STM32N6xx_HAL_Driver/Inc/Legacy -I../../Drivers/CMSIS/Include -I"C:/Users/gdnoriega/Documents/ACAS_Xu_WorkSpace/AvoidanceCollisionSystem/Appli/Drivers/adsb_driver" -O0 -ffunction-sections -fdata-sections -Wall -fstack-usage -fcyclomatic-complexity -mcmse -MMD -MP -MF"Drivers/STM32N6xx_HAL_Driver/stm32n6xx_hal.d" -MT"Drivers/STM32N6xx_HAL_Driver/stm32n6xx_hal.o" --specs=nano.specs -mfpu=fpv5-d16 -mfloat-abi=hard -mthumb -o "Drivers/STM32N6xx_HAL_Driver/stm32n6xx_hal.o"
arm-none-eabi-gcc "C:/Users/gdnoriega/Documents/ACAS_Xu_WorkSpace/AvoidanceCollisionSystem/Drivers/STM32N6xx_HAL_Driver/Src/stm32n6xx_hal_cortex.c" -mcpu=cortex-m55 -std=gnu11 -g3 -DDEBUG -DUSE_HAL_DRIVER -DSTM32N657xx -c -I../Core/Inc -I../../Secure_nsclib -I../../Drivers/STM32N6xx_HAL_Driver/Inc -I../../Drivers/CMSIS/Device/ST/STM32N6xx/Include -I../../Drivers/STM32N6xx_HAL_Driver/Inc/Legacy -I../../Drivers/CMSIS/Include -I"C:/Users/gdnoriega/Documents/ACAS_Xu_WorkSpace/AvoidanceCollisionSystem/Appli/Drivers/adsb_driver" -O0 -ffunction-sections -fdata-sections -Wall -fstack-usage -fcyclomatic-complexity -mcmse -MMD -MP -MF"Drivers/STM32N6xx_HAL_Driver/stm32n6xx_hal_cortex.d" -MT"Drivers/STM32N6xx_HAL_Driver/stm32n6xx_hal_cortex.o" --specs=nano.specs -mfpu=fpv5-d16 -mfloat-abi=hard -mthumb -o "Drivers/STM32N6xx_HAL_Driver/stm32n6xx_hal_cortex.o"
arm-none-eabi-gcc "C:/Users/gdnoriega/Documents/ACAS_Xu_WorkSpace/AvoidanceCollisionSystem/Drivers/STM32N6xx_HAL_Driver/Src/stm32n6xx_hal_dma.c" -mcpu=cortex-m55 -std=gnu11 -g3 -DDEBUG -DUSE_HAL_DRIVER -DSTM32N657xx -c -I../Core/Inc -I../../Secure_nsclib -I../../Drivers/STM32N6xx_HAL_Driver/Inc -I../../Drivers/CMSIS/Device/ST/STM32N6xx/Include -I../../Drivers/STM32N6xx_HAL_Driver/Inc/Legacy -I../../Drivers/CMSIS/Include -I"C:/Users/gdnoriega/Documents/ACAS_Xu_WorkSpace/AvoidanceCollisionSystem/Appli/Drivers/adsb_driver" -O0 -ffunction-sections -fdata-sections -Wall -fstack-usage -fcyclomatic-complexity -mcmse -MMD -MP -MF"Drivers/STM32N6xx_HAL_Driver/stm32n6xx_hal_dma.d" -MT"Drivers/STM32N6xx_HAL_Driver/stm32n6xx_hal_dma.o" --specs=nano.specs -mfpu=fpv5-d16 -mfloat-abi=hard -mthumb -o "Drivers/STM32N6xx_HAL_Driver/stm32n6xx_hal_dma.o"
arm-none-eabi-gcc "C:/Users/gdnoriega/Documents/ACAS_Xu_WorkSpace/AvoidanceCollisionSystem/Drivers/STM32N6xx_HAL_Driver/Src/stm32n6xx_hal_dma_ex.c" -mcpu=cortex-m55 -std=gnu11 -g3 -DDEBUG -DUSE_HAL_DRIVER -DSTM32N657xx -c -I../Core/Inc -I../../Secure_nsclib -I../../Drivers/STM32N6xx_HAL_Driver/Inc -I../../Drivers/CMSIS/Device/ST/STM32N6xx/Include -I../../Drivers/STM32N6xx_HAL_Driver/Inc/Legacy -I../../Drivers/CMSIS/Include -I"C:/Users/gdnoriega/Documents/ACAS_Xu_WorkSpace/AvoidanceCollisionSystem/Appli/Drivers/adsb_driver" -O0 -ffunction-sections -fdata-sections -Wall -fstack-usage -fcyclomatic-complexity -mcmse -MMD -MP -MF"Drivers/STM32N6xx_HAL_Driver/stm32n6xx_hal_dma_ex.d" -MT"Drivers/STM32N6xx_HAL_Driver/stm32n6xx_hal_dma_ex.o" --specs=nano.specs -mfpu=fpv5-d16 -mfloat-abi=hard -mthumb -o "Drivers/STM32N6xx_HAL_Driver/stm32n6xx_hal_dma_ex.o"
arm-none-eabi-gcc "C:/Users/gdnoriega/Documents/ACAS_Xu_WorkSpace/AvoidanceCollisionSystem/Drivers/STM32N6xx_HAL_Driver/Src/stm32n6xx_hal_exti.c" -mcpu=cortex-m55 -std=gnu11 -g3 -DDEBUG -DUSE_HAL_DRIVER -DSTM32N657xx -c -I../Core/Inc -I../../Secure_nsclib -I../../Drivers/STM32N6xx_HAL_Driver/Inc -I../../Drivers/CMSIS/Device/ST/STM32N6xx/Include -I../../Drivers/STM32N6xx_HAL_Driver/Inc/Legacy -I../../Drivers/CMSIS/Include -I"C:/Users/gdnoriega/Documents/ACAS_Xu_WorkSpace/AvoidanceCollisionSystem/Appli/Drivers/adsb_driver" -O0 -ffunction-sections -fdata-sections -Wall -fstack-usage -fcyclomatic-complexity -mcmse -MMD -MP -MF"Drivers/STM32N6xx_HAL_Driver/stm32n6xx_hal_exti.d" -MT"Drivers/STM32N6xx_HAL_Driver/stm32n6xx_hal_exti.o" --specs=nano.specs -mfpu=fpv5-d16 -mfloat-abi=hard -mthumb -o "Drivers/STM32N6xx_HAL_Driver/stm32n6xx_hal_exti.o"
arm-none-eabi-gcc "C:/Users/gdnoriega/Documents/ACAS_Xu_WorkSpace/AvoidanceCollisionSystem/Drivers/STM32N6xx_HAL_Driver/Src/stm32n6xx_hal_gpio.c" -mcpu=cortex-m55 -std=gnu11 -g3 -DDEBUG -DUSE_HAL_DRIVER -DSTM32N657xx -c -I../Core/Inc -I../../Secure_nsclib -I../../Drivers/STM32N6xx_HAL_Driver/Inc -I../../Drivers/CMSIS/Device/ST/STM32N6xx/Include -I../../Drivers/STM32N6xx_HAL_Driver/Inc/Legacy -I../../Drivers/CMSIS/Include -I"C:/Users/gdnoriega/Documents/ACAS_Xu_WorkSpace/AvoidanceCollisionSystem/Appli/Drivers/adsb_driver" -O0 -ffunction-sections -fdata-sections -Wall -fstack-usage -fcyclomatic-complexity -mcmse -MMD -MP -MF"Drivers/STM32N6xx_HAL_Driver/stm32n6xx_hal_gpio.d" -MT"Drivers/STM32N6xx_HAL_Driver/stm32n6xx_hal_gpio.o" --specs=nano.specs -mfpu=fpv5-d16 -mfloat-abi=hard -mthumb -o "Drivers/STM32N6xx_HAL_Driver/stm32n6xx_hal_gpio.o"
arm-none-eabi-gcc "C:/Users/gdnoriega/Documents/ACAS_Xu_WorkSpace/AvoidanceCollisionSystem/Drivers/STM32N6xx_HAL_Driver/Src/stm32n6xx_hal_pwr.c" -mcpu=cortex-m55 -std=gnu11 -g3 -DDEBUG -DUSE_HAL_DRIVER -DSTM32N657xx -c -I../Core/Inc -I../../Secure_nsclib -I../../Drivers/STM32N6xx_HAL_Driver/Inc -I../../Drivers/CMSIS/Device/ST/STM32N6xx/Include -I../../Drivers/STM32N6xx_HAL_Driver/Inc/Legacy -I../../Drivers/CMSIS/Include -I"C:/Users/gdnoriega/Documents/ACAS_Xu_WorkSpace/AvoidanceCollisionSystem/Appli/Drivers/adsb_driver" -O0 -ffunction-sections -fdata-sections -Wall -fstack-usage -fcyclomatic-complexity -mcmse -MMD -MP -MF"Drivers/STM32N6xx_HAL_Driver/stm32n6xx_hal_pwr.d" -MT"Drivers/STM32N6xx_HAL_Driver/stm32n6xx_hal_pwr.o" --specs=nano.specs -mfpu=fpv5-d16 -mfloat-abi=hard -mthumb -o "Drivers/STM32N6xx_HAL_Driver/stm32n6xx_hal_pwr.o"
arm-none-eabi-gcc "C:/Users/gdnoriega/Documents/ACAS_Xu_WorkSpace/AvoidanceCollisionSystem/Drivers/STM32N6xx_HAL_Driver/Src/stm32n6xx_hal_pwr_ex.c" -mcpu=cortex-m55 -std=gnu11 -g3 -DDEBUG -DUSE_HAL_DRIVER -DSTM32N657xx -c -I../Core/Inc -I../../Secure_nsclib -I../../Drivers/STM32N6xx_HAL_Driver/Inc -I../../Drivers/CMSIS/Device/ST/STM32N6xx/Include -I../../Drivers/STM32N6xx_HAL_Driver/Inc/Legacy -I../../Drivers/CMSIS/Include -I"C:/Users/gdnoriega/Documents/ACAS_Xu_WorkSpace/AvoidanceCollisionSystem/Appli/Drivers/adsb_driver" -O0 -ffunction-sections -fdata-sections -Wall -fstack-usage -fcyclomatic-complexity -mcmse -MMD -MP -MF"Drivers/STM32N6xx_HAL_Driver/stm32n6xx_hal_pwr_ex.d" -MT"Drivers/STM32N6xx_HAL_Driver/stm32n6xx_hal_pwr_ex.o" --specs=nano.specs -mfpu=fpv5-d16 -mfloat-abi=hard -mthumb -o "Drivers/STM32N6xx_HAL_Driver/stm32n6xx_hal_pwr_ex.o"
arm-none-eabi-gcc "C:/Users/gdnoriega/Documents/ACAS_Xu_WorkSpace/AvoidanceCollisionSystem/Drivers/STM32N6xx_HAL_Driver/Src/stm32n6xx_hal_rcc.c" -mcpu=cortex-m55 -std=gnu11 -g3 -DDEBUG -DUSE_HAL_DRIVER -DSTM32N657xx -c -I../Core/Inc -I../../Secure_nsclib -I../../Drivers/STM32N6xx_HAL_Driver/Inc -I../../Drivers/CMSIS/Device/ST/STM32N6xx/Include -I../../Drivers/STM32N6xx_HAL_Driver/Inc/Legacy -I../../Drivers/CMSIS/Include -I"C:/Users/gdnoriega/Documents/ACAS_Xu_WorkSpace/AvoidanceCollisionSystem/Appli/Drivers/adsb_driver" -O0 -ffunction-sections -fdata-sections -Wall -fstack-usage -fcyclomatic-complexity -mcmse -MMD -MP -MF"Drivers/STM32N6xx_HAL_Driver/stm32n6xx_hal_rcc.d" -MT"Drivers/STM32N6xx_HAL_Driver/stm32n6xx_hal_rcc.o" --specs=nano.specs -mfpu=fpv5-d16 -mfloat-abi=hard -mthumb -o "Drivers/STM32N6xx_HAL_Driver/stm32n6xx_hal_rcc.o"
arm-none-eabi-gcc "C:/Users/gdnoriega/Documents/ACAS_Xu_WorkSpace/AvoidanceCollisionSystem/Drivers/STM32N6xx_HAL_Driver/Src/stm32n6xx_hal_rcc_ex.c" -mcpu=cortex-m55 -std=gnu11 -g3 -DDEBUG -DUSE_HAL_DRIVER -DSTM32N657xx -c -I../Core/Inc -I../../Secure_nsclib -I../../Drivers/STM32N6xx_HAL_Driver/Inc -I../../Drivers/CMSIS/Device/ST/STM32N6xx/Include -I../../Drivers/STM32N6xx_HAL_Driver/Inc/Legacy -I../../Drivers/CMSIS/Include -I"C:/Users/gdnoriega/Documents/ACAS_Xu_WorkSpace/AvoidanceCollisionSystem/Appli/Drivers/adsb_driver" -O0 -ffunction-sections -fdata-sections -Wall -fstack-usage -fcyclomatic-complexity -mcmse -MMD -MP -MF"Drivers/STM32N6xx_HAL_Driver/stm32n6xx_hal_rcc_ex.d" -MT"Drivers/STM32N6xx_HAL_Driver/stm32n6xx_hal_rcc_ex.o" --specs=nano.specs -mfpu=fpv5-d16 -mfloat-abi=hard -mthumb -o "Drivers/STM32N6xx_HAL_Driver/stm32n6xx_hal_rcc_ex.o"
arm-none-eabi-gcc "C:/Users/gdnoriega/Documents/ACAS_Xu_WorkSpace/AvoidanceCollisionSystem/Drivers/STM32N6xx_HAL_Driver/Src/stm32n6xx_hal_rif.c" -mcpu=cortex-m55 -std=gnu11 -g3 -DDEBUG -DUSE_HAL_DRIVER -DSTM32N657xx -c -I../Core/Inc -I../../Secure_nsclib -I../../Drivers/STM32N6xx_HAL_Driver/Inc -I../../Drivers/CMSIS/Device/ST/STM32N6xx/Include -I../../Drivers/STM32N6xx_HAL_Driver/Inc/Legacy -I../../Drivers/CMSIS/Include -I"C:/Users/gdnoriega/Documents/ACAS_Xu_WorkSpace/AvoidanceCollisionSystem/Appli/Drivers/adsb_driver" -O0 -ffunction-sections -fdata-sections -Wall -fstack-usage -fcyclomatic-complexity -mcmse -MMD -MP -MF"Drivers/STM32N6xx_HAL_Driver/stm32n6xx_hal_rif.d" -MT"Drivers/STM32N6xx_HAL_Driver/stm32n6xx_hal_rif.o" --specs=nano.specs -mfpu=fpv5-d16 -mfloat-abi=hard -mthumb -o "Drivers/STM32N6xx_HAL_Driver/stm32n6xx_hal_rif.o"
arm-none-eabi-gcc "C:/Users/gdnoriega/Documents/ACAS_Xu_WorkSpace/AvoidanceCollisionSystem/Drivers/STM32N6xx_HAL_Driver/Src/stm32n6xx_hal_uart.c" -mcpu=cortex-m55 -std=gnu11 -g3 -DDEBUG -DUSE_HAL_DRIVER -DSTM32N657xx -c -I../Core/Inc -I../../Secure_nsclib -I../../Drivers/STM32N6xx_HAL_Driver/Inc -I../../Drivers/CMSIS/Device/ST/STM32N6xx/Include -I../../Drivers/STM32N6xx_HAL_Driver/Inc/Legacy -I../../Drivers/CMSIS/Include -I"C:/Users/gdnoriega/Documents/ACAS_Xu_WorkSpace/AvoidanceCollisionSystem/Appli/Drivers/adsb_driver" -O0 -ffunction-sections -fdata-sections -Wall -fstack-usage -fcyclomatic-complexity -mcmse -MMD -MP -MF"Drivers/STM32N6xx_HAL_Driver/stm32n6xx_hal_uart.d" -MT"Drivers/STM32N6xx_HAL_Driver/stm32n6xx_hal_uart.o" --specs=nano.specs -mfpu=fpv5-d16 -mfloat-abi=hard -mthumb -o "Drivers/STM32N6xx_HAL_Driver/stm32n6xx_hal_uart.o"
arm-none-eabi-gcc "C:/Users/gdnoriega/Documents/ACAS_Xu_WorkSpace/AvoidanceCollisionSystem/Drivers/STM32N6xx_HAL_Driver/Src/stm32n6xx_hal_uart_ex.c" -mcpu=cortex-m55 -std=gnu11 -g3 -DDEBUG -DUSE_HAL_DRIVER -DSTM32N657xx -c -I../Core/Inc -I../../Secure_nsclib -I../../Drivers/STM32N6xx_HAL_Driver/Inc -I../../Drivers/CMSIS/Device/ST/STM32N6xx/Include -I../../Drivers/STM32N6xx_HAL_Driver/Inc/Legacy -I../../Drivers/CMSIS/Include -I"C:/Users/gdnoriega/Documents/ACAS_Xu_WorkSpace/AvoidanceCollisionSystem/Appli/Drivers/adsb_driver" -O0 -ffunction-sections -fdata-sections -Wall -fstack-usage -fcyclomatic-complexity -mcmse -MMD -MP -MF"Drivers/STM32N6xx_HAL_Driver/stm32n6xx_hal_uart_ex.d" -MT"Drivers/STM32N6xx_HAL_Driver/stm32n6xx_hal_uart_ex.o" --specs=nano.specs -mfpu=fpv5-d16 -mfloat-abi=hard -mthumb -o "Drivers/STM32N6xx_HAL_Driver/stm32n6xx_hal_uart_ex.o"
arm-none-eabi-gcc "../Drivers/BSP/STM32N6xx_Nucleo/stm32n6xx_nucleo.c" -mcpu=cortex-m55 -std=gnu11 -g3 -DDEBUG -DUSE_HAL_DRIVER -DSTM32N657xx -c -I../Core/Inc -I../../Secure_nsclib -I../../Drivers/STM32N6xx_HAL_Driver/Inc -I../../Drivers/CMSIS/Device/ST/STM32N6xx/Include -I../../Drivers/STM32N6xx_HAL_Driver/Inc/Legacy -I../../Drivers/CMSIS/Include -I"C:/Users/gdnoriega/Documents/ACAS_Xu_WorkSpace/AvoidanceCollisionSystem/Appli/Drivers/adsb_driver" -O0 -ffunction-sections -fdata-sections -Wall -fstack-usage -fcyclomatic-complexity -mcmse -MMD -MP -MF"Drivers/BSP/STM32N6xx_Nucleo/stm32n6xx_nucleo.d" -MT"Drivers/BSP/STM32N6xx_Nucleo/stm32n6xx_nucleo.o" --specs=nano.specs -mfpu=fpv5-d16 -mfloat-abi=hard -mthumb -o "Drivers/BSP/STM32N6xx_Nucleo/stm32n6xx_nucleo.o"
arm-none-eabi-gcc "../Drivers/BSP/STM32N6xx_Nucleo/stm32n6xx_nucleo_bus.c" -mcpu=cortex-m55 -std=gnu11 -g3 -DDEBUG -DUSE_HAL_DRIVER -DSTM32N657xx -c -I../Core/Inc -I../../Secure_nsclib -I../../Drivers/STM32N6xx_HAL_Driver/Inc -I../../Drivers/CMSIS/Device/ST/STM32N6xx/Include -I../../Drivers/STM32N6xx_HAL_Driver/Inc/Legacy -I../../Drivers/CMSIS/Include -I"C:/Users/gdnoriega/Documents/ACAS_Xu_WorkSpace/AvoidanceCollisionSystem/Appli/Drivers/adsb_driver" -O0 -ffunction-sections -fdata-sections -Wall -fstack-usage -fcyclomatic-complexity -mcmse -MMD -MP -MF"Drivers/BSP/STM32N6xx_Nucleo/stm32n6xx_nucleo_bus.d" -MT"Drivers/BSP/STM32N6xx_Nucleo/stm32n6xx_nucleo_bus.o" --specs=nano.specs -mfpu=fpv5-d16 -mfloat-abi=hard -mthumb -o "Drivers/BSP/STM32N6xx_Nucleo/stm32n6xx_nucleo_bus.o"
arm-none-eabi-gcc "../Drivers/BSP/STM32N6xx_Nucleo/stm32n6xx_nucleo_usbpd_pwr.c" -mcpu=cortex-m55 -std=gnu11 -g3 -DDEBUG -DUSE_HAL_DRIVER -DSTM32N657xx -c -I../Core/Inc -I../../Secure_nsclib -I../../Drivers/STM32N6xx_HAL_Driver/Inc -I../../Drivers/CMSIS/Device/ST/STM32N6xx/Include -I../../Drivers/STM32N6xx_HAL_Driver/Inc/Legacy -I../../Drivers/CMSIS/Include -I"C:/Users/gdnoriega/Documents/ACAS_Xu_WorkSpace/AvoidanceCollisionSystem/Appli/Drivers/adsb_driver" -O0 -ffunction-sections -fdata-sections -Wall -fstack-usage -fcyclomatic-complexity -mcmse -MMD -MP -MF"Drivers/BSP/STM32N6xx_Nucleo/stm32n6xx_nucleo_usbpd_pwr.d" -MT"Drivers/BSP/STM32N6xx_Nucleo/stm32n6xx_nucleo_usbpd_pwr.o" --specs=nano.specs -mfpu=fpv5-d16 -mfloat-abi=hard -mthumb -o "Drivers/BSP/STM32N6xx_Nucleo/stm32n6xx_nucleo_usbpd_pwr.o"
arm-none-eabi-gcc "../Drivers/BSP/STM32N6xx_Nucleo/stm32n6xx_nucleo_xspi.c" -mcpu=cortex-m55 -std=gnu11 -g3 -DDEBUG -DUSE_HAL_DRIVER -DSTM32N657xx -c -I../Core/Inc -I../../Secure_nsclib -I../../Drivers/STM32N6xx_HAL_Driver/Inc -I../../Drivers/CMSIS/Device/ST/STM32N6xx/Include -I../../Drivers/STM32N6xx_HAL_Driver/Inc/Legacy -I../../Drivers/CMSIS/Include -I"C:/Users/gdnoriega/Documents/ACAS_Xu_WorkSpace/AvoidanceCollisionSystem/Appli/Drivers/adsb_driver" -O0 -ffunction-sections -fdata-sections -Wall -fstack-usage -fcyclomatic-complexity -mcmse -MMD -MP -MF"Drivers/BSP/STM32N6xx_Nucleo/stm32n6xx_nucleo_xspi.d" -MT"Drivers/BSP/STM32N6xx_Nucleo/stm32n6xx_nucleo_xspi.o" --specs=nano.specs -mfpu=fpv5-d16 -mfloat-abi=hard -mthumb -o "Drivers/BSP/STM32N6xx_Nucleo/stm32n6xx_nucleo_xspi.o"
arm-none-eabi-gcc -mcpu=cortex-m55 -g3 -DDEBUG -c -x assembler-with-cpp -MMD -MP -MF"Core/Startup/startup_stm32n657x0hxq.d" -MT"Core/Startup/startup_stm32n657x0hxq.o" --specs=nano.specs -mfpu=fpv5-d16 -mfloat-abi=hard -mthumb -o "Core/Startup/startup_stm32n657x0hxq.o" "../Core/Startup/startup_stm32n657x0hxq.s"
arm-none-eabi-gcc "../Core/Src/main.c" -mcpu=cortex-m55 -std=gnu11 -g3 -DDEBUG -DUSE_HAL_DRIVER -DSTM32N657xx -c -I../Core/Inc -I../../Secure_nsclib -I../../Drivers/STM32N6xx_HAL_Driver/Inc -I../../Drivers/CMSIS/Device/ST/STM32N6xx/Include -I../../Drivers/STM32N6xx_HAL_Driver/Inc/Legacy -I../../Drivers/CMSIS/Include -I"C:/Users/gdnoriega/Documents/ACAS_Xu_WorkSpace/AvoidanceCollisionSystem/Appli/Drivers/adsb_driver" -O0 -ffunction-sections -fdata-sections -Wall -fstack-usage -fcyclomatic-complexity -mcmse -MMD -MP -MF"Core/Src/main.d" -MT"Core/Src/main.o" --specs=nano.specs -mfpu=fpv5-d16 -mfloat-abi=hard -mthumb -o "Core/Src/main.o"
arm-none-eabi-gcc "../Core/Src/secure_nsc.c" -mcpu=cortex-m55 -std=gnu11 -g3 -DDEBUG -DUSE_HAL_DRIVER -DSTM32N657xx -c -I../Core/Inc -I../../Secure_nsclib -I../../Drivers/STM32N6xx_HAL_Driver/Inc -I../../Drivers/CMSIS/Device/ST/STM32N6xx/Include -I../../Drivers/STM32N6xx_HAL_Driver/Inc/Legacy -I../../Drivers/CMSIS/Include -I"C:/Users/gdnoriega/Documents/ACAS_Xu_WorkSpace/AvoidanceCollisionSystem/Appli/Drivers/adsb_driver" -O0 -ffunction-sections -fdata-sections -Wall -fstack-usage -fcyclomatic-complexity -mcmse -MMD -MP -MF"Core/Src/secure_nsc.d" -MT"Core/Src/secure_nsc.o" --specs=nano.specs -mfpu=fpv5-d16 -mfloat-abi=hard -mthumb -o "Core/Src/secure_nsc.o"
arm-none-eabi-gcc "../Core/Src/stm32n6xx_hal_msp.c" -mcpu=cortex-m55 -std=gnu11 -g3 -DDEBUG -DUSE_HAL_DRIVER -DSTM32N657xx -c -I../Core/Inc -I../../Secure_nsclib -I../../Drivers/STM32N6xx_HAL_Driver/Inc -I../../Drivers/CMSIS/Device/ST/STM32N6xx/Include -I../../Drivers/STM32N6xx_HAL_Driver/Inc/Legacy -I../../Drivers/CMSIS/Include -I"C:/Users/gdnoriega/Documents/ACAS_Xu_WorkSpace/AvoidanceCollisionSystem/Appli/Drivers/adsb_driver" -O0 -ffunction-sections -fdata-sections -Wall -fstack-usage -fcyclomatic-complexity -mcmse -MMD -MP -MF"Core/Src/stm32n6xx_hal_msp.d" -MT"Core/Src/stm32n6xx_hal_msp.o" --specs=nano.specs -mfpu=fpv5-d16 -mfloat-abi=hard -mthumb -o "Core/Src/stm32n6xx_hal_msp.o"
arm-none-eabi-gcc "../Core/Src/stm32n6xx_it.c" -mcpu=cortex-m55 -std=gnu11 -g3 -DDEBUG -DUSE_HAL_DRIVER -DSTM32N657xx -c -I../Core/Inc -I../../Secure_nsclib -I../../Drivers/STM32N6xx_HAL_Driver/Inc -I../../Drivers/CMSIS/Device/ST/STM32N6xx/Include -I../../Drivers/STM32N6xx_HAL_Driver/Inc/Legacy -I../../Drivers/CMSIS/Include -I"C:/Users/gdnoriega/Documents/ACAS_Xu_WorkSpace/AvoidanceCollisionSystem/Appli/Drivers/adsb_driver" -O0 -ffunction-sections -fdata-sections -Wall -fstack-usage -fcyclomatic-complexity -mcmse -MMD -MP -MF"Core/Src/stm32n6xx_it.d" -MT"Core/Src/stm32n6xx_it.o" --specs=nano.specs -mfpu=fpv5-d16 -mfloat-abi=hard -mthumb -o "Core/Src/stm32n6xx_it.o"
In file included from ../Drivers/BSP/STM32N6xx_Nucleo/stm32n6xx_nucleo.c:24:
../Drivers/BSP/STM32N6xx_Nucleo/stm32n6xx_nucleo.h:32:10: fatal error: stm32n6xx_nucleo_conf.h: No such file or directory
   32 | #include "stm32n6xx_nucleo_conf.h"
      |          ^~~~~~~~~~~~~~~~~~~~~~~~~
compilation terminated.
make: *** [Drivers/BSP/STM32N6xx_Nucleo/subdir.mk:28: Drivers/BSP/STM32N6xx_Nucleo/stm32n6xx_nucleo.o] Error 1
make: *** Waiting for unfinished jobs....
In file included from ../Drivers/BSP/STM32N6xx_Nucleo/stm32n6xx_nucleo_bus.c:22:
../Drivers/BSP/STM32N6xx_Nucleo/stm32n6xx_nucleo_bus.h:28:10: fatal error: stm32n6xx_nucleo_conf.h: No such file or directory
   28 | #include "stm32n6xx_nucleo_conf.h"
      |          ^~~~~~~~~~~~~~~~~~~~~~~~~
compilation terminated.
make: *** [Drivers/BSP/STM32N6xx_Nucleo/subdir.mk:28: Drivers/BSP/STM32N6xx_Nucleo/stm32n6xx_nucleo_bus.o] Error 1
In file included from ../Drivers/BSP/STM32N6xx_Nucleo/stm32n6xx_nucleo_usbpd_pwr.c:24:
../Drivers/BSP/STM32N6xx_Nucleo/stm32n6xx_nucleo_usbpd_pwr.h:28:10: fatal error: stm32n6xx_nucleo_conf.h: No such file or directory
   28 | #include "stm32n6xx_nucleo_conf.h"
      |          ^~~~~~~~~~~~~~~~~~~~~~~~~
compilation terminated.
In file included from ../Drivers/BSP/STM32N6xx_Nucleo/stm32n6xx_nucleo_xspi.c:65:
../Drivers/BSP/STM32N6xx_Nucleo/stm32n6xx_nucleo_xspi.h:29:10: fatal error: stm32n6xx_nucleo_conf.h: No such file or directory
   29 | #include "stm32n6xx_nucleo_conf.h"
      |          ^~~~~~~~~~~~~~~~~~~~~~~~~
compilation terminated.
make: *** [Drivers/BSP/STM32N6xx_Nucleo/subdir.mk:28: Drivers/BSP/STM32N6xx_Nucleo/stm32n6xx_nucleo_usbpd_pwr.o] Error 1
make: *** [Drivers/BSP/STM32N6xx_Nucleo/subdir.mk:28: Drivers/BSP/STM32N6xx_Nucleo/stm32n6xx_nucleo_xspi.o] Error 1
../Core/Src/main.c: In function 'main':
../Core/Src/main.c:128:12: warning: unused variable 'OneAxisPosition' [-Wunused-variable]
  128 |   uint32_t OneAxisPosition = 0;
      |            ^~~~~~~~~~~~~~~
../Core/Src/main.c:127:11: warning: unused variable 'LatLongBit' [-Wunused-variable]
  127 |   uint8_t LatLongBit = -1;
      |           ^~~~~~~~~~
../Core/Src/main.c:126:12: warning: unused variable 'Heading' [-Wunused-variable]
  126 |   uint16_t Heading = 0;
      |            ^~~~~~~
../Core/Src/main.c:125:11: warning: unused variable 'SystemState' [-Wunused-variable]
  125 |   uint8_t SystemState = 0;
      |           ^~~~~~~~~~~
../Core/Src/main.c: At top level:
../Core/Src/main.c:479:22: error: unknown type name 'Button_TypeDef'
  479 | void BSP_PB_Callback(Button_TypeDef Button)
      |                      ^~~~~~~~~~~~~~
make: *** [Core/Src/subdir.mk:37: Core/Src/main.o] Error 1
"make -j12 all" terminated with exit code 2. Build might be incomplete.
12:41:16 **** Incremental Build of configuration Debug for project AvoidanceCollisionSystem_Appli ****
make -j12 all 
arm-none-eabi-gcc "../Core/Src/main.c" -mcpu=cortex-m55 -std=gnu11 -g3 -DDEBUG -DUSE_HAL_DRIVER -DSTM32N657xx -c -I../Core/Inc -I../../Secure_nsclib -I../../Drivers/STM32N6xx_HAL_Driver/Inc -I../../Drivers/CMSIS/Device/ST/STM32N6xx/Include -I../../Drivers/STM32N6xx_HAL_Driver/Inc/Legacy -I../../Drivers/CMSIS/Include -I"C:/Users/gdnoriega/Documents/ACAS_Xu_WorkSpace/AvoidanceCollisionSystem/Appli/Drivers/adsb_driver" -O0 -ffunction-sections -fdata-sections -Wall -fstack-usage -fcyclomatic-complexity -mcmse -MMD -MP -MF"Core/Src/main.d" -MT"Core/Src/main.o" --specs=nano.specs -mfpu=fpv5-d16 -mfloat-abi=hard -mthumb -o "Core/Src/main.o"
arm-none-eabi-gcc "../Core/Src/syscalls.c" -mcpu=cortex-m55 -std=gnu11 -g3 -DDEBUG -DUSE_HAL_DRIVER -DSTM32N657xx -c -I../Core/Inc -I../../Secure_nsclib -I../../Drivers/STM32N6xx_HAL_Driver/Inc -I../../Drivers/CMSIS/Device/ST/STM32N6xx/Include -I../../Drivers/STM32N6xx_HAL_Driver/Inc/Legacy -I../../Drivers/CMSIS/Include -I"C:/Users/gdnoriega/Documents/ACAS_Xu_WorkSpace/AvoidanceCollisionSystem/Appli/Drivers/adsb_driver" -O0 -ffunction-sections -fdata-sections -Wall -fstack-usage -fcyclomatic-complexity -mcmse -MMD -MP -MF"Core/Src/syscalls.d" -MT"Core/Src/syscalls.o" --specs=nano.specs -mfpu=fpv5-d16 -mfloat-abi=hard -mthumb -o "Core/Src/syscalls.o"
arm-none-eabi-gcc "../Core/Src/sysmem.c" -mcpu=cortex-m55 -std=gnu11 -g3 -DDEBUG -DUSE_HAL_DRIVER -DSTM32N657xx -c -I../Core/Inc -I../../Secure_nsclib -I../../Drivers/STM32N6xx_HAL_Driver/Inc -I../../Drivers/CMSIS/Device/ST/STM32N6xx/Include -I../../Drivers/STM32N6xx_HAL_Driver/Inc/Legacy -I../../Drivers/CMSIS/Include -I"C:/Users/gdnoriega/Documents/ACAS_Xu_WorkSpace/AvoidanceCollisionSystem/Appli/Drivers/adsb_driver" -O0 -ffunction-sections -fdata-sections -Wall -fstack-usage -fcyclomatic-complexity -mcmse -MMD -MP -MF"Core/Src/sysmem.d" -MT"Core/Src/sysmem.o" --specs=nano.specs -mfpu=fpv5-d16 -mfloat-abi=hard -mthumb -o "Core/Src/sysmem.o"
arm-none-eabi-gcc "../Core/Src/system_stm32n6xx_s.c" -mcpu=cortex-m55 -std=gnu11 -g3 -DDEBUG -DUSE_HAL_DRIVER -DSTM32N657xx -c -I../Core/Inc -I../../Secure_nsclib -I../../Drivers/STM32N6xx_HAL_Driver/Inc -I../../Drivers/CMSIS/Device/ST/STM32N6xx/Include -I../../Drivers/STM32N6xx_HAL_Driver/Inc/Legacy -I../../Drivers/CMSIS/Include -I"C:/Users/gdnoriega/Documents/ACAS_Xu_WorkSpace/AvoidanceCollisionSystem/Appli/Drivers/adsb_driver" -O0 -ffunction-sections -fdata-sections -Wall -fstack-usage -fcyclomatic-complexity -mcmse -MMD -MP -MF"Core/Src/system_stm32n6xx_s.d" -MT"Core/Src/system_stm32n6xx_s.o" --specs=nano.specs -mfpu=fpv5-d16 -mfloat-abi=hard -mthumb -o "Core/Src/system_stm32n6xx_s.o"
../Core/Src/main.c: In function 'main':
../Core/Src/main.c:128:12: warning: unused variable 'OneAxisPosition' [-Wunused-variable]
  128 |   uint32_t OneAxisPosition = 0;
      |            ^~~~~~~~~~~~~~~
../Core/Src/main.c:127:11: warning: unused variable 'LatLongBit' [-Wunused-variable]
  127 |   uint8_t LatLongBit = -1;
      |           ^~~~~~~~~~
../Core/Src/main.c:126:12: warning: unused variable 'Heading' [-Wunused-variable]
  126 |   uint16_t Heading = 0;
      |            ^~~~~~~
../Core/Src/main.c:125:11: warning: unused variable 'SystemState' [-Wunused-variable]
  125 |   uint8_t SystemState = 0;
      |           ^~~~~~~~~~~
arm-none-eabi-gcc -o "AvoidanceCollisionSystem_Appli.elf" @"objects.list"   -mcpu=cortex-m55 -T"C:\Users\gdnoriega\Documents\ACAS_Xu_WorkSpace\AvoidanceCollisionSystem\Appli\STM32N657X0HXQ_LRUN.ld" --specs=nosys.specs -Wl,-Map="AvoidanceCollisionSystem_Appli.map" -Wl,--gc-sections -static -Wl,--cmse-implib -Wl,--out-implib=./secure_nsclib.o --specs=nano.specs -mfpu=fpv5-d16 -mfloat-abi=hard -mthumb -Wl,--start-group -lc -lm -Wl,--end-group
C:/ST/STM32CubeIDE_1.19.0/STM32CubeIDE/plugins/com.st.stm32cube.ide.mcu.externaltools.gnu-tools-for-stm32.14.3.rel1.win32_1.0.100.202602081740/tools/bin/../lib/gcc/arm-none-eabi/14.3.1/../../../../arm-none-eabi/bin/ld.exe: warning: AvoidanceCollisionSystem_Appli.elf has a LOAD segment with RWX permissions
Finished building target: AvoidanceCollisionSystem_Appli.elf
 
arm-none-eabi-size  AvoidanceCollisionSystem_Appli.elf 
arm-none-eabi-objdump -h -S AvoidanceCollisionSystem_Appli.elf  > "AvoidanceCollisionSystem_Appli.list"
arm-none-eabi-objcopy  -O binary AvoidanceCollisionSystem_Appli.elf  "AvoidanceCollisionSystem_Appli.bin"
   text	   data	    bss	    dec	    hex	filename
  55236	     96	  37176	  92508	  1695c	AvoidanceCollisionSystem_Appli.elf
Finished building: default.size.stdout
 
Finished building: AvoidanceCollisionSystem_Appli.bin
 
Finished building: AvoidanceCollisionSystem_Appli.list
 
12:57:23 **** Clean-only build of configuration Debug for project AvoidanceCollisionSystem_Appli ****
make -j12 clean 
rm -rf ./Drivers/adsb_driver/adsb_driver.cyclo ./Drivers/adsb_driver/adsb_driver.d ./Drivers/adsb_driver/adsb_driver.o ./Drivers/adsb_driver/adsb_driver.su
rm -rf ./Drivers/STM32N6xx_HAL_Driver/stm32n6xx_hal.cyclo ./Drivers/STM32N6xx_HAL_Driver/stm32n6xx_hal.d ./Drivers/STM32N6xx_HAL_Driver/stm32n6xx_hal.o ./Drivers/STM32N6xx_HAL_Driver/stm32n6xx_hal.su ./Drivers/STM32N6xx_HAL_Driver/stm32n6xx_hal_cortex.cyclo ./Drivers/STM32N6xx_HAL_Driver/stm32n6xx_hal_cortex.d ./Drivers/STM32N6xx_HAL_Driver/stm32n6xx_hal_cortex.o ./Drivers/STM32N6xx_HAL_Driver/stm32n6xx_hal_cortex.su ./Drivers/STM32N6xx_HAL_Driver/stm32n6xx_hal_dma.cyclo ./Drivers/STM32N6xx_HAL_Driver/stm32n6xx_hal_dma.d ./Drivers/STM32N6xx_HAL_Driver/stm32n6xx_hal_dma.o ./Drivers/STM32N6xx_HAL_Driver/stm32n6xx_hal_dma.su ./Drivers/STM32N6xx_HAL_Driver/stm32n6xx_hal_dma_ex.cyclo ./Drivers/STM32N6xx_HAL_Driver/stm32n6xx_hal_dma_ex.d ./Drivers/STM32N6xx_HAL_Driver/stm32n6xx_hal_dma_ex.o ./Drivers/STM32N6xx_HAL_Driver/stm32n6xx_hal_dma_ex.su ./Drivers/STM32N6xx_HAL_Driver/stm32n6xx_hal_exti.cyclo ./Drivers/STM32N6xx_HAL_Driver/stm32n6xx_hal_exti.d ./Drivers/STM32N6xx_HAL_Driver/stm32n6xx_hal_exti.o ./Drivers/STM32N6xx_HAL_Driver/stm32n6xx_hal_exti.su ./Drivers/STM32N6xx_HAL_Driver/stm32n6xx_hal_gpio.cyclo ./Drivers/STM32N6xx_HAL_Driver/stm32n6xx_hal_gpio.d ./Drivers/STM32N6xx_HAL_Driver/stm32n6xx_hal_gpio.o ./Drivers/STM32N6xx_HAL_Driver/stm32n6xx_hal_gpio.su ./Drivers/STM32N6xx_HAL_Driver/stm32n6xx_hal_pwr.cyclo ./Drivers/STM32N6xx_HAL_Driver/stm32n6xx_hal_pwr.d ./Drivers/STM32N6xx_HAL_Driver/stm32n6xx_hal_pwr.o ./Drivers/STM32N6xx_HAL_Driver/stm32n6xx_hal_pwr.su ./Drivers/STM32N6xx_HAL_Driver/stm32n6xx_hal_pwr_ex.cyclo ./Drivers/STM32N6xx_HAL_Driver/stm32n6xx_hal_pwr_ex.d ./Drivers/STM32N6xx_HAL_Driver/stm32n6xx_hal_pwr_ex.o ./Drivers/STM32N6xx_HAL_Driver/stm32n6xx_hal_pwr_ex.su ./Drivers/STM32N6xx_HAL_Driver/stm32n6xx_hal_rcc.cyclo ./Drivers/STM32N6xx_HAL_Driver/stm32n6xx_hal_rcc.d ./Drivers/STM32N6xx_HAL_Driver/stm32n6xx_hal_rcc.o ./Drivers/STM32N6xx_HAL_Driver/stm32n6xx_hal_rcc.su ./Drivers/STM32N6xx_HAL_Driver/stm32n6xx_hal_rcc_ex.cyclo ./Drivers/STM32N6xx_HAL_Driver/stm32n6xx_hal_rcc_ex.d ./Drivers/STM32N6xx_HAL_Driver/stm32n6xx_hal_rcc_ex.o ./Drivers/STM32N6xx_HAL_Driver/stm32n6xx_hal_rcc_ex.su ./Drivers/STM32N6xx_HAL_Driver/stm32n6xx_hal_rif.cyclo ./Drivers/STM32N6xx_HAL_Driver/stm32n6xx_hal_rif.d ./Drivers/STM32N6xx_HAL_Driver/stm32n6xx_hal_rif.o ./Drivers/STM32N6xx_HAL_Driver/stm32n6xx_hal_rif.su ./Drivers/STM32N6xx_HAL_Driver/stm32n6xx_hal_uart.cyclo ./Drivers/STM32N6xx_HAL_Driver/stm32n6xx_hal_uart.d ./Drivers/STM32N6xx_HAL_Driver/stm32n6xx_hal_uart.o ./Drivers/STM32N6xx_HAL_Driver/stm32n6xx_hal_uart.su ./Drivers/STM32N6xx_HAL_Driver/stm32n6xx_hal_uart_ex.cyclo ./Drivers/STM32N6xx_HAL_Driver/stm32n6xx_hal_uart_ex.d ./Drivers/STM32N6xx_HAL_Driver/stm32n6xx_hal_uart_ex.o ./Drivers/STM32N6xx_HAL_Driver/stm32n6xx_hal_uart_ex.su
rm -rf ./Core/Startup/startup_stm32n657x0hxq.d ./Core/Startup/startup_stm32n657x0hxq.o
rm -rf ./Core/Src/main.cyclo ./Core/Src/main.d ./Core/Src/main.o ./Core/Src/main.su ./Core/Src/secure_nsc.cyclo ./Core/Src/secure_nsc.d ./Core/Src/secure_nsc.o ./Core/Src/secure_nsc.su ./Core/Src/stm32n6xx_hal_msp.cyclo ./Core/Src/stm32n6xx_hal_msp.d ./Core/Src/stm32n6xx_hal_msp.o ./Core/Src/stm32n6xx_hal_msp.su ./Core/Src/stm32n6xx_it.cyclo ./Core/Src/stm32n6xx_it.d ./Core/Src/stm32n6xx_it.o ./Core/Src/stm32n6xx_it.su ./Core/Src/syscalls.cyclo ./Core/Src/syscalls.d ./Core/Src/syscalls.o ./Core/Src/syscalls.su ./Core/Src/sysmem.cyclo ./Core/Src/sysmem.d ./Core/Src/sysmem.o ./Core/Src/sysmem.su ./Core/Src/system_stm32n6xx_s.cyclo ./Core/Src/system_stm32n6xx_s.d ./Core/Src/system_stm32n6xx_s.o ./Core/Src/system_stm32n6xx_s.su
rm -rf AvoidanceCollisionSystem_Appli.bin AvoidanceCollisionSystem_Appli.elf AvoidanceCollisionSystem_Appli.list AvoidanceCollisionSystem_Appli.map default.size.stdout
 
12:57:24 **** Incremental Build of configuration Debug for project AvoidanceCollisionSystem_Appli ****
make -j12 all 
arm-none-eabi-gcc "../Drivers/adsb_driver/adsb_driver.c" -mcpu=cortex-m55 -std=gnu11 -g3 -DDEBUG -DUSE_HAL_DRIVER -DSTM32N657xx -c -I../Core/Inc -I../../Secure_nsclib -I../../Drivers/STM32N6xx_HAL_Driver/Inc -I../../Drivers/CMSIS/Device/ST/STM32N6xx/Include -I../../Drivers/STM32N6xx_HAL_Driver/Inc/Legacy -I../../Drivers/CMSIS/Include -I"C:/Users/gdnoriega/Documents/ACAS_Xu_WorkSpace/AvoidanceCollisionSystem/Appli/Drivers/adsb_driver" -O0 -ffunction-sections -fdata-sections -Wall -fstack-usage -fcyclomatic-complexity -mcmse -MMD -MP -MF"Drivers/adsb_driver/adsb_driver.d" -MT"Drivers/adsb_driver/adsb_driver.o" --specs=nano.specs -mfpu=fpv5-d16 -mfloat-abi=hard -mthumb -o "Drivers/adsb_driver/adsb_driver.o"
arm-none-eabi-gcc "C:/Users/gdnoriega/Documents/ACAS_Xu_WorkSpace/AvoidanceCollisionSystem/Drivers/STM32N6xx_HAL_Driver/Src/stm32n6xx_hal.c" -mcpu=cortex-m55 -std=gnu11 -g3 -DDEBUG -DUSE_HAL_DRIVER -DSTM32N657xx -c -I../Core/Inc -I../../Secure_nsclib -I../../Drivers/STM32N6xx_HAL_Driver/Inc -I../../Drivers/CMSIS/Device/ST/STM32N6xx/Include -I../../Drivers/STM32N6xx_HAL_Driver/Inc/Legacy -I../../Drivers/CMSIS/Include -I"C:/Users/gdnoriega/Documents/ACAS_Xu_WorkSpace/AvoidanceCollisionSystem/Appli/Drivers/adsb_driver" -O0 -ffunction-sections -fdata-sections -Wall -fstack-usage -fcyclomatic-complexity -mcmse -MMD -MP -MF"Drivers/STM32N6xx_HAL_Driver/stm32n6xx_hal.d" -MT"Drivers/STM32N6xx_HAL_Driver/stm32n6xx_hal.o" --specs=nano.specs -mfpu=fpv5-d16 -mfloat-abi=hard -mthumb -o "Drivers/STM32N6xx_HAL_Driver/stm32n6xx_hal.o"
arm-none-eabi-gcc "C:/Users/gdnoriega/Documents/ACAS_Xu_WorkSpace/AvoidanceCollisionSystem/Drivers/STM32N6xx_HAL_Driver/Src/stm32n6xx_hal_cortex.c" -mcpu=cortex-m55 -std=gnu11 -g3 -DDEBUG -DUSE_HAL_DRIVER -DSTM32N657xx -c -I../Core/Inc -I../../Secure_nsclib -I../../Drivers/STM32N6xx_HAL_Driver/Inc -I../../Drivers/CMSIS/Device/ST/STM32N6xx/Include -I../../Drivers/STM32N6xx_HAL_Driver/Inc/Legacy -I../../Drivers/CMSIS/Include -I"C:/Users/gdnoriega/Documents/ACAS_Xu_WorkSpace/AvoidanceCollisionSystem/Appli/Drivers/adsb_driver" -O0 -ffunction-sections -fdata-sections -Wall -fstack-usage -fcyclomatic-complexity -mcmse -MMD -MP -MF"Drivers/STM32N6xx_HAL_Driver/stm32n6xx_hal_cortex.d" -MT"Drivers/STM32N6xx_HAL_Driver/stm32n6xx_hal_cortex.o" --specs=nano.specs -mfpu=fpv5-d16 -mfloat-abi=hard -mthumb -o "Drivers/STM32N6xx_HAL_Driver/stm32n6xx_hal_cortex.o"
arm-none-eabi-gcc "C:/Users/gdnoriega/Documents/ACAS_Xu_WorkSpace/AvoidanceCollisionSystem/Drivers/STM32N6xx_HAL_Driver/Src/stm32n6xx_hal_dma.c" -mcpu=cortex-m55 -std=gnu11 -g3 -DDEBUG -DUSE_HAL_DRIVER -DSTM32N657xx -c -I../Core/Inc -I../../Secure_nsclib -I../../Drivers/STM32N6xx_HAL_Driver/Inc -I../../Drivers/CMSIS/Device/ST/STM32N6xx/Include -I../../Drivers/STM32N6xx_HAL_Driver/Inc/Legacy -I../../Drivers/CMSIS/Include -I"C:/Users/gdnoriega/Documents/ACAS_Xu_WorkSpace/AvoidanceCollisionSystem/Appli/Drivers/adsb_driver" -O0 -ffunction-sections -fdata-sections -Wall -fstack-usage -fcyclomatic-complexity -mcmse -MMD -MP -MF"Drivers/STM32N6xx_HAL_Driver/stm32n6xx_hal_dma.d" -MT"Drivers/STM32N6xx_HAL_Driver/stm32n6xx_hal_dma.o" --specs=nano.specs -mfpu=fpv5-d16 -mfloat-abi=hard -mthumb -o "Drivers/STM32N6xx_HAL_Driver/stm32n6xx_hal_dma.o"
arm-none-eabi-gcc "C:/Users/gdnoriega/Documents/ACAS_Xu_WorkSpace/AvoidanceCollisionSystem/Drivers/STM32N6xx_HAL_Driver/Src/stm32n6xx_hal_dma_ex.c" -mcpu=cortex-m55 -std=gnu11 -g3 -DDEBUG -DUSE_HAL_DRIVER -DSTM32N657xx -c -I../Core/Inc -I../../Secure_nsclib -I../../Drivers/STM32N6xx_HAL_Driver/Inc -I../../Drivers/CMSIS/Device/ST/STM32N6xx/Include -I../../Drivers/STM32N6xx_HAL_Driver/Inc/Legacy -I../../Drivers/CMSIS/Include -I"C:/Users/gdnoriega/Documents/ACAS_Xu_WorkSpace/AvoidanceCollisionSystem/Appli/Drivers/adsb_driver" -O0 -ffunction-sections -fdata-sections -Wall -fstack-usage -fcyclomatic-complexity -mcmse -MMD -MP -MF"Drivers/STM32N6xx_HAL_Driver/stm32n6xx_hal_dma_ex.d" -MT"Drivers/STM32N6xx_HAL_Driver/stm32n6xx_hal_dma_ex.o" --specs=nano.specs -mfpu=fpv5-d16 -mfloat-abi=hard -mthumb -o "Drivers/STM32N6xx_HAL_Driver/stm32n6xx_hal_dma_ex.o"
arm-none-eabi-gcc "C:/Users/gdnoriega/Documents/ACAS_Xu_WorkSpace/AvoidanceCollisionSystem/Drivers/STM32N6xx_HAL_Driver/Src/stm32n6xx_hal_exti.c" -mcpu=cortex-m55 -std=gnu11 -g3 -DDEBUG -DUSE_HAL_DRIVER -DSTM32N657xx -c -I../Core/Inc -I../../Secure_nsclib -I../../Drivers/STM32N6xx_HAL_Driver/Inc -I../../Drivers/CMSIS/Device/ST/STM32N6xx/Include -I../../Drivers/STM32N6xx_HAL_Driver/Inc/Legacy -I../../Drivers/CMSIS/Include -I"C:/Users/gdnoriega/Documents/ACAS_Xu_WorkSpace/AvoidanceCollisionSystem/Appli/Drivers/adsb_driver" -O0 -ffunction-sections -fdata-sections -Wall -fstack-usage -fcyclomatic-complexity -mcmse -MMD -MP -MF"Drivers/STM32N6xx_HAL_Driver/stm32n6xx_hal_exti.d" -MT"Drivers/STM32N6xx_HAL_Driver/stm32n6xx_hal_exti.o" --specs=nano.specs -mfpu=fpv5-d16 -mfloat-abi=hard -mthumb -o "Drivers/STM32N6xx_HAL_Driver/stm32n6xx_hal_exti.o"
arm-none-eabi-gcc "C:/Users/gdnoriega/Documents/ACAS_Xu_WorkSpace/AvoidanceCollisionSystem/Drivers/STM32N6xx_HAL_Driver/Src/stm32n6xx_hal_gpio.c" -mcpu=cortex-m55 -std=gnu11 -g3 -DDEBUG -DUSE_HAL_DRIVER -DSTM32N657xx -c -I../Core/Inc -I../../Secure_nsclib -I../../Drivers/STM32N6xx_HAL_Driver/Inc -I../../Drivers/CMSIS/Device/ST/STM32N6xx/Include -I../../Drivers/STM32N6xx_HAL_Driver/Inc/Legacy -I../../Drivers/CMSIS/Include -I"C:/Users/gdnoriega/Documents/ACAS_Xu_WorkSpace/AvoidanceCollisionSystem/Appli/Drivers/adsb_driver" -O0 -ffunction-sections -fdata-sections -Wall -fstack-usage -fcyclomatic-complexity -mcmse -MMD -MP -MF"Drivers/STM32N6xx_HAL_Driver/stm32n6xx_hal_gpio.d" -MT"Drivers/STM32N6xx_HAL_Driver/stm32n6xx_hal_gpio.o" --specs=nano.specs -mfpu=fpv5-d16 -mfloat-abi=hard -mthumb -o "Drivers/STM32N6xx_HAL_Driver/stm32n6xx_hal_gpio.o"
arm-none-eabi-gcc "C:/Users/gdnoriega/Documents/ACAS_Xu_WorkSpace/AvoidanceCollisionSystem/Drivers/STM32N6xx_HAL_Driver/Src/stm32n6xx_hal_pwr.c" -mcpu=cortex-m55 -std=gnu11 -g3 -DDEBUG -DUSE_HAL_DRIVER -DSTM32N657xx -c -I../Core/Inc -I../../Secure_nsclib -I../../Drivers/STM32N6xx_HAL_Driver/Inc -I../../Drivers/CMSIS/Device/ST/STM32N6xx/Include -I../../Drivers/STM32N6xx_HAL_Driver/Inc/Legacy -I../../Drivers/CMSIS/Include -I"C:/Users/gdnoriega/Documents/ACAS_Xu_WorkSpace/AvoidanceCollisionSystem/Appli/Drivers/adsb_driver" -O0 -ffunction-sections -fdata-sections -Wall -fstack-usage -fcyclomatic-complexity -mcmse -MMD -MP -MF"Drivers/STM32N6xx_HAL_Driver/stm32n6xx_hal_pwr.d" -MT"Drivers/STM32N6xx_HAL_Driver/stm32n6xx_hal_pwr.o" --specs=nano.specs -mfpu=fpv5-d16 -mfloat-abi=hard -mthumb -o "Drivers/STM32N6xx_HAL_Driver/stm32n6xx_hal_pwr.o"
arm-none-eabi-gcc "C:/Users/gdnoriega/Documents/ACAS_Xu_WorkSpace/AvoidanceCollisionSystem/Drivers/STM32N6xx_HAL_Driver/Src/stm32n6xx_hal_pwr_ex.c" -mcpu=cortex-m55 -std=gnu11 -g3 -DDEBUG -DUSE_HAL_DRIVER -DSTM32N657xx -c -I../Core/Inc -I../../Secure_nsclib -I../../Drivers/STM32N6xx_HAL_Driver/Inc -I../../Drivers/CMSIS/Device/ST/STM32N6xx/Include -I../../Drivers/STM32N6xx_HAL_Driver/Inc/Legacy -I../../Drivers/CMSIS/Include -I"C:/Users/gdnoriega/Documents/ACAS_Xu_WorkSpace/AvoidanceCollisionSystem/Appli/Drivers/adsb_driver" -O0 -ffunction-sections -fdata-sections -Wall -fstack-usage -fcyclomatic-complexity -mcmse -MMD -MP -MF"Drivers/STM32N6xx_HAL_Driver/stm32n6xx_hal_pwr_ex.d" -MT"Drivers/STM32N6xx_HAL_Driver/stm32n6xx_hal_pwr_ex.o" --specs=nano.specs -mfpu=fpv5-d16 -mfloat-abi=hard -mthumb -o "Drivers/STM32N6xx_HAL_Driver/stm32n6xx_hal_pwr_ex.o"
arm-none-eabi-gcc "C:/Users/gdnoriega/Documents/ACAS_Xu_WorkSpace/AvoidanceCollisionSystem/Drivers/STM32N6xx_HAL_Driver/Src/stm32n6xx_hal_rcc.c" -mcpu=cortex-m55 -std=gnu11 -g3 -DDEBUG -DUSE_HAL_DRIVER -DSTM32N657xx -c -I../Core/Inc -I../../Secure_nsclib -I../../Drivers/STM32N6xx_HAL_Driver/Inc -I../../Drivers/CMSIS/Device/ST/STM32N6xx/Include -I../../Drivers/STM32N6xx_HAL_Driver/Inc/Legacy -I../../Drivers/CMSIS/Include -I"C:/Users/gdnoriega/Documents/ACAS_Xu_WorkSpace/AvoidanceCollisionSystem/Appli/Drivers/adsb_driver" -O0 -ffunction-sections -fdata-sections -Wall -fstack-usage -fcyclomatic-complexity -mcmse -MMD -MP -MF"Drivers/STM32N6xx_HAL_Driver/stm32n6xx_hal_rcc.d" -MT"Drivers/STM32N6xx_HAL_Driver/stm32n6xx_hal_rcc.o" --specs=nano.specs -mfpu=fpv5-d16 -mfloat-abi=hard -mthumb -o "Drivers/STM32N6xx_HAL_Driver/stm32n6xx_hal_rcc.o"
arm-none-eabi-gcc "C:/Users/gdnoriega/Documents/ACAS_Xu_WorkSpace/AvoidanceCollisionSystem/Drivers/STM32N6xx_HAL_Driver/Src/stm32n6xx_hal_rcc_ex.c" -mcpu=cortex-m55 -std=gnu11 -g3 -DDEBUG -DUSE_HAL_DRIVER -DSTM32N657xx -c -I../Core/Inc -I../../Secure_nsclib -I../../Drivers/STM32N6xx_HAL_Driver/Inc -I../../Drivers/CMSIS/Device/ST/STM32N6xx/Include -I../../Drivers/STM32N6xx_HAL_Driver/Inc/Legacy -I../../Drivers/CMSIS/Include -I"C:/Users/gdnoriega/Documents/ACAS_Xu_WorkSpace/AvoidanceCollisionSystem/Appli/Drivers/adsb_driver" -O0 -ffunction-sections -fdata-sections -Wall -fstack-usage -fcyclomatic-complexity -mcmse -MMD -MP -MF"Drivers/STM32N6xx_HAL_Driver/stm32n6xx_hal_rcc_ex.d" -MT"Drivers/STM32N6xx_HAL_Driver/stm32n6xx_hal_rcc_ex.o" --specs=nano.specs -mfpu=fpv5-d16 -mfloat-abi=hard -mthumb -o "Drivers/STM32N6xx_HAL_Driver/stm32n6xx_hal_rcc_ex.o"
arm-none-eabi-gcc "C:/Users/gdnoriega/Documents/ACAS_Xu_WorkSpace/AvoidanceCollisionSystem/Drivers/STM32N6xx_HAL_Driver/Src/stm32n6xx_hal_rif.c" -mcpu=cortex-m55 -std=gnu11 -g3 -DDEBUG -DUSE_HAL_DRIVER -DSTM32N657xx -c -I../Core/Inc -I../../Secure_nsclib -I../../Drivers/STM32N6xx_HAL_Driver/Inc -I../../Drivers/CMSIS/Device/ST/STM32N6xx/Include -I../../Drivers/STM32N6xx_HAL_Driver/Inc/Legacy -I../../Drivers/CMSIS/Include -I"C:/Users/gdnoriega/Documents/ACAS_Xu_WorkSpace/AvoidanceCollisionSystem/Appli/Drivers/adsb_driver" -O0 -ffunction-sections -fdata-sections -Wall -fstack-usage -fcyclomatic-complexity -mcmse -MMD -MP -MF"Drivers/STM32N6xx_HAL_Driver/stm32n6xx_hal_rif.d" -MT"Drivers/STM32N6xx_HAL_Driver/stm32n6xx_hal_rif.o" --specs=nano.specs -mfpu=fpv5-d16 -mfloat-abi=hard -mthumb -o "Drivers/STM32N6xx_HAL_Driver/stm32n6xx_hal_rif.o"
arm-none-eabi-gcc "C:/Users/gdnoriega/Documents/ACAS_Xu_WorkSpace/AvoidanceCollisionSystem/Drivers/STM32N6xx_HAL_Driver/Src/stm32n6xx_hal_uart.c" -mcpu=cortex-m55 -std=gnu11 -g3 -DDEBUG -DUSE_HAL_DRIVER -DSTM32N657xx -c -I../Core/Inc -I../../Secure_nsclib -I../../Drivers/STM32N6xx_HAL_Driver/Inc -I../../Drivers/CMSIS/Device/ST/STM32N6xx/Include -I../../Drivers/STM32N6xx_HAL_Driver/Inc/Legacy -I../../Drivers/CMSIS/Include -I"C:/Users/gdnoriega/Documents/ACAS_Xu_WorkSpace/AvoidanceCollisionSystem/Appli/Drivers/adsb_driver" -O0 -ffunction-sections -fdata-sections -Wall -fstack-usage -fcyclomatic-complexity -mcmse -MMD -MP -MF"Drivers/STM32N6xx_HAL_Driver/stm32n6xx_hal_uart.d" -MT"Drivers/STM32N6xx_HAL_Driver/stm32n6xx_hal_uart.o" --specs=nano.specs -mfpu=fpv5-d16 -mfloat-abi=hard -mthumb -o "Drivers/STM32N6xx_HAL_Driver/stm32n6xx_hal_uart.o"
arm-none-eabi-gcc "C:/Users/gdnoriega/Documents/ACAS_Xu_WorkSpace/AvoidanceCollisionSystem/Drivers/STM32N6xx_HAL_Driver/Src/stm32n6xx_hal_uart_ex.c" -mcpu=cortex-m55 -std=gnu11 -g3 -DDEBUG -DUSE_HAL_DRIVER -DSTM32N657xx -c -I../Core/Inc -I../../Secure_nsclib -I../../Drivers/STM32N6xx_HAL_Driver/Inc -I../../Drivers/CMSIS/Device/ST/STM32N6xx/Include -I../../Drivers/STM32N6xx_HAL_Driver/Inc/Legacy -I../../Drivers/CMSIS/Include -I"C:/Users/gdnoriega/Documents/ACAS_Xu_WorkSpace/AvoidanceCollisionSystem/Appli/Drivers/adsb_driver" -O0 -ffunction-sections -fdata-sections -Wall -fstack-usage -fcyclomatic-complexity -mcmse -MMD -MP -MF"Drivers/STM32N6xx_HAL_Driver/stm32n6xx_hal_uart_ex.d" -MT"Drivers/STM32N6xx_HAL_Driver/stm32n6xx_hal_uart_ex.o" --specs=nano.specs -mfpu=fpv5-d16 -mfloat-abi=hard -mthumb -o "Drivers/STM32N6xx_HAL_Driver/stm32n6xx_hal_uart_ex.o"
arm-none-eabi-gcc -mcpu=cortex-m55 -g3 -DDEBUG -c -x assembler-with-cpp -MMD -MP -MF"Core/Startup/startup_stm32n657x0hxq.d" -MT"Core/Startup/startup_stm32n657x0hxq.o" --specs=nano.specs -mfpu=fpv5-d16 -mfloat-abi=hard -mthumb -o "Core/Startup/startup_stm32n657x0hxq.o" "../Core/Startup/startup_stm32n657x0hxq.s"
arm-none-eabi-gcc "../Core/Src/main.c" -mcpu=cortex-m55 -std=gnu11 -g3 -DDEBUG -DUSE_HAL_DRIVER -DSTM32N657xx -c -I../Core/Inc -I../../Secure_nsclib -I../../Drivers/STM32N6xx_HAL_Driver/Inc -I../../Drivers/CMSIS/Device/ST/STM32N6xx/Include -I../../Drivers/STM32N6xx_HAL_Driver/Inc/Legacy -I../../Drivers/CMSIS/Include -I"C:/Users/gdnoriega/Documents/ACAS_Xu_WorkSpace/AvoidanceCollisionSystem/Appli/Drivers/adsb_driver" -O0 -ffunction-sections -fdata-sections -Wall -fstack-usage -fcyclomatic-complexity -mcmse -MMD -MP -MF"Core/Src/main.d" -MT"Core/Src/main.o" --specs=nano.specs -mfpu=fpv5-d16 -mfloat-abi=hard -mthumb -o "Core/Src/main.o"
arm-none-eabi-gcc "../Core/Src/secure_nsc.c" -mcpu=cortex-m55 -std=gnu11 -g3 -DDEBUG -DUSE_HAL_DRIVER -DSTM32N657xx -c -I../Core/Inc -I../../Secure_nsclib -I../../Drivers/STM32N6xx_HAL_Driver/Inc -I../../Drivers/CMSIS/Device/ST/STM32N6xx/Include -I../../Drivers/STM32N6xx_HAL_Driver/Inc/Legacy -I../../Drivers/CMSIS/Include -I"C:/Users/gdnoriega/Documents/ACAS_Xu_WorkSpace/AvoidanceCollisionSystem/Appli/Drivers/adsb_driver" -O0 -ffunction-sections -fdata-sections -Wall -fstack-usage -fcyclomatic-complexity -mcmse -MMD -MP -MF"Core/Src/secure_nsc.d" -MT"Core/Src/secure_nsc.o" --specs=nano.specs -mfpu=fpv5-d16 -mfloat-abi=hard -mthumb -o "Core/Src/secure_nsc.o"
arm-none-eabi-gcc "../Core/Src/stm32n6xx_hal_msp.c" -mcpu=cortex-m55 -std=gnu11 -g3 -DDEBUG -DUSE_HAL_DRIVER -DSTM32N657xx -c -I../Core/Inc -I../../Secure_nsclib -I../../Drivers/STM32N6xx_HAL_Driver/Inc -I../../Drivers/CMSIS/Device/ST/STM32N6xx/Include -I../../Drivers/STM32N6xx_HAL_Driver/Inc/Legacy -I../../Drivers/CMSIS/Include -I"C:/Users/gdnoriega/Documents/ACAS_Xu_WorkSpace/AvoidanceCollisionSystem/Appli/Drivers/adsb_driver" -O0 -ffunction-sections -fdata-sections -Wall -fstack-usage -fcyclomatic-complexity -mcmse -MMD -MP -MF"Core/Src/stm32n6xx_hal_msp.d" -MT"Core/Src/stm32n6xx_hal_msp.o" --specs=nano.specs -mfpu=fpv5-d16 -mfloat-abi=hard -mthumb -o "Core/Src/stm32n6xx_hal_msp.o"
arm-none-eabi-gcc "../Core/Src/stm32n6xx_it.c" -mcpu=cortex-m55 -std=gnu11 -g3 -DDEBUG -DUSE_HAL_DRIVER -DSTM32N657xx -c -I../Core/Inc -I../../Secure_nsclib -I../../Drivers/STM32N6xx_HAL_Driver/Inc -I../../Drivers/CMSIS/Device/ST/STM32N6xx/Include -I../../Drivers/STM32N6xx_HAL_Driver/Inc/Legacy -I../../Drivers/CMSIS/Include -I"C:/Users/gdnoriega/Documents/ACAS_Xu_WorkSpace/AvoidanceCollisionSystem/Appli/Drivers/adsb_driver" -O0 -ffunction-sections -fdata-sections -Wall -fstack-usage -fcyclomatic-complexity -mcmse -MMD -MP -MF"Core/Src/stm32n6xx_it.d" -MT"Core/Src/stm32n6xx_it.o" --specs=nano.specs -mfpu=fpv5-d16 -mfloat-abi=hard -mthumb -o "Core/Src/stm32n6xx_it.o"
arm-none-eabi-gcc "../Core/Src/syscalls.c" -mcpu=cortex-m55 -std=gnu11 -g3 -DDEBUG -DUSE_HAL_DRIVER -DSTM32N657xx -c -I../Core/Inc -I../../Secure_nsclib -I../../Drivers/STM32N6xx_HAL_Driver/Inc -I../../Drivers/CMSIS/Device/ST/STM32N6xx/Include -I../../Drivers/STM32N6xx_HAL_Driver/Inc/Legacy -I../../Drivers/CMSIS/Include -I"C:/Users/gdnoriega/Documents/ACAS_Xu_WorkSpace/AvoidanceCollisionSystem/Appli/Drivers/adsb_driver" -O0 -ffunction-sections -fdata-sections -Wall -fstack-usage -fcyclomatic-complexity -mcmse -MMD -MP -MF"Core/Src/syscalls.d" -MT"Core/Src/syscalls.o" --specs=nano.specs -mfpu=fpv5-d16 -mfloat-abi=hard -mthumb -o "Core/Src/syscalls.o"
arm-none-eabi-gcc "../Core/Src/sysmem.c" -mcpu=cortex-m55 -std=gnu11 -g3 -DDEBUG -DUSE_HAL_DRIVER -DSTM32N657xx -c -I../Core/Inc -I../../Secure_nsclib -I../../Drivers/STM32N6xx_HAL_Driver/Inc -I../../Drivers/CMSIS/Device/ST/STM32N6xx/Include -I../../Drivers/STM32N6xx_HAL_Driver/Inc/Legacy -I../../Drivers/CMSIS/Include -I"C:/Users/gdnoriega/Documents/ACAS_Xu_WorkSpace/AvoidanceCollisionSystem/Appli/Drivers/adsb_driver" -O0 -ffunction-sections -fdata-sections -Wall -fstack-usage -fcyclomatic-complexity -mcmse -MMD -MP -MF"Core/Src/sysmem.d" -MT"Core/Src/sysmem.o" --specs=nano.specs -mfpu=fpv5-d16 -mfloat-abi=hard -mthumb -o "Core/Src/sysmem.o"
arm-none-eabi-gcc "../Core/Src/system_stm32n6xx_s.c" -mcpu=cortex-m55 -std=gnu11 -g3 -DDEBUG -DUSE_HAL_DRIVER -DSTM32N657xx -c -I../Core/Inc -I../../Secure_nsclib -I../../Drivers/STM32N6xx_HAL_Driver/Inc -I../../Drivers/CMSIS/Device/ST/STM32N6xx/Include -I../../Drivers/STM32N6xx_HAL_Driver/Inc/Legacy -I../../Drivers/CMSIS/Include -I"C:/Users/gdnoriega/Documents/ACAS_Xu_WorkSpace/AvoidanceCollisionSystem/Appli/Drivers/adsb_driver" -O0 -ffunction-sections -fdata-sections -Wall -fstack-usage -fcyclomatic-complexity -mcmse -MMD -MP -MF"Core/Src/system_stm32n6xx_s.d" -MT"Core/Src/system_stm32n6xx_s.o" --specs=nano.specs -mfpu=fpv5-d16 -mfloat-abi=hard -mthumb -o "Core/Src/system_stm32n6xx_s.o"
../Core/Src/main.c: In function 'main':
../Core/Src/main.c:128:12: warning: unused variable 'OneAxisPosition' [-Wunused-variable]
  128 |   uint32_t OneAxisPosition = 0;
      |            ^~~~~~~~~~~~~~~
../Core/Src/main.c:127:11: warning: unused variable 'LatLongBit' [-Wunused-variable]
  127 |   uint8_t LatLongBit = -1;
      |           ^~~~~~~~~~
../Core/Src/main.c:126:12: warning: unused variable 'Heading' [-Wunused-variable]
  126 |   uint16_t Heading = 0;
      |            ^~~~~~~
../Core/Src/main.c:125:11: warning: unused variable 'SystemState' [-Wunused-variable]
  125 |   uint8_t SystemState = 0;
      |           ^~~~~~~~~~~
arm-none-eabi-gcc -o "AvoidanceCollisionSystem_Appli.elf" @"objects.list"   -mcpu=cortex-m55 -T"C:\Users\gdnoriega\Documents\ACAS_Xu_WorkSpace\AvoidanceCollisionSystem\Appli\STM32N657X0HXQ_LRUN.ld" --specs=nosys.specs -Wl,-Map="AvoidanceCollisionSystem_Appli.map" -Wl,--gc-sections -static -Wl,--cmse-implib -Wl,--out-implib=./secure_nsclib.o --specs=nano.specs -mfpu=fpv5-d16 -mfloat-abi=hard -mthumb -Wl,--start-group -lc -lm -Wl,--end-group
C:/ST/STM32CubeIDE_1.19.0/STM32CubeIDE/plugins/com.st.stm32cube.ide.mcu.externaltools.gnu-tools-for-stm32.14.3.rel1.win32_1.0.100.202602081740/tools/bin/../lib/gcc/arm-none-eabi/14.3.1/../../../../arm-none-eabi/bin/ld.exe: warning: AvoidanceCollisionSystem_Appli.elf has a LOAD segment with RWX permissions
Finished building target: AvoidanceCollisionSystem_Appli.elf
 
arm-none-eabi-size  AvoidanceCollisionSystem_Appli.elf 
arm-none-eabi-objdump -h -S AvoidanceCollisionSystem_Appli.elf  > "AvoidanceCollisionSystem_Appli.list"
arm-none-eabi-objcopy  -O binary AvoidanceCollisionSystem_Appli.elf  "AvoidanceCollisionSystem_Appli.bin"
   text	   data	    bss	    dec	    hex	filename
  55452	     96	  37176	  92724	  16a34	AvoidanceCollisionSystem_Appli.elf
Finished building: default.size.stdout
 
Finished building: AvoidanceCollisionSystem_Appli.bin
 
Finished building: AvoidanceCollisionSystem_Appli.list
 
13:02:09 **** Incremental Build of configuration Debug for project AvoidanceCollisionSystem_Appli ****
make -j12 all 
arm-none-eabi-gcc "../Core/Src/main.c" -mcpu=cortex-m55 -std=gnu11 -g3 -DDEBUG -DUSE_HAL_DRIVER -DSTM32N657xx -c -I../Core/Inc -I../../Secure_nsclib -I../../Drivers/STM32N6xx_HAL_Driver/Inc -I../../Drivers/CMSIS/Device/ST/STM32N6xx/Include -I../../Drivers/STM32N6xx_HAL_Driver/Inc/Legacy -I../../Drivers/CMSIS/Include -I"C:/Users/gdnoriega/Documents/ACAS_Xu_WorkSpace/AvoidanceCollisionSystem/Appli/Drivers/adsb_driver" -O0 -ffunction-sections -fdata-sections -Wall -fstack-usage -fcyclomatic-complexity -mcmse -MMD -MP -MF"Core/Src/main.d" -MT"Core/Src/main.o" --specs=nano.specs -mfpu=fpv5-d16 -mfloat-abi=hard -mthumb -o "Core/Src/main.o"
../Core/Src/main.c: In function 'main':
../Core/Src/main.c:128:12: warning: unused variable 'OneAxisPosition' [-Wunused-variable]
  128 |   uint32_t OneAxisPosition = 0;
      |            ^~~~~~~~~~~~~~~
../Core/Src/main.c:127:11: warning: unused variable 'LatLongBit' [-Wunused-variable]
  127 |   uint8_t LatLongBit = -1;
      |           ^~~~~~~~~~
../Core/Src/main.c:126:12: warning: unused variable 'Heading' [-Wunused-variable]
  126 |   uint16_t Heading = 0;
      |            ^~~~~~~
../Core/Src/main.c:125:11: warning: unused variable 'SystemState' [-Wunused-variable]
  125 |   uint8_t SystemState = 0;
      |           ^~~~~~~~~~~
arm-none-eabi-gcc -o "AvoidanceCollisionSystem_Appli.elf" @"objects.list"   -mcpu=cortex-m55 -T"C:\Users\gdnoriega\Documents\ACAS_Xu_WorkSpace\AvoidanceCollisionSystem\Appli\STM32N657X0HXQ_LRUN.ld" --specs=nosys.specs -Wl,-Map="AvoidanceCollisionSystem_Appli.map" -Wl,--gc-sections -static -Wl,--cmse-implib -Wl,--out-implib=./secure_nsclib.o --specs=nano.specs -mfpu=fpv5-d16 -mfloat-abi=hard -mthumb -Wl,--start-group -lc -lm -Wl,--end-group
C:/ST/STM32CubeIDE_1.19.0/STM32CubeIDE/plugins/com.st.stm32cube.ide.mcu.externaltools.gnu-tools-for-stm32.14.3.rel1.win32_1.0.100.202602081740/tools/bin/../lib/gcc/arm-none-eabi/14.3.1/../../../../arm-none-eabi/bin/ld.exe: warning: AvoidanceCollisionSystem_Appli.elf has a LOAD segment with RWX permissions
Finished building target: AvoidanceCollisionSystem_Appli.elf
 
arm-none-eabi-size  AvoidanceCollisionSystem_Appli.elf 
arm-none-eabi-objdump -h -S AvoidanceCollisionSystem_Appli.elf  > "AvoidanceCollisionSystem_Appli.list"
arm-none-eabi-objcopy  -O binary AvoidanceCollisionSystem_Appli.elf  "AvoidanceCollisionSystem_Appli.bin"
   text	   data	    bss	    dec	    hex	filename
  55452	     96	  37176	  92724	  16a34	AvoidanceCollisionSystem_Appli.elf
Finished building: default.size.stdout
 
Finished building: AvoidanceCollisionSystem_Appli.bin
 
Finished building: AvoidanceCollisionSystem_Appli.list
 
13:04:06 **** Incremental Build of configuration Debug for project AvoidanceCollisionSystem_Appli ****
make -j12 all 
arm-none-eabi-gcc "../Core/Src/main.c" -mcpu=cortex-m55 -std=gnu11 -g3 -DDEBUG -DUSE_HAL_DRIVER -DSTM32N657xx -c -I../Core/Inc -I../../Secure_nsclib -I../../Drivers/STM32N6xx_HAL_Driver/Inc -I../../Drivers/CMSIS/Device/ST/STM32N6xx/Include -I../../Drivers/STM32N6xx_HAL_Driver/Inc/Legacy -I../../Drivers/CMSIS/Include -I"C:/Users/gdnoriega/Documents/ACAS_Xu_WorkSpace/AvoidanceCollisionSystem/Appli/Drivers/adsb_driver" -O0 -ffunction-sections -fdata-sections -Wall -fstack-usage -fcyclomatic-complexity -mcmse -MMD -MP -MF"Core/Src/main.d" -MT"Core/Src/main.o" --specs=nano.specs -mfpu=fpv5-d16 -mfloat-abi=hard -mthumb -o "Core/Src/main.o"
../Core/Src/main.c: In function 'main':
../Core/Src/main.c:128:12: warning: unused variable 'OneAxisPosition' [-Wunused-variable]
  128 |   uint32_t OneAxisPosition = 0;
      |            ^~~~~~~~~~~~~~~
../Core/Src/main.c:127:11: warning: unused variable 'LatLongBit' [-Wunused-variable]
  127 |   uint8_t LatLongBit = -1;
      |           ^~~~~~~~~~
../Core/Src/main.c:126:12: warning: unused variable 'Heading' [-Wunused-variable]
  126 |   uint16_t Heading = 0;
      |            ^~~~~~~
../Core/Src/main.c:125:11: warning: unused variable 'SystemState' [-Wunused-variable]
  125 |   uint8_t SystemState = 0;
      |           ^~~~~~~~~~~
arm-none-eabi-gcc -o "AvoidanceCollisionSystem_Appli.elf" @"objects.list"   -mcpu=cortex-m55 -T"C:\Users\gdnoriega\Documents\ACAS_Xu_WorkSpace\AvoidanceCollisionSystem\Appli\STM32N657X0HXQ_LRUN.ld" --specs=nosys.specs -Wl,-Map="AvoidanceCollisionSystem_Appli.map" -Wl,--gc-sections -static -Wl,--cmse-implib -Wl,--out-implib=./secure_nsclib.o --specs=nano.specs -mfpu=fpv5-d16 -mfloat-abi=hard -mthumb -Wl,--start-group -lc -lm -Wl,--end-group
C:/ST/STM32CubeIDE_1.19.0/STM32CubeIDE/plugins/com.st.stm32cube.ide.mcu.externaltools.gnu-tools-for-stm32.14.3.rel1.win32_1.0.100.202602081740/tools/bin/../lib/gcc/arm-none-eabi/14.3.1/../../../../arm-none-eabi/bin/ld.exe: warning: AvoidanceCollisionSystem_Appli.elf has a LOAD segment with RWX permissions
Finished building target: AvoidanceCollisionSystem_Appli.elf
 
arm-none-eabi-size  AvoidanceCollisionSystem_Appli.elf 
arm-none-eabi-objdump -h -S AvoidanceCollisionSystem_Appli.elf  > "AvoidanceCollisionSystem_Appli.list"
arm-none-eabi-objcopy  -O binary AvoidanceCollisionSystem_Appli.elf  "AvoidanceCollisionSystem_Appli.bin"
   text	   data	    bss	    dec	    hex	filename
  55452	     96	  37176	  92724	  16a34	AvoidanceCollisionSystem_Appli.elf
Finished building: default.size.stdout
 
Finished building: AvoidanceCollisionSystem_Appli.bin
 
Finished building: AvoidanceCollisionSystem_Appli.list
 
13:10:52 **** Incremental Build of configuration Debug for project AvoidanceCollisionSystem_Appli ****
make -j12 all 
arm-none-eabi-gcc "../Core/Src/main.c" -mcpu=cortex-m55 -std=gnu11 -g3 -DDEBUG -DUSE_HAL_DRIVER -DSTM32N657xx -c -I../Core/Inc -I../../Secure_nsclib -I../../Drivers/STM32N6xx_HAL_Driver/Inc -I../../Drivers/CMSIS/Device/ST/STM32N6xx/Include -I../../Drivers/STM32N6xx_HAL_Driver/Inc/Legacy -I../../Drivers/CMSIS/Include -I"C:/Users/gdnoriega/Documents/ACAS_Xu_WorkSpace/AvoidanceCollisionSystem/Appli/Drivers/adsb_driver" -O0 -ffunction-sections -fdata-sections -Wall -fstack-usage -fcyclomatic-complexity -mcmse -MMD -MP -MF"Core/Src/main.d" -MT"Core/Src/main.o" --specs=nano.specs -mfpu=fpv5-d16 -mfloat-abi=hard -mthumb -o "Core/Src/main.o"
../Core/Src/main.c: In function 'main':
../Core/Src/main.c:128:12: warning: unused variable 'OneAxisPosition' [-Wunused-variable]
  128 |   uint32_t OneAxisPosition = 0;
      |            ^~~~~~~~~~~~~~~
../Core/Src/main.c:127:11: warning: unused variable 'LatLongBit' [-Wunused-variable]
  127 |   uint8_t LatLongBit = -1;
      |           ^~~~~~~~~~
../Core/Src/main.c:126:12: warning: unused variable 'Heading' [-Wunused-variable]
  126 |   uint16_t Heading = 0;
      |            ^~~~~~~
../Core/Src/main.c:125:11: warning: unused variable 'SystemState' [-Wunused-variable]
  125 |   uint8_t SystemState = 0;
      |           ^~~~~~~~~~~
arm-none-eabi-gcc -o "AvoidanceCollisionSystem_Appli.elf" @"objects.list"   -mcpu=cortex-m55 -T"C:\Users\gdnoriega\Documents\ACAS_Xu_WorkSpace\AvoidanceCollisionSystem\Appli\STM32N657X0HXQ_LRUN.ld" --specs=nosys.specs -Wl,-Map="AvoidanceCollisionSystem_Appli.map" -Wl,--gc-sections -static -Wl,--cmse-implib -Wl,--out-implib=./secure_nsclib.o --specs=nano.specs -mfpu=fpv5-d16 -mfloat-abi=hard -mthumb -Wl,--start-group -lc -lm -Wl,--end-group
C:/ST/STM32CubeIDE_1.19.0/STM32CubeIDE/plugins/com.st.stm32cube.ide.mcu.externaltools.gnu-tools-for-stm32.14.3.rel1.win32_1.0.100.202602081740/tools/bin/../lib/gcc/arm-none-eabi/14.3.1/../../../../arm-none-eabi/bin/ld.exe: warning: AvoidanceCollisionSystem_Appli.elf has a LOAD segment with RWX permissions
Finished building target: AvoidanceCollisionSystem_Appli.elf
 
arm-none-eabi-size  AvoidanceCollisionSystem_Appli.elf 
arm-none-eabi-objdump -h -S AvoidanceCollisionSystem_Appli.elf  > "AvoidanceCollisionSystem_Appli.list"
arm-none-eabi-objcopy  -O binary AvoidanceCollisionSystem_Appli.elf  "AvoidanceCollisionSystem_Appli.bin"
   text	   data	    bss	    dec	    hex	filename
  55460	     96	  37176	  92732	  16a3c	AvoidanceCollisionSystem_Appli.elf
Finished building: default.size.stdout
 
Finished building: AvoidanceCollisionSystem_Appli.bin
 
Finished building: AvoidanceCollisionSystem_Appli.list
 
13:12:24 **** Incremental Build of configuration Debug for project AvoidanceCollisionSystem_Appli ****
make -j12 all 
arm-none-eabi-size  AvoidanceCollisionSystem_Appli.elf 
   text	   data	    bss	    dec	    hex	filename
  55460	     96	  37176	  92732	  16a3c	AvoidanceCollisionSystem_Appli.elf
Finished building: default.size.stdout
 
13:15:39 **** Incremental Build of configuration Debug for project AvoidanceCollisionSystem_Appli ****
make -j12 all 
arm-none-eabi-gcc "../Core/Src/main.c" -mcpu=cortex-m55 -std=gnu11 -g3 -DDEBUG -DUSE_HAL_DRIVER -DSTM32N657xx -c -I../Core/Inc -I../../Secure_nsclib -I../../Drivers/STM32N6xx_HAL_Driver/Inc -I../../Drivers/CMSIS/Device/ST/STM32N6xx/Include -I../../Drivers/STM32N6xx_HAL_Driver/Inc/Legacy -I../../Drivers/CMSIS/Include -I"C:/Users/gdnoriega/Documents/ACAS_Xu_WorkSpace/AvoidanceCollisionSystem/Appli/Drivers/adsb_driver" -O0 -ffunction-sections -fdata-sections -Wall -fstack-usage -fcyclomatic-complexity -mcmse -MMD -MP -MF"Core/Src/main.d" -MT"Core/Src/main.o" --specs=nano.specs -mfpu=fpv5-d16 -mfloat-abi=hard -mthumb -o "Core/Src/main.o"
../Core/Src/main.c: In function 'main':
../Core/Src/main.c:128:12: warning: unused variable 'OneAxisPosition' [-Wunused-variable]
  128 |   uint32_t OneAxisPosition = 0;
      |            ^~~~~~~~~~~~~~~
../Core/Src/main.c:127:11: warning: unused variable 'LatLongBit' [-Wunused-variable]
  127 |   uint8_t LatLongBit = -1;
      |           ^~~~~~~~~~
../Core/Src/main.c:126:12: warning: unused variable 'Heading' [-Wunused-variable]
  126 |   uint16_t Heading = 0;
      |            ^~~~~~~
../Core/Src/main.c:125:11: warning: unused variable 'SystemState' [-Wunused-variable]
  125 |   uint8_t SystemState = 0;
      |           ^~~~~~~~~~~
arm-none-eabi-gcc -o "AvoidanceCollisionSystem_Appli.elf" @"objects.list"   -mcpu=cortex-m55 -T"C:\Users\gdnoriega\Documents\ACAS_Xu_WorkSpace\AvoidanceCollisionSystem\Appli\STM32N657X0HXQ_LRUN.ld" --specs=nosys.specs -Wl,-Map="AvoidanceCollisionSystem_Appli.map" -Wl,--gc-sections -static -Wl,--cmse-implib -Wl,--out-implib=./secure_nsclib.o --specs=nano.specs -mfpu=fpv5-d16 -mfloat-abi=hard -mthumb -Wl,--start-group -lc -lm -Wl,--end-group
C:/ST/STM32CubeIDE_1.19.0/STM32CubeIDE/plugins/com.st.stm32cube.ide.mcu.externaltools.gnu-tools-for-stm32.14.3.rel1.win32_1.0.100.202602081740/tools/bin/../lib/gcc/arm-none-eabi/14.3.1/../../../../arm-none-eabi/bin/ld.exe: warning: AvoidanceCollisionSystem_Appli.elf has a LOAD segment with RWX permissions
Finished building target: AvoidanceCollisionSystem_Appli.elf
 
arm-none-eabi-size  AvoidanceCollisionSystem_Appli.elf 
arm-none-eabi-objdump -h -S AvoidanceCollisionSystem_Appli.elf  > "AvoidanceCollisionSystem_Appli.list"
arm-none-eabi-objcopy  -O binary AvoidanceCollisionSystem_Appli.elf  "AvoidanceCollisionSystem_Appli.bin"
   text	   data	    bss	    dec	    hex	filename
  55460	     96	  37176	  92732	  16a3c	AvoidanceCollisionSystem_Appli.elf
Finished building: default.size.stdout
 
Finished building: AvoidanceCollisionSystem_Appli.bin
 
Finished building: AvoidanceCollisionSystem_Appli.list
 
13:20:36 **** Incremental Build of configuration Debug for project AvoidanceCollisionSystem_Appli ****
make -j12 all 
arm-none-eabi-gcc "../Core/Src/main.c" -mcpu=cortex-m55 -std=gnu11 -g3 -DDEBUG -DUSE_HAL_DRIVER -DSTM32N657xx -c -I../Core/Inc -I../../Secure_nsclib -I../../Drivers/STM32N6xx_HAL_Driver/Inc -I../../Drivers/CMSIS/Device/ST/STM32N6xx/Include -I../../Drivers/STM32N6xx_HAL_Driver/Inc/Legacy -I../../Drivers/CMSIS/Include -I"C:/Users/gdnoriega/Documents/ACAS_Xu_WorkSpace/AvoidanceCollisionSystem/Appli/Drivers/adsb_driver" -O0 -ffunction-sections -fdata-sections -Wall -fstack-usage -fcyclomatic-complexity -mcmse -MMD -MP -MF"Core/Src/main.d" -MT"Core/Src/main.o" --specs=nano.specs -mfpu=fpv5-d16 -mfloat-abi=hard -mthumb -o "Core/Src/main.o"
../Core/Src/main.c: In function 'main':
../Core/Src/main.c:128:12: warning: unused variable 'OneAxisPosition' [-Wunused-variable]
  128 |   uint32_t OneAxisPosition = 0;
      |            ^~~~~~~~~~~~~~~
../Core/Src/main.c:127:11: warning: unused variable 'LatLongBit' [-Wunused-variable]
  127 |   uint8_t LatLongBit = -1;
      |           ^~~~~~~~~~
../Core/Src/main.c:126:12: warning: unused variable 'Heading' [-Wunused-variable]
  126 |   uint16_t Heading = 0;
      |            ^~~~~~~
../Core/Src/main.c:125:11: warning: unused variable 'SystemState' [-Wunused-variable]
  125 |   uint8_t SystemState = 0;
      |           ^~~~~~~~~~~
arm-none-eabi-gcc -o "AvoidanceCollisionSystem_Appli.elf" @"objects.list"   -mcpu=cortex-m55 -T"C:\Users\gdnoriega\Documents\ACAS_Xu_WorkSpace\AvoidanceCollisionSystem\Appli\STM32N657X0HXQ_LRUN.ld" --specs=nosys.specs -Wl,-Map="AvoidanceCollisionSystem_Appli.map" -Wl,--gc-sections -static -Wl,--cmse-implib -Wl,--out-implib=./secure_nsclib.o --specs=nano.specs -mfpu=fpv5-d16 -mfloat-abi=hard -mthumb -Wl,--start-group -lc -lm -Wl,--end-group
C:/ST/STM32CubeIDE_1.19.0/STM32CubeIDE/plugins/com.st.stm32cube.ide.mcu.externaltools.gnu-tools-for-stm32.14.3.rel1.win32_1.0.100.202602081740/tools/bin/../lib/gcc/arm-none-eabi/14.3.1/../../../../arm-none-eabi/bin/ld.exe: warning: AvoidanceCollisionSystem_Appli.elf has a LOAD segment with RWX permissions
Finished building target: AvoidanceCollisionSystem_Appli.elf
 
arm-none-eabi-size  AvoidanceCollisionSystem_Appli.elf 
arm-none-eabi-objdump -h -S AvoidanceCollisionSystem_Appli.elf  > "AvoidanceCollisionSystem_Appli.list"
arm-none-eabi-objcopy  -O binary AvoidanceCollisionSystem_Appli.elf  "AvoidanceCollisionSystem_Appli.bin"
   text	   data	    bss	    dec	    hex	filename
  55468	     96	  37176	  92740	  16a44	AvoidanceCollisionSystem_Appli.elf
Finished building: default.size.stdout
 
Finished building: AvoidanceCollisionSystem_Appli.bin
 
Finished building: AvoidanceCollisionSystem_Appli.list
 
13:25:55 **** Incremental Build of configuration Debug for project AvoidanceCollisionSystem_Appli ****
make -j12 all 
arm-none-eabi-gcc "../Core/Src/main.c" -mcpu=cortex-m55 -std=gnu11 -g3 -DDEBUG -DUSE_HAL_DRIVER -DSTM32N657xx -c -I../Core/Inc -I../../Secure_nsclib -I../../Drivers/STM32N6xx_HAL_Driver/Inc -I../../Drivers/CMSIS/Device/ST/STM32N6xx/Include -I../../Drivers/STM32N6xx_HAL_Driver/Inc/Legacy -I../../Drivers/CMSIS/Include -I"C:/Users/gdnoriega/Documents/ACAS_Xu_WorkSpace/AvoidanceCollisionSystem/Appli/Drivers/adsb_driver" -O0 -ffunction-sections -fdata-sections -Wall -fstack-usage -fcyclomatic-complexity -mcmse -MMD -MP -MF"Core/Src/main.d" -MT"Core/Src/main.o" --specs=nano.specs -mfpu=fpv5-d16 -mfloat-abi=hard -mthumb -o "Core/Src/main.o"
../Core/Src/main.c: In function 'main':
../Core/Src/main.c:128:12: warning: unused variable 'OneAxisPosition' [-Wunused-variable]
  128 |   uint32_t OneAxisPosition = 0;
      |            ^~~~~~~~~~~~~~~
../Core/Src/main.c:127:11: warning: unused variable 'LatLongBit' [-Wunused-variable]
  127 |   uint8_t LatLongBit = -1;
      |           ^~~~~~~~~~
../Core/Src/main.c:126:12: warning: unused variable 'Heading' [-Wunused-variable]
  126 |   uint16_t Heading = 0;
      |            ^~~~~~~
../Core/Src/main.c:125:11: warning: unused variable 'SystemState' [-Wunused-variable]
  125 |   uint8_t SystemState = 0;
      |           ^~~~~~~~~~~
arm-none-eabi-gcc -o "AvoidanceCollisionSystem_Appli.elf" @"objects.list"   -mcpu=cortex-m55 -T"C:\Users\gdnoriega\Documents\ACAS_Xu_WorkSpace\AvoidanceCollisionSystem\Appli\STM32N657X0HXQ_LRUN.ld" --specs=nosys.specs -Wl,-Map="AvoidanceCollisionSystem_Appli.map" -Wl,--gc-sections -static -Wl,--cmse-implib -Wl,--out-implib=./secure_nsclib.o --specs=nano.specs -mfpu=fpv5-d16 -mfloat-abi=hard -mthumb -Wl,--start-group -lc -lm -Wl,--end-group
C:/ST/STM32CubeIDE_1.19.0/STM32CubeIDE/plugins/com.st.stm32cube.ide.mcu.externaltools.gnu-tools-for-stm32.14.3.rel1.win32_1.0.100.202602081740/tools/bin/../lib/gcc/arm-none-eabi/14.3.1/../../../../arm-none-eabi/bin/ld.exe: warning: AvoidanceCollisionSystem_Appli.elf has a LOAD segment with RWX permissions
Finished building target: AvoidanceCollisionSystem_Appli.elf
 
arm-none-eabi-size  AvoidanceCollisionSystem_Appli.elf 
arm-none-eabi-objdump -h -S AvoidanceCollisionSystem_Appli.elf  > "AvoidanceCollisionSystem_Appli.list"
arm-none-eabi-objcopy  -O binary AvoidanceCollisionSystem_Appli.elf  "AvoidanceCollisionSystem_Appli.bin"
   text	   data	    bss	    dec	    hex	filename
  55388	     96	  37176	  92660	  169f4	AvoidanceCollisionSystem_Appli.elf
Finished building: default.size.stdout
 
Finished building: AvoidanceCollisionSystem_Appli.bin
 
Finished building: AvoidanceCollisionSystem_Appli.list
 
13:29:30 **** Incremental Build of configuration Debug for project AvoidanceCollisionSystem_Appli ****
make -j12 all 
arm-none-eabi-gcc "../Core/Src/main.c" -mcpu=cortex-m55 -std=gnu11 -g3 -DDEBUG -DUSE_HAL_DRIVER -DSTM32N657xx -c -I../Core/Inc -I../../Secure_nsclib -I../../Drivers/STM32N6xx_HAL_Driver/Inc -I../../Drivers/CMSIS/Device/ST/STM32N6xx/Include -I../../Drivers/STM32N6xx_HAL_Driver/Inc/Legacy -I../../Drivers/CMSIS/Include -I"C:/Users/gdnoriega/Documents/ACAS_Xu_WorkSpace/AvoidanceCollisionSystem/Appli/Drivers/adsb_driver" -O0 -ffunction-sections -fdata-sections -Wall -fstack-usage -fcyclomatic-complexity -mcmse -MMD -MP -MF"Core/Src/main.d" -MT"Core/Src/main.o" --specs=nano.specs -mfpu=fpv5-d16 -mfloat-abi=hard -mthumb -o "Core/Src/main.o"
../Core/Src/main.c: In function 'main':
../Core/Src/main.c:128:12: warning: unused variable 'OneAxisPosition' [-Wunused-variable]
  128 |   uint32_t OneAxisPosition = 0;
      |            ^~~~~~~~~~~~~~~
../Core/Src/main.c:127:11: warning: unused variable 'LatLongBit' [-Wunused-variable]
  127 |   uint8_t LatLongBit = -1;
      |           ^~~~~~~~~~
../Core/Src/main.c:126:12: warning: unused variable 'Heading' [-Wunused-variable]
  126 |   uint16_t Heading = 0;
      |            ^~~~~~~
../Core/Src/main.c:125:11: warning: unused variable 'SystemState' [-Wunused-variable]
  125 |   uint8_t SystemState = 0;
      |           ^~~~~~~~~~~
arm-none-eabi-gcc -o "AvoidanceCollisionSystem_Appli.elf" @"objects.list"   -mcpu=cortex-m55 -T"C:\Users\gdnoriega\Documents\ACAS_Xu_WorkSpace\AvoidanceCollisionSystem\Appli\STM32N657X0HXQ_LRUN.ld" --specs=nosys.specs -Wl,-Map="AvoidanceCollisionSystem_Appli.map" -Wl,--gc-sections -static -Wl,--cmse-implib -Wl,--out-implib=./secure_nsclib.o --specs=nano.specs -mfpu=fpv5-d16 -mfloat-abi=hard -mthumb -Wl,--start-group -lc -lm -Wl,--end-group
C:/ST/STM32CubeIDE_1.19.0/STM32CubeIDE/plugins/com.st.stm32cube.ide.mcu.externaltools.gnu-tools-for-stm32.14.3.rel1.win32_1.0.100.202602081740/tools/bin/../lib/gcc/arm-none-eabi/14.3.1/../../../../arm-none-eabi/bin/ld.exe: warning: AvoidanceCollisionSystem_Appli.elf has a LOAD segment with RWX permissions
Finished building target: AvoidanceCollisionSystem_Appli.elf
 
arm-none-eabi-size  AvoidanceCollisionSystem_Appli.elf 
arm-none-eabi-objdump -h -S AvoidanceCollisionSystem_Appli.elf  > "AvoidanceCollisionSystem_Appli.list"
arm-none-eabi-objcopy  -O binary AvoidanceCollisionSystem_Appli.elf  "AvoidanceCollisionSystem_Appli.bin"
   text	   data	    bss	    dec	    hex	filename
  55396	     96	  37176	  92668	  169fc	AvoidanceCollisionSystem_Appli.elf
Finished building: default.size.stdout
 
Finished building: AvoidanceCollisionSystem_Appli.bin
 
Finished building: AvoidanceCollisionSystem_Appli.list
 
13:35:21 **** Incremental Build of configuration Debug for project AvoidanceCollisionSystem_Appli ****
make -j12 all 
arm-none-eabi-gcc "../Core/Src/main.c" -mcpu=cortex-m55 -std=gnu11 -g3 -DDEBUG -DUSE_HAL_DRIVER -DSTM32N657xx -c -I../Core/Inc -I../../Secure_nsclib -I../../Drivers/STM32N6xx_HAL_Driver/Inc -I../../Drivers/CMSIS/Device/ST/STM32N6xx/Include -I../../Drivers/STM32N6xx_HAL_Driver/Inc/Legacy -I../../Drivers/CMSIS/Include -I"C:/Users/gdnoriega/Documents/ACAS_Xu_WorkSpace/AvoidanceCollisionSystem/Appli/Drivers/adsb_driver" -O0 -ffunction-sections -fdata-sections -Wall -fstack-usage -fcyclomatic-complexity -mcmse -MMD -MP -MF"Core/Src/main.d" -MT"Core/Src/main.o" --specs=nano.specs -mfpu=fpv5-d16 -mfloat-abi=hard -mthumb -o "Core/Src/main.o"
../Core/Src/main.c: In function 'main':
../Core/Src/main.c:128:12: warning: unused variable 'OneAxisPosition' [-Wunused-variable]
  128 |   uint32_t OneAxisPosition = 0;
      |            ^~~~~~~~~~~~~~~
../Core/Src/main.c:127:11: warning: unused variable 'LatLongBit' [-Wunused-variable]
  127 |   uint8_t LatLongBit = -1;
      |           ^~~~~~~~~~
../Core/Src/main.c:126:12: warning: unused variable 'Heading' [-Wunused-variable]
  126 |   uint16_t Heading = 0;
      |            ^~~~~~~
../Core/Src/main.c:125:11: warning: unused variable 'SystemState' [-Wunused-variable]
  125 |   uint8_t SystemState = 0;
      |           ^~~~~~~~~~~
arm-none-eabi-gcc -o "AvoidanceCollisionSystem_Appli.elf" @"objects.list"   -mcpu=cortex-m55 -T"C:\Users\gdnoriega\Documents\ACAS_Xu_WorkSpace\AvoidanceCollisionSystem\Appli\STM32N657X0HXQ_LRUN.ld" --specs=nosys.specs -Wl,-Map="AvoidanceCollisionSystem_Appli.map" -Wl,--gc-sections -static -Wl,--cmse-implib -Wl,--out-implib=./secure_nsclib.o --specs=nano.specs -mfpu=fpv5-d16 -mfloat-abi=hard -mthumb -Wl,--start-group -lc -lm -Wl,--end-group
C:/ST/STM32CubeIDE_1.19.0/STM32CubeIDE/plugins/com.st.stm32cube.ide.mcu.externaltools.gnu-tools-for-stm32.14.3.rel1.win32_1.0.100.202602081740/tools/bin/../lib/gcc/arm-none-eabi/14.3.1/../../../../arm-none-eabi/bin/ld.exe: warning: AvoidanceCollisionSystem_Appli.elf has a LOAD segment with RWX permissions
Finished building target: AvoidanceCollisionSystem_Appli.elf
 
arm-none-eabi-size  AvoidanceCollisionSystem_Appli.elf 
arm-none-eabi-objdump -h -S AvoidanceCollisionSystem_Appli.elf  > "AvoidanceCollisionSystem_Appli.list"
arm-none-eabi-objcopy  -O binary AvoidanceCollisionSystem_Appli.elf  "AvoidanceCollisionSystem_Appli.bin"
   text	   data	    bss	    dec	    hex	filename
  55476	     96	  37176	  92748	  16a4c	AvoidanceCollisionSystem_Appli.elf
Finished building: default.size.stdout
 
Finished building: AvoidanceCollisionSystem_Appli.bin
 
Finished building: AvoidanceCollisionSystem_Appli.list
 
13:37:45 **** Incremental Build of configuration Debug for project AvoidanceCollisionSystem_Appli ****
make -j12 all 
arm-none-eabi-size  AvoidanceCollisionSystem_Appli.elf 
   text	   data	    bss	    dec	    hex	filename
  55476	     96	  37176	  92748	  16a4c	AvoidanceCollisionSystem_Appli.elf
Finished building: default.size.stdout
 
13:43:15 **** Incremental Build of configuration Debug for project AvoidanceCollisionSystem_Appli ****
make -j12 all 
arm-none-eabi-gcc "../Core/Src/main.c" -mcpu=cortex-m55 -std=gnu11 -g3 -DDEBUG -DUSE_HAL_DRIVER -DSTM32N657xx -c -I../Core/Inc -I../../Secure_nsclib -I../../Drivers/STM32N6xx_HAL_Driver/Inc -I../../Drivers/CMSIS/Device/ST/STM32N6xx/Include -I../../Drivers/STM32N6xx_HAL_Driver/Inc/Legacy -I../../Drivers/CMSIS/Include -I"C:/Users/gdnoriega/Documents/ACAS_Xu_WorkSpace/AvoidanceCollisionSystem/Appli/Drivers/adsb_driver" -O0 -ffunction-sections -fdata-sections -Wall -fstack-usage -fcyclomatic-complexity -mcmse -MMD -MP -MF"Core/Src/main.d" -MT"Core/Src/main.o" --specs=nano.specs -mfpu=fpv5-d16 -mfloat-abi=hard -mthumb -o "Core/Src/main.o"
../Core/Src/main.c: In function 'main':
../Core/Src/main.c:128:12: warning: unused variable 'OneAxisPosition' [-Wunused-variable]
  128 |   uint32_t OneAxisPosition = 0;
      |            ^~~~~~~~~~~~~~~
../Core/Src/main.c:127:11: warning: unused variable 'LatLongBit' [-Wunused-variable]
  127 |   uint8_t LatLongBit = -1;
      |           ^~~~~~~~~~
../Core/Src/main.c:126:12: warning: unused variable 'Heading' [-Wunused-variable]
  126 |   uint16_t Heading = 0;
      |            ^~~~~~~
../Core/Src/main.c:125:11: warning: unused variable 'SystemState' [-Wunused-variable]
  125 |   uint8_t SystemState = 0;
      |           ^~~~~~~~~~~
arm-none-eabi-gcc -o "AvoidanceCollisionSystem_Appli.elf" @"objects.list"   -mcpu=cortex-m55 -T"C:\Users\gdnoriega\Documents\ACAS_Xu_WorkSpace\AvoidanceCollisionSystem\Appli\STM32N657X0HXQ_LRUN.ld" --specs=nosys.specs -Wl,-Map="AvoidanceCollisionSystem_Appli.map" -Wl,--gc-sections -static -Wl,--cmse-implib -Wl,--out-implib=./secure_nsclib.o --specs=nano.specs -mfpu=fpv5-d16 -mfloat-abi=hard -mthumb -Wl,--start-group -lc -lm -Wl,--end-group
C:/ST/STM32CubeIDE_1.19.0/STM32CubeIDE/plugins/com.st.stm32cube.ide.mcu.externaltools.gnu-tools-for-stm32.14.3.rel1.win32_1.0.100.202602081740/tools/bin/../lib/gcc/arm-none-eabi/14.3.1/../../../../arm-none-eabi/bin/ld.exe: warning: AvoidanceCollisionSystem_Appli.elf has a LOAD segment with RWX permissions
Finished building target: AvoidanceCollisionSystem_Appli.elf
 
arm-none-eabi-size  AvoidanceCollisionSystem_Appli.elf 
arm-none-eabi-objdump -h -S AvoidanceCollisionSystem_Appli.elf  > "AvoidanceCollisionSystem_Appli.list"
arm-none-eabi-objcopy  -O binary AvoidanceCollisionSystem_Appli.elf  "AvoidanceCollisionSystem_Appli.bin"
   text	   data	    bss	    dec	    hex	filename
  55492	     96	  37176	  92764	  16a5c	AvoidanceCollisionSystem_Appli.elf
Finished building: default.size.stdout
 
Finished building: AvoidanceCollisionSystem_Appli.bin
 
Finished building: AvoidanceCollisionSystem_Appli.list
 
13:47:41 **** Incremental Build of configuration Debug for project AvoidanceCollisionSystem_Appli ****
make -j12 all 
arm-none-eabi-gcc "../Core/Src/main.c" -mcpu=cortex-m55 -std=gnu11 -g3 -DDEBUG -DUSE_HAL_DRIVER -DSTM32N657xx -c -I../Core/Inc -I../../Secure_nsclib -I../../Drivers/STM32N6xx_HAL_Driver/Inc -I../../Drivers/CMSIS/Device/ST/STM32N6xx/Include -I../../Drivers/STM32N6xx_HAL_Driver/Inc/Legacy -I../../Drivers/CMSIS/Include -I"C:/Users/gdnoriega/Documents/ACAS_Xu_WorkSpace/AvoidanceCollisionSystem/Appli/Drivers/adsb_driver" -O0 -ffunction-sections -fdata-sections -Wall -fstack-usage -fcyclomatic-complexity -mcmse -MMD -MP -MF"Core/Src/main.d" -MT"Core/Src/main.o" --specs=nano.specs -mfpu=fpv5-d16 -mfloat-abi=hard -mthumb -o "Core/Src/main.o"
../Core/Src/main.c: In function 'main':
../Core/Src/main.c:129:12: warning: unused variable 'last_tick' [-Wunused-variable]
  129 |   uint32_t last_tick = 0;
      |            ^~~~~~~~~
[...]
  761 |         return TC23_Data;
      |                ^~~~~~~~~
../Drivers/adsb_driver/adsb_driver.c:762:1: warning: control reaches end of non-void function [-Wreturn-type]
  762 | }
      | ^
make: *** [Drivers/adsb_driver/subdir.mk:19: Drivers/adsb_driver/adsb_driver.o] Error 1
make: *** Waiting for unfinished jobs....
../Core/Src/main.c:51:1: warning: no semicolon at end of struct or union
   51 | } Position_t;
      | ^
../Core/Src/main.c: In function 'main':
../Core/Src/main.c:181:55: error: implicit declaration of function 'Position_FindOrCreate' [-Wimplicit-function-declaration]
  181 |                                     Position_t *pos = Position_FindOrCreate(tempFrame.ICAOAddress);
      |                                                       ^~~~~~~~~~~~~~~~~~~~~
../Core/Src/main.c:181:55: error: initialization of 'Position_t *' from 'int' makes pointer from integer without a cast [-Wint-conversion]
../Core/Src/main.c:182:54: error: 'return' with no value, in function returning non-void [-Wreturn-mismatch]
  182 |                                     if (pos == NULL) return; // sin espacio, o loguear error
      |                                                      ^~~~~~
../Core/Src/main.c:115:5: note: declared here
  115 | int main(void)
      |     ^~~~
../Core/Src/main.c:155:12: warning: unused variable 'OneAxisPosition' [-Wunused-variable]
  155 |   uint32_t OneAxisPosition = 0;
      |            ^~~~~~~~~~~~~~~
../Core/Src/main.c:154:11: warning: unused variable 'LatLongBit' [-Wunused-variable]
  154 |   uint8_t LatLongBit = -1;
      |           ^~~~~~~~~~
../Core/Src/main.c:153:12: warning: unused variable 'Heading' [-Wunused-variable]
  153 |   uint16_t Heading = 0;
      |            ^~~~~~~
../Core/Src/main.c:152:11: warning: unused variable 'SystemState' [-Wunused-variable]
  152 |   uint8_t SystemState = 0;
      |           ^~~~~~~~~~~
../Core/Src/main.c: At top level:
../Core/Src/main.c:556:13: error: conflicting types for 'Position_FindOrCreate'; have 'Position_t *(uint32_t)' {aka 'Position_t *(long unsigned int)'}
  556 | Position_t* Position_FindOrCreate(uint32_t icao)
      |             ^~~~~~~~~~~~~~~~~~~~~
../Core/Src/main.c:181:55: note: previous implicit declaration of 'Position_FindOrCreate' with type 'int()'
  181 |                                     Position_t *pos = Position_FindOrCreate(tempFrame.ICAOAddress);
      |                                                       ^~~~~~~~~~~~~~~~~~~~~
make: *** [Core/Src/subdir.mk:37: Core/Src/main.o] Error 1
"make -j12 all" terminated with exit code 2. Build might be incomplete.
16:43:24 **** Incremental Build of configuration Debug for project AvoidanceCollisionSystem_Appli ****
make -j12 all 
arm-none-eabi-gcc "../Drivers/adsb_driver/adsb_driver.c" -mcpu=cortex-m55 -std=gnu11 -g3 -DDEBUG -DUSE_HAL_DRIVER -DSTM32N657xx -c -I../Core/Inc -I../../Secure_nsclib -I../../Drivers/STM32N6xx_HAL_Driver/Inc -I../../Drivers/CMSIS/Device/ST/STM32N6xx/Include -I../../Drivers/STM32N6xx_HAL_Driver/Inc/Legacy -I../../Drivers/CMSIS/Include -I"C:/Users/gdnoriega/Documents/ACAS_Xu_WorkSpace/AvoidanceCollisionSystem/Appli/Drivers/adsb_driver" -O0 -ffunction-sections -fdata-sections -Wall -fstack-usage -fcyclomatic-complexity -mcmse -MMD -MP -MF"Drivers/adsb_driver/adsb_driver.d" -MT"Drivers/adsb_driver/adsb_driver.o" --specs=nano.specs -mfpu=fpv5-d16 -mfloat-abi=hard -mthumb -o "Drivers/adsb_driver/adsb_driver.o"
arm-none-eabi-gcc "../Core/Src/main.c" -mcpu=cortex-m55 -std=gnu11 -g3 -DDEBUG -DUSE_HAL_DRIVER -DSTM32N657xx -c -I../Core/Inc -I../../Secure_nsclib -I../../Drivers/STM32N6xx_HAL_Driver/Inc -I../../Drivers/CMSIS/Device/ST/STM32N6xx/Include -I../../Drivers/STM32N6xx_HAL_Driver/Inc/Legacy -I../../Drivers/CMSIS/Include -I"C:/Users/gdnoriega/Documents/ACAS_Xu_WorkSpace/AvoidanceCollisionSystem/Appli/Drivers/adsb_driver" -O0 -ffunction-sections -fdata-sections -Wall -fstack-usage -fcyclomatic-complexity -mcmse -MMD -MP -MF"Core/Src/main.d" -MT"Core/Src/main.o" --specs=nano.specs -mfpu=fpv5-d16 -mfloat-abi=hard -mthumb -o "Core/Src/main.o"
../Drivers/adsb_driver/adsb_driver.c: In function 'ADSB_RingBuffer_PushTC23Frame':
../Drivers/adsb_driver/adsb_driver.c:729:48: error: incompatible types when assigning to type 'ADSB_LocationByICAO' from type 'ADSB_TC23_MessageStruct'
  729 |         RingBuffer->buffer[RingBuffer->head] = TC23_Data;
      |                                                ^~~~~~~~~
../Drivers/adsb_driver/adsb_driver.c: In function 'ADSB_RingBuffer_PopTC23Frame':
../Drivers/adsb_driver/adsb_driver.c:755:24: error: incompatible types when returning type 'ADSB_TC23_MessageStruct' but 'ADSB_LocationByICAO' was expected
  755 |                 return TC23_Data;
      |                        ^~~~~~~~~
../Drivers/adsb_driver/adsb_driver.c:757:21: error: incompatible types when assigning to type 'ADSB_TC23_MessageStruct' from type 'ADSB_LocationByICAO'
  757 |         TC23_Data = RingBuffer->buffer[RingBuffer->tail];
      |                     ^~~~~~~~~~
../Drivers/adsb_driver/adsb_driver.c:761:16: error: incompatible types when returning type 'ADSB_TC23_MessageStruct' but 'ADSB_LocationByICAO' was expected
  761 |         return TC23_Data;
      |                ^~~~~~~~~
../Drivers/adsb_driver/adsb_driver.c:762:1: warning: control reaches end of non-void function [-Wreturn-type]
  762 | }
      | ^
make: *** [Drivers/adsb_driver/subdir.mk:19: Drivers/adsb_driver/adsb_driver.o] Error 1
make: *** Waiting for unfinished jobs....
../Core/Src/main.c:51:1: warning: no semicolon at end of struct or union
   51 | } Position_t;
      | ^
../Core/Src/main.c: In function 'main':
../Core/Src/main.c:156:12: warning: unused variable 'OneAxisPosition' [-Wunused-variable]
  156 |   uint32_t OneAxisPosition = 0;
      |            ^~~~~~~~~~~~~~~
../Core/Src/main.c:155:11: warning: unused variable 'LatLongBit' [-Wunused-variable]
  155 |   uint8_t LatLongBit = -1;
      |           ^~~~~~~~~~
../Core/Src/main.c:154:12: warning: unused variable 'Heading' [-Wunused-variable]
  154 |   uint16_t Heading = 0;
      |            ^~~~~~~
../Core/Src/main.c:153:11: warning: unused variable 'SystemState' [-Wunused-variable]
  153 |   uint8_t SystemState = 0;
      |           ^~~~~~~~~~~
"make -j12 all" terminated with exit code 2. Build might be incomplete.
16:43:41 **** Incremental Build of configuration Debug for project AvoidanceCollisionSystem_Appli ****
make -j12 all 
arm-none-eabi-gcc "../Drivers/adsb_driver/adsb_driver.c" -mcpu=cortex-m55 -std=gnu11 -g3 -DDEBUG -DUSE_HAL_DRIVER -DSTM32N657xx -c -I../Core/Inc -I../../Secure_nsclib -I../../Drivers/STM32N6xx_HAL_Driver/Inc -I../../Drivers/CMSIS/Device/ST/STM32N6xx/Include -I../../Drivers/STM32N6xx_HAL_Driver/Inc/Legacy -I../../Drivers/CMSIS/Include -I"C:/Users/gdnoriega/Documents/ACAS_Xu_WorkSpace/AvoidanceCollisionSystem/Appli/Drivers/adsb_driver" -O0 -ffunction-sections -fdata-sections -Wall -fstack-usage -fcyclomatic-complexity -mcmse -MMD -MP -MF"Drivers/adsb_driver/adsb_driver.d" -MT"Drivers/adsb_driver/adsb_driver.o" --specs=nano.specs -mfpu=fpv5-d16 -mfloat-abi=hard -mthumb -o "Drivers/adsb_driver/adsb_driver.o"
arm-none-eabi-gcc -o "AvoidanceCollisionSystem_Appli.elf" @"objects.list"   -mcpu=cortex-m55 -T"C:\Users\gdnoriega\Documents\ACAS_Xu_WorkSpace\AvoidanceCollisionSystem\Appli\STM32N657X0HXQ_LRUN.ld" --specs=nosys.specs -Wl,-Map="AvoidanceCollisionSystem_Appli.map" -Wl,--gc-sections -static -Wl,--cmse-implib -Wl,--out-implib=./secure_nsclib.o --specs=nano.specs -mfpu=fpv5-d16 -mfloat-abi=hard -mthumb -Wl,--start-group -lc -lm -Wl,--end-group
C:/ST/STM32CubeIDE_1.19.0/STM32CubeIDE/plugins/com.st.stm32cube.ide.mcu.externaltools.gnu-tools-for-stm32.14.3.rel1.win32_1.0.100.202602081740/tools/bin/../lib/gcc/arm-none-eabi/14.3.1/../../../../arm-none-eabi/bin/ld.exe: warning: AvoidanceCollisionSystem_Appli.elf has a LOAD segment with RWX permissions
Finished building target: AvoidanceCollisionSystem_Appli.elf
 
arm-none-eabi-size  AvoidanceCollisionSystem_Appli.elf 
arm-none-eabi-objdump -h -S AvoidanceCollisionSystem_Appli.elf  > "AvoidanceCollisionSystem_Appli.list"
arm-none-eabi-objcopy  -O binary AvoidanceCollisionSystem_Appli.elf  "AvoidanceCollisionSystem_Appli.bin"
   text	   data	    bss	    dec	    hex	filename
  58004	     96	  38072	  96172	  177ac	AvoidanceCollisionSystem_Appli.elf
Finished building: default.size.stdout
 
Finished building: AvoidanceCollisionSystem_Appli.bin
 
Finished building: AvoidanceCollisionSystem_Appli.list
 
16:52:42 **** Incremental Build of configuration Debug for project AvoidanceCollisionSystem_Appli ****
make -j12 all 
arm-none-eabi-gcc "../Core/Src/main.c" -mcpu=cortex-m55 -std=gnu11 -g3 -DDEBUG -DUSE_HAL_DRIVER -DSTM32N657xx -c -I../Core/Inc -I../../Secure_nsclib -I../../Drivers/STM32N6xx_HAL_Driver/Inc -I../../Drivers/CMSIS/Device/ST/STM32N6xx/Include -I../../Drivers/STM32N6xx_HAL_Driver/Inc/Legacy -I../../Drivers/CMSIS/Include -I"C:/Users/gdnoriega/Documents/ACAS_Xu_WorkSpace/AvoidanceCollisionSystem/Appli/Drivers/adsb_driver" -O0 -ffunction-sections -fdata-sections -Wall -fstack-usage -fcyclomatic-complexity -mcmse -MMD -MP -MF"Core/Src/main.d" -MT"Core/Src/main.o" --specs=nano.specs -mfpu=fpv5-d16 -mfloat-abi=hard -mthumb -o "Core/Src/main.o"
../Core/Src/main.c:51:1: warning: no semicolon at end of struct or union
   51 | } Position_t;
      | ^
../Core/Src/main.c: In function 'main':
../Core/Src/main.c:158:12: warning: unused variable 'OneAxisPosition' [-Wunused-variable]
  158 |   uint32_t OneAxisPosition = 0;
      |            ^~~~~~~~~~~~~~~
../Core/Src/main.c:157:11: warning: unused variable 'LatLongBit' [-Wunused-variable]
  157 |   uint8_t LatLongBit = -1;
      |           ^~~~~~~~~~
../Core/Src/main.c:156:12: warning: unused variable 'Heading' [-Wunused-variable]
  156 |   uint16_t Heading = 0;
      |            ^~~~~~~
../Core/Src/main.c:155:11: warning: unused variable 'SystemState' [-Wunused-variable]
  155 |   uint8_t SystemState = 0;
      |           ^~~~~~~~~~~
arm-none-eabi-gcc -o "AvoidanceCollisionSystem_Appli.elf" @"objects.list"   -mcpu=cortex-m55 -T"C:\Users\gdnoriega\Documents\ACAS_Xu_WorkSpace\AvoidanceCollisionSystem\Appli\STM32N657X0HXQ_LRUN.ld" --specs=nosys.specs -Wl,-Map="AvoidanceCollisionSystem_Appli.map" -Wl,--gc-sections -static -Wl,--cmse-implib -Wl,--out-implib=./secure_nsclib.o --specs=nano.specs -mfpu=fpv5-d16 -mfloat-abi=hard -mthumb -Wl,--start-group -lc -lm -Wl,--end-group
C:/ST/STM32CubeIDE_1.19.0/STM32CubeIDE/plugins/com.st.stm32cube.ide.mcu.externaltools.gnu-tools-for-stm32.14.3.rel1.win32_1.0.100.202602081740/tools/bin/../lib/gcc/arm-none-eabi/14.3.1/../../../../arm-none-eabi/bin/ld.exe: warning: AvoidanceCollisionSystem_Appli.elf has a LOAD segment with RWX permissions
Finished building target: AvoidanceCollisionSystem_Appli.elf
 
arm-none-eabi-size  AvoidanceCollisionSystem_Appli.elf 
arm-none-eabi-objdump -h -S AvoidanceCollisionSystem_Appli.elf  > "AvoidanceCollisionSystem_Appli.list"
arm-none-eabi-objcopy  -O binary AvoidanceCollisionSystem_Appli.elf  "AvoidanceCollisionSystem_Appli.bin"
   text	   data	    bss	    dec	    hex	filename
  58060	     96	  38072	  96228	  177e4	AvoidanceCollisionSystem_Appli.elf
Finished building: default.size.stdout
 
Finished building: AvoidanceCollisionSystem_Appli.bin
 
Finished building: AvoidanceCollisionSystem_Appli.list
 
17:06:06 **** Incremental Build of configuration Debug for project AvoidanceCollisionSystem_Appli ****
make -j12 all 
arm-none-eabi-gcc "../Drivers/adsb_driver/adsb_driver.c" -mcpu=cortex-m55 -std=gnu11 -g3 -DDEBUG -DUSE_HAL_DRIVER -DSTM32N657xx -c -I../Core/Inc -I../../Secure_nsclib -I../../Drivers/STM32N6xx_HAL_Driver/Inc -I../../Drivers/CMSIS/Device/ST/STM32N6xx/Include -I../../Drivers/STM32N6xx_HAL_Driver/Inc/Legacy -I../../Drivers/CMSIS/Include -I"C:/Users/gdnoriega/Documents/ACAS_Xu_WorkSpace/AvoidanceCollisionSystem/Appli/Drivers/adsb_driver" -O0 -ffunction-sections -fdata-sections -Wall -fstack-usage -fcyclomatic-complexity -mcmse -MMD -MP -MF"Drivers/adsb_driver/adsb_driver.d" -MT"Drivers/adsb_driver/adsb_driver.o" --specs=nano.specs -mfpu=fpv5-d16 -mfloat-abi=hard -mthumb -o "Drivers/adsb_driver/adsb_driver.o"
arm-none-eabi-gcc "../Core/Src/main.c" -mcpu=cortex-m55 -std=gnu11 -g3 -DDEBUG -DUSE_HAL_DRIVER -DSTM32N657xx -c -I../Core/Inc -I../../Secure_nsclib -I../../Drivers/STM32N6xx_HAL_Driver/Inc -I../../Drivers/CMSIS/Device/ST/STM32N6xx/Include -I../../Drivers/STM32N6xx_HAL_Driver/Inc/Legacy -I../../Drivers/CMSIS/Include -I"C:/Users/gdnoriega/Documents/ACAS_Xu_WorkSpace/AvoidanceCollisionSystem/Appli/Drivers/adsb_driver" -O0 -ffunction-sections -fdata-sections -Wall -fstack-usage -fcyclomatic-complexity -mcmse -MMD -MP -MF"Core/Src/main.d" -MT"Core/Src/main.o" --specs=nano.specs -mfpu=fpv5-d16 -mfloat-abi=hard -mthumb -o "Core/Src/main.o"
../Core/Src/main.c: In function 'main':
../Core/Src/main.c:232:99: error: 'Position_t' has no member named 'DownlinkFormat'
  232 |                                         frameOdd.DownlinkFormat  = frameEven.DownlinkFormat  = pos->DownlinkFormat;
      |                                                                                                   ^~
../Core/Src/main.c:233:99: error: 'Position_t' has no member named 'Capability'
  233 |                                         frameOdd.Capability      = frameEven.Capability      = pos->Capability;
      |                                                                                                   ^~
../Core/Src/main.c:174:12: warning: unused variable 'OneAxisPosition' [-Wunused-variable]
  174 |   uint32_t OneAxisPosition = 0;
      |            ^~~~~~~~~~~~~~~
../Core/Src/main.c:173:11: warning: unused variable 'LatLongBit' [-Wunused-variable]
  173 |   uint8_t LatLongBit = -1;
      |           ^~~~~~~~~~
../Core/Src/main.c:172:12: warning: unused variable 'Heading' [-Wunused-variable]
  172 |   uint16_t Heading = 0;
      |            ^~~~~~~
../Core/Src/main.c:171:11: warning: unused variable 'SystemState' [-Wunused-variable]
  171 |   uint8_t SystemState = 0;
      |           ^~~~~~~~~~~
../Core/Src/main.c: In function 'ADSB_PackCustomFrame':
../Core/Src/main.c:656:22: error: assignment of member 'ParityCRC' in read-only object
  656 |     frame->ParityCRC = ADSB_CalculateCRC24(payload, bitPos);
      |                      ^
make: *** [Core/Src/subdir.mk:37: Core/Src/main.o] Error 1
"make -j12 all" terminated with exit code 2. Build might be incomplete.
17:06:44 **** Incremental Build of configuration Debug for project AvoidanceCollisionSystem_Appli ****
make -j12 all 
arm-none-eabi-gcc "../Core/Src/main.c" -mcpu=cortex-m55 -std=gnu11 -g3 -DDEBUG -DUSE_HAL_DRIVER -DSTM32N657xx -c -I../Core/Inc -I../../Secure_nsclib -I../../Drivers/STM32N6xx_HAL_Driver/Inc -I../../Drivers/CMSIS/Device/ST/STM32N6xx/Include -I../../Drivers/STM32N6xx_HAL_Driver/Inc/Legacy -I../../Drivers/CMSIS/Include -I"C:/Users/gdnoriega/Documents/ACAS_Xu_WorkSpace/AvoidanceCollisionSystem/Appli/Drivers/adsb_driver" -O0 -ffunction-sections -fdata-sections -Wall -fstack-usage -fcyclomatic-complexity -mcmse -MMD -MP -MF"Core/Src/main.d" -MT"Core/Src/main.o" --specs=nano.specs -mfpu=fpv5-d16 -mfloat-abi=hard -mthumb -o "Core/Src/main.o"
../Core/Src/main.c: In function 'ADSB_PackCustomFrame':
../Core/Src/main.c:651:22: error: assignment of member 'ParityCRC' in read-only object
  651 |     frame->ParityCRC = ADSB_CalculateCRC24(payload, bitPos);
      |                      ^
make: *** [Core/Src/subdir.mk:37: Core/Src/main.o] Error 1
"make -j12 all" terminated with exit code 2. Build might be incomplete.
17:08:22 **** Incremental Build of configuration Debug for project AvoidanceCollisionSystem_Appli ****
make -j12 all 
arm-none-eabi-gcc "../Core/Src/main.c" -mcpu=cortex-m55 -std=gnu11 -g3 -DDEBUG -DUSE_HAL_DRIVER -DSTM32N657xx -c -I../Core/Inc -I../../Secure_nsclib -I../../Drivers/STM32N6xx_HAL_Driver/Inc -I../../Drivers/CMSIS/Device/ST/STM32N6xx/Include -I../../Drivers/STM32N6xx_HAL_Driver/Inc/Legacy -I../../Drivers/CMSIS/Include -I"C:/Users/gdnoriega/Documents/ACAS_Xu_WorkSpace/AvoidanceCollisionSystem/Appli/Drivers/adsb_driver" -O0 -ffunction-sections -fdata-sections -Wall -fstack-usage -fcyclomatic-complexity -mcmse -MMD -MP -MF"Core/Src/main.d" -MT"Core/Src/main.o" --specs=nano.specs -mfpu=fpv5-d16 -mfloat-abi=hard -mthumb -o "Core/Src/main.o"
arm-none-eabi-gcc -o "AvoidanceCollisionSystem_Appli.elf" @"objects.list"   -mcpu=cortex-m55 -T"C:\Users\gdnoriega\Documents\ACAS_Xu_WorkSpace\AvoidanceCollisionSystem\Appli\STM32N657X0HXQ_LRUN.ld" --specs=nosys.specs -Wl,-Map="AvoidanceCollisionSystem_Appli.map" -Wl,--gc-sections -static -Wl,--cmse-implib -Wl,--out-implib=./secure_nsclib.o --specs=nano.specs -mfpu=fpv5-d16 -mfloat-abi=hard -mthumb -Wl,--start-group -lc -lm -Wl,--end-group
C:/ST/STM32CubeIDE_1.19.0/STM32CubeIDE/plugins/com.st.stm32cube.ide.mcu.externaltools.gnu-tools-for-stm32.14.3.rel1.win32_1.0.100.202602081740/tools/bin/../lib/gcc/arm-none-eabi/14.3.1/../../../../arm-none-eabi/bin/ld.exe: warning: AvoidanceCollisionSystem_Appli.elf has a LOAD segment with RWX permissions
Finished building target: AvoidanceCollisionSystem_Appli.elf
 
arm-none-eabi-size  AvoidanceCollisionSystem_Appli.elf 
arm-none-eabi-objdump -h -S AvoidanceCollisionSystem_Appli.elf  > "AvoidanceCollisionSystem_Appli.list"
arm-none-eabi-objcopy  -O binary AvoidanceCollisionSystem_Appli.elf  "AvoidanceCollisionSystem_Appli.bin"
   text	   data	    bss	    dec	    hex	filename
  58812	     96	  38072	  96980	  17ad4	AvoidanceCollisionSystem_Appli.elf
Finished building: default.size.stdout
 
Finished building: AvoidanceCollisionSystem_Appli.bin
 
Finished building: AvoidanceCollisionSystem_Appli.list
 
17:08:53 **** Incremental Build of configuration Debug for project AvoidanceCollisionSystem_Appli ****
make -j12 all 
arm-none-eabi-gcc "../Core/Src/main.c" -mcpu=cortex-m55 -std=gnu11 -g3 -DDEBUG -DUSE_HAL_DRIVER -DSTM32N657xx -c -I../Core/Inc -I../../Secure_nsclib -I../../Drivers/STM32N6xx_HAL_Driver/Inc -I../../Drivers/CMSIS/Device/ST/STM32N6xx/Include -I../../Drivers/STM32N6xx_HAL_Driver/Inc/Legacy -I../../Drivers/CMSIS/Include -I"C:/Users/gdnoriega/Documents/ACAS_Xu_WorkSpace/AvoidanceCollisionSystem/Appli/Drivers/adsb_driver" -O0 -ffunction-sections -fdata-sections -Wall -fstack-usage -fcyclomatic-complexity -mcmse -MMD -MP -MF"Core/Src/main.d" -MT"Core/Src/main.o" --specs=nano.specs -mfpu=fpv5-d16 -mfloat-abi=hard -mthumb -o "Core/Src/main.o"
arm-none-eabi-gcc -o "AvoidanceCollisionSystem_Appli.elf" @"objects.list"   -mcpu=cortex-m55 -T"C:\Users\gdnoriega\Documents\ACAS_Xu_WorkSpace\AvoidanceCollisionSystem\Appli\STM32N657X0HXQ_LRUN.ld" --specs=nosys.specs -Wl,-Map="AvoidanceCollisionSystem_Appli.map" -Wl,--gc-sections -static -Wl,--cmse-implib -Wl,--out-implib=./secure_nsclib.o --specs=nano.specs -mfpu=fpv5-d16 -mfloat-abi=hard -mthumb -Wl,--start-group -lc -lm -Wl,--end-group
C:/ST/STM32CubeIDE_1.19.0/STM32CubeIDE/plugins/com.st.stm32cube.ide.mcu.externaltools.gnu-tools-for-stm32.14.3.rel1.win32_1.0.100.202602081740/tools/bin/../lib/gcc/arm-none-eabi/14.3.1/../../../../arm-none-eabi/bin/ld.exe: warning: AvoidanceCollisionSystem_Appli.elf has a LOAD segment with RWX permissions
Finished building target: AvoidanceCollisionSystem_Appli.elf
 
arm-none-eabi-size  AvoidanceCollisionSystem_Appli.elf 
arm-none-eabi-objdump -h -S AvoidanceCollisionSystem_Appli.elf  > "AvoidanceCollisionSystem_Appli.list"
arm-none-eabi-objcopy  -O binary AvoidanceCollisionSystem_Appli.elf  "AvoidanceCollisionSystem_Appli.bin"
   text	   data	    bss	    dec	    hex	filename
  58820	     96	  38072	  96988	  17adc	AvoidanceCollisionSystem_Appli.elf
Finished building: default.size.stdout
 
Finished building: AvoidanceCollisionSystem_Appli.bin
 
Finished building: AvoidanceCollisionSystem_Appli.list
 
