../Drivers/adsb_driver/adsb_driver.c:186:6:ADSB_RingBuffer_Init	24	static
../Drivers/adsb_driver/adsb_driver.c:210:6:DF_RingBuffer_Init	24	static
../Drivers/adsb_driver/adsb_driver.c:233:6:CPR_RingBuffer_Init	24	static
../Drivers/adsb_driver/adsb_driver.c:253:6:ADSB_CPR_RingBuffers_Init	8	static
../Drivers/adsb_driver/adsb_driver.c:271:9:ascii_to_hex	16	static
../Drivers/adsb_driver/adsb_driver.c:291:9:hex_to_ascii	16	static
../Drivers/adsb_driver/adsb_driver.c:311:10:Binary2Gray	16	static
../Drivers/adsb_driver/adsb_driver.c:330:8:ADSB_Power	40	static
../Drivers/adsb_driver/adsb_driver.c:354:6:ADSB_Init_LUT_NL	24	static
../Drivers/adsb_driver/adsb_driver.c:374:6:ADSB_RingBuffers_Init	8	static
../Drivers/adsb_driver/adsb_driver.c:392:20:ADSB_GetFlagStatus	4	static
../Drivers/adsb_driver/adsb_driver.c:410:9:ADSB_KeepLooking	8	static
../Drivers/adsb_driver/adsb_driver.c:434:6:ADSB_RingBuff_FlagSet	16	static
../Drivers/adsb_driver/adsb_driver.c:451:6:ADSB_RingBuff_FlagUnSet	16	static
../Drivers/adsb_driver/adsb_driver.c:468:11:ADSB_GetRGBUFF_Address	4	static
../Drivers/adsb_driver/adsb_driver.c:484:10:ADSB_GetRGBUFF_Size	4	static
../Drivers/adsb_driver/adsb_driver.c:500:6:ADSB_FrameRingBuffer_SetFlag	16	static
../Drivers/adsb_driver/adsb_driver.c:517:6:ADSB_FrameRingBuffer_UnsetFlag	16	static
../Drivers/adsb_driver/adsb_driver.c:535:6:ADSB_MovFwd	16	static
../Drivers/adsb_driver/adsb_driver.c:562:9:ADSB_validateDF	24	static
../Drivers/adsb_driver/adsb_driver.c:583:6:ADSB_RingBuffer_Push	16	static
../Drivers/adsb_driver/adsb_driver.c:605:9:ADSB_RingBuffer_Pop	24	static
../Drivers/adsb_driver/adsb_driver.c:629:6:ADSB_RingBuffer_PushFrame	24	static
../Drivers/adsb_driver/adsb_driver.c:652:18:ADSB_RingBuffer_PopFrame	56	static
../Drivers/adsb_driver/adsb_driver.c:679:6:ADSB_RingBuffer_PushCPRFrame	24	static
../Drivers/adsb_driver/adsb_driver.c:701:21:ADSB_RingBuffer_PopCPRFrame	48	static
../Drivers/adsb_driver/adsb_driver.c:725:18:ADSB_FindValidFrame	32	static
../Drivers/adsb_driver/adsb_driver.c:756:9:ADSB_Get_Instant_DF	24	static
../Drivers/adsb_driver/adsb_driver.c:770:9:ADSB_Get_Instant_CA	24	static
../Drivers/adsb_driver/adsb_driver.c:784:10:ADSB_Get_Instant_ICAOAdd	24	static
../Drivers/adsb_driver/adsb_driver.c:804:9:ADSB_Get_Instant_TC	24	static
../Drivers/adsb_driver/adsb_driver.c:819:10:ADSB_Get_Instant_ME	48	static
../Drivers/adsb_driver/adsb_driver.c:839:10:ADSB_Get_Instant_PI	24	static
../Drivers/adsb_driver/adsb_driver.c:859:6:ADSB_Read_HalfBuffer	80	static
../Drivers/adsb_driver/adsb_driver.c:890:18:ADSB_DecodeFrame	112	static
../Drivers/adsb_driver/adsb_driver.c:939:21:ADSB_CPR_Look4Odd	48	static
../Drivers/adsb_driver/adsb_driver.c:971:21:ADSB_CPR_Look4Even	48	static
../Drivers/adsb_driver/adsb_driver.c:1003:5:ADSB_floor	24	static
../Drivers/adsb_driver/adsb_driver.c:1025:5:ADSB_mod	24	static
../Drivers/adsb_driver/adsb_driver.c:1045:5:ADSB_NL	16	static
../Drivers/adsb_driver/adsb_driver.c:1071:5:ADSB_max	16	static
../Drivers/adsb_driver/adsb_driver.c:1100:6:ADSB_CPR_DecodeLocation_GlobalUnambiguousPosMethod	112	static
../Drivers/adsb_driver/adsb_driver.c:1159:9:ADSB_CPR_DecodeLocationByICAO	40	static
../Drivers/adsb_driver/adsb_driver.c:1205:18:ADSB_GetCPR_Flag	24	static
../Drivers/adsb_driver/adsb_driver.c:1224:9:ADSB_ParseMessage_AirId_GetCategory	32	static
../Drivers/adsb_driver/adsb_driver.c:1243:6:ADSB_ParseMessage_AirId_GetCallsign	40	static
../Drivers/adsb_driver/adsb_driver.c:1267:9:ADSB_ParseMessage_AirId_GetWakeVortex	32	static
../Drivers/adsb_driver/adsb_driver.c:1340:9:ADSB_ParseMessage_GndPos_GetGndSpeed	32	static
../Drivers/adsb_driver/adsb_driver.c:1417:9:ADSB_ParseMessage_GndPos_GetStatTRK	32	static
../Drivers/adsb_driver/adsb_driver.c:1435:9:ADSB_ParseMessage_GndPos_GetTRK	40	static
../Drivers/adsb_driver/adsb_driver.c:1461:9:ADSB_ParseMessage_GndPos_GetTime	32	static
../Drivers/adsb_driver/adsb_driver.c:1479:9:ADSB_ParseMessage_GetEvenOddF	24	static
../Drivers/adsb_driver/adsb_driver.c:1497:10:ADSB_ParseMessage_GetLAT	24	static
../Drivers/adsb_driver/adsb_driver.c:1515:10:ADSB_ParseMessage_GetLON	24	static
../Drivers/adsb_driver/adsb_driver.c:1533:9:ADSB_ParseMessage_AirPos_GetSS	32	static
../Drivers/adsb_driver/adsb_driver.c:1551:9:ADSB_ParseMessage_AirPos_GetSAF	32	static
../Drivers/adsb_driver/adsb_driver.c:1569:10:ADSB_ParseMessage_AirPos_GetALT_Bar	40	static
../Drivers/adsb_driver/adsb_driver.c:1592:10:ADSB_ParseMessage_AirPos_GetALT_GNSS	32	static
../Drivers/adsb_driver/adsb_driver.c:1610:9:ADSB_ParseMessage_AirPos_GetTime	32	static
../Drivers/adsb_driver/adsb_driver.c:1628:9:ADSB_ParseMessage_AirVel_GetST	32	static
../Drivers/adsb_driver/adsb_driver.c:1646:9:ADSB_ParseMessage_AirVel_GetIC	32	static
../Drivers/adsb_driver/adsb_driver.c:1664:9:ADSB_ParseMessage_AirVel_GetIFR	32	static
../Drivers/adsb_driver/adsb_driver.c:1682:9:ADSB_ParseMessage_AirVel_GetNUC	32	static
../Drivers/adsb_driver/adsb_driver.c:1700:9:ADSB_ParseMessage_AirVel_GetDew	32	static
../Drivers/adsb_driver/adsb_driver.c:1719:10:ADSB_ParseMessage_AirVel_GetVew	40	static
../Drivers/adsb_driver/adsb_driver.c:1740:9:ADSB_ParseMessage_AirVel_GetDns	32	static
../Drivers/adsb_driver/adsb_driver.c:1759:10:ADSB_ParseMessage_AirVel_GetVns	40	static
../Drivers/adsb_driver/adsb_driver.c:1780:9:ADSB_ParseMessage_AirVel_GetSH	32	static
../Drivers/adsb_driver/adsb_driver.c:1798:10:ADSB_ParseMessage_AirVel_GetHDG	32	static
../Drivers/adsb_driver/adsb_driver.c:1817:9:ADSB_ParseMessage_AirVel_GetType	32	static
../Drivers/adsb_driver/adsb_driver.c:1836:10:ADSB_ParseMessage_AirVel_GetAS	40	static
../Drivers/adsb_driver/adsb_driver.c:1857:9:ADSB_ParseMessage_AirVel_GetVrSrc	32	static
../Drivers/adsb_driver/adsb_driver.c:1875:9:ADSB_ParseMessage_AirVel_GetSvr	32	static
../Drivers/adsb_driver/adsb_driver.c:1893:10:ADSB_ParseMessage_AirVel_GetVR	32	static
../Drivers/adsb_driver/adsb_driver.c:1913:9:ADSB_ParseMessage_AirVel_GetSDif	32	static
../Drivers/adsb_driver/adsb_driver.c:1931:9:ADSB_ParseMessage_AirVel_GetdAlt	32	static
../Drivers/adsb_driver/adsb_driver.c:1949:9:ADSB_ParseMessage_AirStatus_GetST	32	static
../Drivers/adsb_driver/adsb_driver.c:1967:9:ADSB_ParseMessage_AirStatus_GetEmergency	32	static
../Drivers/adsb_driver/adsb_driver.c:1985:10:ADSB_ParseMessage_AirStatus_GetACAS	24	static
../Drivers/adsb_driver/adsb_driver.c:2003:9:ADSB_ParseMessage_TargetSS_GetST	32	static
../Drivers/adsb_driver/adsb_driver.c:2021:9:ADSB_ParseMessage_TargetSS_GetAutopilot	32	static
../Drivers/adsb_driver/adsb_driver.c:2039:9:ADSB_ParseMessage_TargetSS_GetVNAV	32	static
../Drivers/adsb_driver/adsb_driver.c:2057:9:ADSB_ParseMessage_TargetSS_GetAltFlg	32	static
../Drivers/adsb_driver/adsb_driver.c:2075:9:ADSB_ParseMessage_TargetSS_GetApproach	32	static
../Drivers/adsb_driver/adsb_driver.c:2093:10:ADSB_ParseMessage_TargetSS_GetAltSelect	32	static
../Drivers/adsb_driver/adsb_driver.c:2111:10:ADSB_ParseMessage_TargetSS_GetTrackSelect	32	static
../Drivers/adsb_driver/adsb_driver.c:2129:9:ADSB_ParseMessage_AirOpStat_GetST	32	static
../Drivers/adsb_driver/adsb_driver.c:2147:9:ADSB_ParseMessage_AirOpStat_GetCC4	32	static
../Drivers/adsb_driver/adsb_driver.c:2165:9:ADSB_ParseMessage_AirOpStat_GetCC3	32	static
../Drivers/adsb_driver/adsb_driver.c:2183:9:ADSB_ParseMessage_AirOpStat_GetCC2	32	static
../Drivers/adsb_driver/adsb_driver.c:2201:9:ADSB_ParseMessage_AirOpStat_GetCC1	32	static
../Drivers/adsb_driver/adsb_driver.c:2219:9:ADSB_ParseMessage_AirOpStat_GetOM4	32	static
../Drivers/adsb_driver/adsb_driver.c:2237:9:ADSB_ParseMessage_AirOpStat_GetOM3	32	static
../Drivers/adsb_driver/adsb_driver.c:2255:9:ADSB_ParseMessage_AirOpStat_GetOM2	32	static
../Drivers/adsb_driver/adsb_driver.c:2273:9:ADSB_ParseMessage_AirOpStat_GetOM1	32	static
../Drivers/adsb_driver/adsb_driver.c:2291:18:ADSB_Read_DownlinkFormatBuffer	88	static
../Drivers/adsb_driver/adsb_driver.c:2310:10:ADSB_CalculateCRC24	40	static
